<?xml version="1.0" encoding="UTF-8" ?>
<!DOCTYPE html PUBLIC "-//W3C//DTD XHTML 1.0 Strict//EN" "http://www.w3.org/TR/xhtml1/DTD/xhtml1-strict.dtd">
<html xmlns="http://www.w3.org/1999/xhtml">
<head>
<meta http-equiv="Content-Type" content="application/xml+xhtml; charset=UTF-8" />
<title>Dell Precision M6600 (Sandy Bridge)</title>
</head>
<body style="color:white; background-color:black">
<pre>
[    0.000000] microcode: microcode updated early to revision 0x2f, date = 2019-02-17
[    0.000000] Linux version 5.13.7-dragon-sandybridge (root@wip) (Ubuntu clang version 13.0.0-++20210601083514+da5924132771-1~exp1~20210601184258.440, LLD 13.0.0) #202106020001 DRAGON SMP Wed Jun 2 07:14:53 UTC 2021
[    0.000000] Command line: BOOT_IMAGE=/boot/vmlinuz-5.13.7-dragon-sandybridge root=/dev/sda3 ro amdgpu.si_support=0 amdgpu.cik_support=1 amdgpu.vm_fragment_size=9 amdgpu.ppfeaturemask=0 clocksource=hpet trace_clock=global modprobe.blacklist=radeon,lpc_ich crashkernel=auto log_buf_len=4M randomize_kstack_offset=1 rootfstype=xfs rootflags=discard root=/dev/sda3 noresume systemd.gpt_auto=0 net.ifnames=0 biosdevname=0 mds=full ipv6.disable=1 iommu=force intel_iommu=on spectre_v2_user_ibpb_mode=enter randomize_vmalloc=1 memory_hotplug.memmap_on_memory=on
[    0.000000] KERNEL supported cpus:
[    0.000000]   Intel GenuineIntel
[    0.000000]   AMD AuthenticAMD
[    0.000000]   Hygon HygonGenuine
[    0.000000]   Centaur CentaurHauls
[    0.000000]   zhaoxin   Shanghai  
[    0.000000] x86/fpu: Supporting XSAVE feature 0x001: 'x87 floating point registers'
[    0.000000] x86/fpu: Supporting XSAVE feature 0x002: 'SSE registers'
[    0.000000] x86/fpu: Supporting XSAVE feature 0x004: 'AVX registers'
[    0.000000] x86/fpu: xstate_offset[2]:  576, xstate_sizes[2]:  256
[    0.000000] x86/fpu: Enabled xstate features 0x7, context size is 832 bytes, using 'standard' format.
[    0.000000] signal: max sigframe size: 1776
[    0.000000] BIOS-provided physical RAM map:
[    0.000000] BIOS-e820: [mem 0x0000000000000000-0x000000000009ffff] usable
[    0.000000] BIOS-e820: [mem 0x0000000000100000-0x00000000cee22fff] usable
[    0.000000] BIOS-e820: [mem 0x00000000cee23000-0x00000000cee66fff] reserved
[    0.000000] BIOS-e820: [mem 0x00000000cee67000-0x00000000cf152fff] usable
[    0.000000] BIOS-e820: [mem 0x00000000cf153000-0x00000000cf1e6fff] reserved
[    0.000000] BIOS-e820: [mem 0x00000000cf1e7000-0x00000000cf3e6fff] ACPI NVS
[    0.000000] BIOS-e820: [mem 0x00000000cf3e7000-0x00000000cf3fefff] ACPI data
[    0.000000] BIOS-e820: [mem 0x00000000cf3ff000-0x00000000cf3fffff] usable
[    0.000000] BIOS-e820: [mem 0x00000000fed1c000-0x00000000fed1ffff] reserved
[    0.000000] BIOS-e820: [mem 0x00000000ffc00000-0x00000000ffc1ffff] reserved
[    0.000000] BIOS-e820: [mem 0x0000000100000000-0x000000042dffffff] usable
[    0.000000] NX (Execute Disable) protection: active
[    0.000000] e820: update [mem 0xcbcb8018-0xcbcd6e57] usable ==> usable
[    0.000000] e820: update [mem 0xcbcb8018-0xcbcd6e57] usable ==> usable
[    0.000000] extended physical RAM map:
[    0.000000] reserve setup_data: [mem 0x0000000000000000-0x000000000009ffff] usable
[    0.000000] reserve setup_data: [mem 0x0000000000100000-0x00000000cbcb8017] usable
[    0.000000] reserve setup_data: [mem 0x00000000cbcb8018-0x00000000cbcd6e57] usable
[    0.000000] reserve setup_data: [mem 0x00000000cbcd6e58-0x00000000cee22fff] usable
[    0.000000] reserve setup_data: [mem 0x00000000cee23000-0x00000000cee66fff] reserved
[    0.000000] reserve setup_data: [mem 0x00000000cee67000-0x00000000cf152fff] usable
[    0.000000] reserve setup_data: [mem 0x00000000cf153000-0x00000000cf1e6fff] reserved
[    0.000000] reserve setup_data: [mem 0x00000000cf1e7000-0x00000000cf3e6fff] ACPI NVS
[    0.000000] reserve setup_data: [mem 0x00000000cf3e7000-0x00000000cf3fefff] ACPI data
[    0.000000] reserve setup_data: [mem 0x00000000cf3ff000-0x00000000cf3fffff] usable
[    0.000000] reserve setup_data: [mem 0x00000000fed1c000-0x00000000fed1ffff] reserved
[    0.000000] reserve setup_data: [mem 0x00000000ffc00000-0x00000000ffc1ffff] reserved
[    0.000000] reserve setup_data: [mem 0x0000000100000000-0x000000042dffffff] usable
[    0.000000] efi: EFI v2.00 by American Megatrends
[    0.000000] efi: ACPI 2.0=0xcf3fef98 SMBIOS=0xcf1a8f18 
[    0.000000] SMBIOS 2.6 present.
[    0.000000] DMI: Dell Inc. Precision M6600/04YY4M, BIOS A18 09/14/2018
[    0.000000] tsc: Fast TSC calibration using PIT
[    0.000000] tsc: Detected 2494.482 MHz processor
[    0.000710] e820: update [mem 0x00000000-0x00000fff] usable ==> reserved
[    0.000713] e820: remove [mem 0x000a0000-0x000fffff] usable
[    0.000719] last_pfn = 0x42e000 max_arch_pfn = 0x400000000
[    0.001569] x86/PAT: Configuration [0-7]: WB  WC  UC- UC  WB  WP  UC- WT  
[    0.002656] total RAM covered: 16348M
[    0.002974] Found optimal setting for mtrr clean up
[    0.002975]  gran_size: 64K 	chunk_size: 64M 	num_reg: 9  	lose cover RAM: 0G
[    0.003998] e820: update [mem 0xcf400000-0xcf7fffff] usable ==> reserved
[    0.004004] e820: update [mem 0xd0000000-0xffffffff] usable ==> reserved
[    0.004008] last_pfn = 0xcf400 max_arch_pfn = 0x400000000
[    0.005811] found SMP MP-table at [mem 0x000f1bc0-0x000f1bcf]
[    0.005843] kexec: Reserving the low 1M of memory for crashkernel
[    0.009782] printk: log_buf_len: 4194304 bytes
[    0.009787] printk: early log buf free: 257520(98%)
[    0.009789] Secure boot disabled
[    0.009792] ACPI: Early table checksum verification disabled
[    0.009797] ACPI: RSDP 0x00000000CF3FEF98 000024 (v02 DELL  )
[    0.009803] ACPI: XSDT 0x00000000CF3FDE18 000084 (v01 DELL   CBX3     06222004 MSFT 00010013)
[    0.009809] ACPI: FACP 0x00000000CF377D98 0000F4 (v04 DELL   CBX3     06222004 MSFT 00010013)
[    0.009816] ACPI: DSDT 0x00000000CF344018 008A43 (v02 INT430 SYSFexxx 00001001 INTL 20090903)
[    0.009821] ACPI: FACS 0x00000000CF3D4E40 000040
[    0.009824] ACPI: FACS 0x00000000CF3D4D40 000040
[    0.009827] ACPI: APIC 0x00000000CF3FCF18 0000CC (v02 DELL   CBX3     06222004 MSFT 00010013)
[    0.009831] ACPI: TCPA 0x00000000CF3D5D18 000032 (v02                 00000000      00000000)
[    0.009835] ACPI: SSDT 0x00000000CF378A98 0002F9 (v01 DELLTP TPM      00003000 INTL 20090903)
[    0.009838] ACPI: MCFG 0x00000000CF3D5C98 00003C (v01 DELL   SNDYBRDG 06222004 MSFT 00000097)
[    0.009842] ACPI: HPET 0x00000000CF3D5C18 000038 (v01 A M I   PCHHPET 06222004 AMI. 00000003)
[    0.009846] ACPI: BOOT 0x00000000CF3D5B98 000028 (v01 DELL   CBX3     06222004 AMI  00010013)
[    0.009850] ACPI: SSDT 0x00000000CF35B018 000804 (v01 PmRef  Cpu0Ist  00003000 INTL 20090903)
[    0.009853] ACPI: SSDT 0x00000000CF35A018 000996 (v01 PmRef  CpuPm    00003000 INTL 20090903)
[    0.009857] ACPI: DMAR 0x00000000CF3D4A18 0000B0 (v01 INTEL  SNB      00000001 INTL 00000001)
[    0.009861] ACPI: SLIC 0x00000000CF364C18 000176 (v03 DELL   CBX3     06222004 MSFT 00010013)
[    0.009864] ACPI: SSDT 0x00000000CF363818 000798 (v01 AmdRef AmdTabl  00001000 INTL 20090903)
[    0.009867] ACPI: Reserving FACP table memory at [mem 0xcf377d98-0xcf377e8b]
[    0.009870] ACPI: Reserving DSDT table memory at [mem 0xcf344018-0xcf34ca5a]
[    0.009872] ACPI: Reserving FACS table memory at [mem 0xcf3d4e40-0xcf3d4e7f]
[    0.009873] ACPI: Reserving FACS table memory at [mem 0xcf3d4d40-0xcf3d4d7f]
[    0.009875] ACPI: Reserving APIC table memory at [mem 0xcf3fcf18-0xcf3fcfe3]
[    0.009876] ACPI: Reserving TCPA table memory at [mem 0xcf3d5d18-0xcf3d5d49]
[    0.009878] ACPI: Reserving SSDT table memory at [mem 0xcf378a98-0xcf378d90]
[    0.009879] ACPI: Reserving MCFG table memory at [mem 0xcf3d5c98-0xcf3d5cd3]
[    0.009880] ACPI: Reserving HPET table memory at [mem 0xcf3d5c18-0xcf3d5c4f]
[    0.009882] ACPI: Reserving BOOT table memory at [mem 0xcf3d5b98-0xcf3d5bbf]
[    0.009883] ACPI: Reserving SSDT table memory at [mem 0xcf35b018-0xcf35b81b]
[    0.009884] ACPI: Reserving SSDT table memory at [mem 0xcf35a018-0xcf35a9ad]
[    0.009886] ACPI: Reserving DMAR table memory at [mem 0xcf3d4a18-0xcf3d4ac7]
[    0.009887] ACPI: Reserving SLIC table memory at [mem 0xcf364c18-0xcf364d8d]
[    0.009889] ACPI: Reserving SSDT table memory at [mem 0xcf363818-0xcf363faf]
[    0.009960] No NUMA configuration found
[    0.009961] Faking a node at [mem 0x0000000000000000-0x000000042dffffff]
[    0.009972] NODE_DATA(0) allocated [mem 0x42cdc9000-0x42cdf3fff]
[    0.010263] cma: Reserved 1636 MiB at 0x0000000100000000
[    0.010270] crashkernel: memory value expected
[    0.010298] Zone ranges:
[    0.010300]   DMA      [mem 0x0000000000001000-0x0000000000ffffff]
[    0.010303]   DMA32    [mem 0x0000000001000000-0x00000000ffffffff]
[    0.010305]   Normal   [mem 0x0000000100000000-0x000000042dffffff]
[    0.010307]   Device   empty
[    0.010308] Movable zone start for each node
[    0.010310] Early memory node ranges
[    0.010311]   node   0: [mem 0x0000000000001000-0x000000000009ffff]
[    0.010313]   node   0: [mem 0x0000000000100000-0x00000000cee22fff]
[    0.010315]   node   0: [mem 0x00000000cee67000-0x00000000cf152fff]
[    0.010317]   node   0: [mem 0x00000000cf3ff000-0x00000000cf3fffff]
[    0.010318]   node   0: [mem 0x0000000100000000-0x000000042dffffff]
[    0.010321] Initmem setup node 0 [mem 0x0000000000001000-0x000000042dffffff]
[    0.010654]   DMA zone: 28769 pages in unavailable ranges
[    0.019091]   DMA32 zone: 3824 pages in unavailable ranges
[    0.052382]   Normal zone: 8192 pages in unavailable ranges
[    0.052597] ACPI: PM-Timer IO Port: 0x408
[    0.052614] IOAPIC[0]: apic_id 2, version 32, address 0xfec00000, GSI 0-23
[    0.052618] ACPI: INT_SRC_OVR (bus 0 bus_irq 0 global_irq 2 dfl dfl)
[    0.052620] ACPI: INT_SRC_OVR (bus 0 bus_irq 9 global_irq 9 high level)
[    0.052624] ACPI: Using ACPI (MADT) for SMP configuration information
[    0.052626] ACPI: HPET id: 0x8086a701 base: 0xfed00000
[    0.052632] TSC deadline timer available
[    0.052633] smpboot: Allowing 16 CPUs, 8 hotplug CPUs
[    0.052647] PM: hibernation: Registered nosave memory: [mem 0x00000000-0x00000fff]
[    0.052650] PM: hibernation: Registered nosave memory: [mem 0x000a0000-0x000fffff]
[    0.052652] PM: hibernation: Registered nosave memory: [mem 0xcbcb8000-0xcbcb8fff]
[    0.052654] PM: hibernation: Registered nosave memory: [mem 0xcbcd6000-0xcbcd6fff]
[    0.052656] PM: hibernation: Registered nosave memory: [mem 0xcee23000-0xcee66fff]
[    0.052658] PM: hibernation: Registered nosave memory: [mem 0xcf153000-0xcf1e6fff]
[    0.052660] PM: hibernation: Registered nosave memory: [mem 0xcf1e7000-0xcf3e6fff]
[    0.052661] PM: hibernation: Registered nosave memory: [mem 0xcf3e7000-0xcf3fefff]
[    0.052663] PM: hibernation: Registered nosave memory: [mem 0xcf400000-0xfed1bfff]
[    0.052664] PM: hibernation: Registered nosave memory: [mem 0xfed1c000-0xfed1ffff]
[    0.052665] PM: hibernation: Registered nosave memory: [mem 0xfed20000-0xffbfffff]
[    0.052666] PM: hibernation: Registered nosave memory: [mem 0xffc00000-0xffc1ffff]
[    0.052668] PM: hibernation: Registered nosave memory: [mem 0xffc20000-0xffffffff]
[    0.052670] [mem 0xcf400000-0xfed1bfff] available for PCI devices
[    0.052674] clocksource: refined-jiffies: mask: 0xffffffff max_cycles: 0xffffffff, max_idle_ns: 2548493796700712 ns
[    0.062571] setup_percpu: NR_CPUS:8192 nr_cpumask_bits:16 nr_cpu_ids:16 nr_node_ids:1
[    0.063367] percpu: Embedded 56 pages/cpu s192512 r8192 d28672 u262144
[    0.063376] pcpu-alloc: s192512 r8192 d28672 u262144 alloc=1*2097152
[    0.063379] pcpu-alloc: [0] 00 01 02 03 04 05 06 07 [0] 08 09 10 11 12 13 14 15 
[    0.063409] Built 1 zonelists, mobility grouping on.  Total pages: 4116683
[    0.063411] Policy zone: Normal
[    0.063414] Kernel command line: BOOT_IMAGE=/boot/vmlinuz-5.13.7-dragon-sandybridge root=/dev/sda3 ro amdgpu.si_support=0 amdgpu.cik_support=1 amdgpu.vm_fragment_size=9 amdgpu.ppfeaturemask=0 clocksource=hpet trace_clock=global modprobe.blacklist=radeon,lpc_ich crashkernel=auto log_buf_len=4M randomize_kstack_offset=1 rootfstype=xfs rootflags=discard root=/dev/sda3 noresume systemd.gpt_auto=0 net.ifnames=0 biosdevname=0 mds=full ipv6.disable=1 iommu=force intel_iommu=on spectre_v2_user_ibpb_mode=enter randomize_vmalloc=1 memory_hotplug.memmap_on_memory=on
[    0.063612] DMAR: IOMMU enabled
[    0.063635] Dragon Kernel version info: This internal testing release Dragon Team. Public distribution prohibited!
[    0.063637] Project URL & support on Dragon Kernel: https://dragon-kernel.site, E-Mail: wip.kernel@gmail.com
[    0.065431] Dentry cache hash table entries: 2097152 (order: 12, 16777216 bytes, linear)
[    0.066368] Inode-cache hash table entries: 1048576 (order: 11, 8388608 bytes, linear)
[    0.066998] mem auto-init: stack:all(zero), heap alloc:on, heap free:on
[    0.067000] mem auto-init: clearing system memory may take some time...
[    1.779502] Memory: 14542452K/16728764K available (22547K kernel code, 3842K rwdata, 6800K rodata, 2568K init, 7728K bss, 510788K reserved, 1675264K cma-reserved)
[    1.779521] lrng_drng: ChaCha20 core initialized with first seeding
[    1.779674] SLUB: HWalign=64, Order=0-3, MinObjects=0, CPUs=16, Nodes=1
[    1.779686] Kernel/User page tables isolation: enabled
[    1.779705] ftrace: allocating 58145 entries in 228 pages
[    1.790584] ftrace: allocated 228 pages with 4 groups
[    1.790696] rcu: Hierarchical RCU implementation.
[    1.790698] rcu: 	RCU restricting CPUs from NR_CPUS=8192 to nr_cpu_ids=16.
[    1.790700] 	Trampoline variant of Tasks RCU enabled.
[    1.790701] 	Rude variant of Tasks RCU enabled.
[    1.790702] 	Tracing variant of Tasks RCU enabled.
[    1.790703] rcu: RCU calculated value of scheduler-enlistment delay is 75 jiffies.
[    1.790704] rcu: Adjusting geometry for rcu_fanout_leaf=16, nr_cpu_ids=16
[    1.794174] NR_IRQS: 524544, nr_irqs: 552, preallocated irqs: 16
[    1.794539] kfence: initialized - using 4202496 bytes for 512 objects at 0x(____ptrval____)-0x(____ptrval____)
[    1.794589] Console: colour dummy device 80x25
[    1.794845] printk: console [tty0] enabled
[    1.794866] ACPI: Core revision 20210331
[    1.794970] clocksource: hpet: mask: 0xffffffff max_cycles: 0xffffffff, max_idle_ns: 133484882848 ns
[    1.794987] APIC: Switch to symmetric I/O mode setup
[    1.794991] DMAR: Host address width 36
[    1.794993] DMAR: DRHD base: 0x000000fed91000 flags: 0x1
[    1.794999] DMAR: dmar0: reg_base_addr fed91000 ver 1:0 cap c9008020660262 ecap f0105a
[    1.795004] DMAR: RMRR base: 0x000000cf1c6000 end: 0x000000cf1d5fff
[    1.795009] DMAR-IR: IOAPIC id 2 under DRHD base  0xfed91000 IOMMU 0
[    1.795012] DMAR-IR: HPET id 0 under DRHD base 0xfed91000
[    1.795014] DMAR-IR: Queued invalidation will be enabled to support x2apic and Intr-remapping.
[    1.795097] DMAR-IR: Enabled IRQ remapping in x2apic mode
[    1.795100] x2apic enabled
[    1.795108] Switched APIC routing to cluster x2apic.
[    1.795534] ..TIMER: vector=0x30 apic1=0 pin1=2 apic2=-1 pin2=-1
[    1.801653] clocksource: tsc-early: mask: 0xffffffffffffffff max_cycles: 0x23f4dd49dac, max_idle_ns: 440795256526 ns
[    1.801664] Calibrating delay loop (skipped), value calculated using timer frequency.. 4993.29 BogoMIPS (lpj=3325976)
[    1.801669] pid_max: default: 32768 minimum: 301
[    1.812365] LSM: Security Framework initializing
[    1.812395] Smack:  Initializing.
[    1.812397] Smack:  Netfilter enabled.
[    1.812399] Smack:  IPv6 Netfilter enabled.
[    1.812430] Mount-cache hash table entries: 32768 (order: 6, 262144 bytes, linear)
[    1.812435] Mountpoint-cache hash table entries: 32768 (order: 6, 262144 bytes, linear)
[    1.812707] CPU0: Thermal monitoring enabled (TM1)
[    1.812732] process: using mwait in idle threads
[    1.812735] Last level iTLB entries: 4KB 512, 2MB 8, 4MB 8
[    1.812738] Last level dTLB entries: 4KB 512, 2MB 32, 4MB 32, 1GB 0
[    1.812749] Spectre V1 : Mitigation: usercopy/swapgs barriers and __user pointer sanitization
[    1.812756] Spectre V2 : Mitigation: Full generic retpoline
[    1.812758] Spectre V2 : Spectre v2 / SpectreRSB mitigation: Filling RSB on context switch
[    1.812761] Spectre V2 : Enabling Restricted Speculation for firmware calls
[    1.812765] Spectre V2 : mitigation: Enabling conditional Indirect Branch Prediction Barrier
[    1.812771] Spectre V2 : User space: Mitigation: STIBP via seccomp and prctl
[    1.812776] Speculative Store Bypass: Mitigation: Speculative Store Bypass disabled via prctl and seccomp
[    1.812782] MDS: Mitigation: Clear CPU buffers
[    1.815284] Freeing SMP alternatives memory: 60K
[    1.816276] smpboot: Estimated ratio of average max frequency by base frequency (times 1024): 1310
[    1.816288] smpboot: CPU0: Intel(R) Core(TM) i7-2920XM CPU @ 2.50GHz (family: 0x6, model: 0x2a, stepping: 0x7)
[    1.816326] Performance Events: PEBS fmt1+, SandyBridge events, 16-deep LBR, full-width counters, Intel PMU driver.
[    1.816326] ... version:                3
[    1.816326] ... bit width:              48
[    1.816326] ... generic registers:      4
[    1.816326] ... value mask:             0000ffffffffffff
[    1.816326] ... max period:             00007fffffffffff
[    1.816326] ... fixed-purpose events:   3
[    1.816326] ... event mask:             000000070000000f
[    1.816326] rcu: Hierarchical SRCU implementation.
[    1.816668] NMI watchdog: Enabled. Permanently consumes one hw-PMU counter.
[    1.816796] smp: Bringing up secondary CPUs ...
[    1.816885] x86: Booting SMP configuration:
[    1.816888] .... node  #0, CPUs:  #1  #2  #3  #4  #5  #6  #7
[    1.828378] smp: Brought up 1 node, 8 CPUs
[    1.828378] smpboot: Max logical packages: 2
[    1.828378] smpboot: Total of 8 processors activated (39951.34 BogoMIPS)
[    1.830483] devtmpfs: initialized
[    1.830483] x86/mm: Memory block size: 128MB
[    1.831998] PM: Registering ACPI NVS region [mem 0xcf1e7000-0xcf3e6fff] (2097152 bytes)
[    1.831998] reboot: Dell Precision M6600 series board detected. Selecting PCI-method for reboots.
[    1.831998] clocksource: jiffies: mask: 0xffffffff max_cycles: 0xffffffff, max_idle_ns: 2548346626961994 ns
[    1.831998] futex hash table entries: 4096 (order: 6, 262144 bytes, linear)
[    1.975387] pinctrl core: initialized pinctrl subsystem
[    1.975531] PM: RTC time: 07:32:42, date: 2021-06-02
[    1.975699] NET: Registered protocol family 16
[    1.975869] DMA: preallocated 2048 KiB GFP_KERNEL pool for atomic allocations
[    1.975869] DMA: preallocated 2048 KiB GFP_KERNEL|GFP_DMA pool for atomic allocations
[    1.975869] DMA: preallocated 2048 KiB GFP_KERNEL|GFP_DMA32 pool for atomic allocations
[    1.975869] audit: initializing netlink subsys (disabled)
[    1.975869] audit: type=2000 audit(1622619161.179:1): state=initialized audit_enabled=0 res=1
[    1.975869] thermal_sys: Registered thermal governor 'fair_share'
[    1.975869] thermal_sys: Registered thermal governor 'bang_bang'
[    1.975869] thermal_sys: Registered thermal governor 'step_wise'
[    1.975869] thermal_sys: Registered thermal governor 'user_space'
[    1.975869] thermal_sys: Registered thermal governor 'power_allocator'
[    1.975869] cpuidle: using governor ladder
[    1.975869] cpuidle: using governor menu
[    1.975869] Simple Boot Flag at 0xf3 set to 0x80
[    1.975869] ACPI FADT declares the system doesn't support PCIe ASPM, so disable it
[    1.975869] ACPI: bus type PCI registered
[    1.975869] acpiphp: ACPI Hot Plug PCI Controller Driver version: 0.5
[    1.975869] PCI: MMCONFIG for domain 0000 [bus 00-3f] at [mem 0xf8000000-0xfbffffff] (base 0xf8000000)
[    1.975869] PCI: not using MMCONFIG
[    1.975869] PCI: Using configuration type 1 for base access
[    1.975869] core: PMU erratum BJ122, BV98, HSD29 worked around, HT is on
[    1.976333] ENERGY_PERF_BIAS: Set to 'normal', was 'performance'
[    2.009159] Kprobes globally optimized
[    2.009689] HugeTLB registered 2.00 MiB page size, pre-allocated 0 pages
[    2.032350] raid6: sse2x4   gen() 10536 MB/s
[    2.055019] raid6: sse2x4   xor()  6519 MB/s
[    2.077691] raid6: sse2x2   gen() 11732 MB/s
[    2.100364] raid6: sse2x2   xor()  6897 MB/s
[    2.123036] raid6: sse2x1   gen() 10157 MB/s
[    2.145708] raid6: sse2x1   xor()  5791 MB/s
[    2.145710] raid6: using algorithm sse2x2 gen() 11732 MB/s
[    2.145713] raid6: .... xor() 6897 MB/s, rmw enabled
[    2.145715] raid6: using ssse3x2 recovery algorithm
[    2.145812] ACPI: Added _OSI(Module Device)
[    2.145816] ACPI: Added _OSI(Processor Device)
[    2.145818] ACPI: Added _OSI(3.0 _SCP Extensions)
[    2.145820] ACPI: Added _OSI(Processor Aggregator Device)
[    2.145823] ACPI: Added _OSI(Linux-Dell-Video)
[    2.145825] ACPI: Added _OSI(Linux-Lenovo-NV-HDMI-Audio)
[    2.145828] ACPI: Added _OSI(Linux-HPI-Hybrid-Graphics)
[    2.155106] ACPI: 5 ACPI AML tables successfully acquired and loaded
[    2.156224] ACPI: [Firmware Bug]: BIOS _OSI(Linux) query ignored
[    2.159537] ACPI: Dynamic OEM Table Load:
[    2.159547] ACPI: SSDT 0xFFFF995FE76CE800 000727 (v01 PmRef  Cpu0Cst  00003001 INTL 20090903)
[    2.160423] ACPI: Dynamic OEM Table Load:
[    2.160432] ACPI: SSDT 0xFFFF995FE7275000 000303 (v01 PmRef  ApIst    00003000 INTL 20090903)
[    2.161066] ACPI: Dynamic OEM Table Load:
[    2.161073] ACPI: SSDT 0xFFFF995FE75A2200 000119 (v01 PmRef  ApCst    00003000 INTL 20090903)
[    2.163585] ACPI: EC: EC started
[    2.163588] ACPI: EC: interrupt blocked
[    2.164878] ACPI: EC: EC_CMD/EC_SC=0x934, EC_DATA=0x930
[    2.164883] ACPI: \_SB_.PCI0.LPCB.ECDV: Boot DSDT EC used to handle transactions
[    2.164887] ACPI: Interpreter enabled
[    2.164913] ACPI: (supports S0 S3 S4 S5)
[    2.164916] ACPI: Using IOAPIC for interrupt routing
[    2.164948] PCI: MMCONFIG for domain 0000 [bus 00-3f] at [mem 0xf8000000-0xfbffffff] (base 0xf8000000)
[    2.165546] PCI: MMCONFIG at [mem 0xf8000000-0xfbffffff] reserved in ACPI motherboard resources
[    2.165560] PCI: Using host bridge windows from ACPI; if necessary, use "pci=nocrs" and report a bug
[    2.165804] ACPI: Enabled 5 GPEs in block 00 to 3F
[    2.180262] ACPI: PCI Root Bridge [PCI0] (domain 0000 [bus 00-3e])
[    2.180272] acpi PNP0A08:00: _OSC: OS supports [ExtendedConfig ASPM ClockPM Segments MSI EDR HPX-Type3]
[    2.180336] acpi PNP0A08:00: _OSC: platform retains control of PCIe features (AE_ERROR)
[    2.180752] acpi PNP0A08:00: Fix up PCI start address: cf400000 -> d0000
[    2.180991] PCI host bridge to bus 0000:00
[    2.180994] pci_bus 0000:00: root bus resource [io  0x0000-0x0cf7 window]
[    2.180999] pci_bus 0000:00: root bus resource [io  0x0d00-0xffff window]
[    2.181002] pci_bus 0000:00: root bus resource [mem 0x000a0000-0x000bffff window]
[    2.181006] pci_bus 0000:00: root bus resource [mem 0x000d0000-0x000d3fff window]
[    2.181010] pci_bus 0000:00: root bus resource [mem 0x000d4000-0x000d7fff window]
[    2.181013] pci_bus 0000:00: root bus resource [mem 0x000d8000-0x000dbfff window]
[    2.181017] pci_bus 0000:00: root bus resource [mem 0x000dc000-0x000dffff window]
[    2.181020] pci_bus 0000:00: root bus resource [mem 0xd0000000-0xfeafffff window]
[    2.181024] pci_bus 0000:00: root bus resource [mem 0xfed40000-0xfed44fff window]
[    2.181028] pci_bus 0000:00: root bus resource [bus 00-3e]
[    2.181043] pci 0000:00:00.0: [8086:0104] type 00 class 0x060000
[    2.181152] pci 0000:00:01.0: [8086:0101] type 01 class 0x060400
[    2.181192] pci 0000:00:01.0: PME# supported from D0 D3hot D3cold
[    2.181352] pci 0000:00:16.0: [8086:1c3a] type 00 class 0x078000
[    2.181376] pci 0000:00:16.0: reg 0x10: [mem 0xe42b0000-0xe42b000f 64bit]
[    2.181454] pci 0000:00:16.0: PME# supported from D0 D3hot D3cold
[    2.181551] pci 0000:00:16.3: [8086:1c3d] type 00 class 0x070002
[    2.181567] pci 0000:00:16.3: reg 0x10: [io  0x80a0-0x80a7]
[    2.181577] pci 0000:00:16.3: reg 0x14: [mem 0xe4290000-0xe4290fff]
[    2.181732] pci 0000:00:19.0: [8086:1502] type 00 class 0x020000
[    2.181749] pci 0000:00:19.0: reg 0x10: [mem 0xe4200000-0xe421ffff]
[    2.181759] pci 0000:00:19.0: reg 0x14: [mem 0xe4280000-0xe4280fff]
[    2.181770] pci 0000:00:19.0: reg 0x18: [io  0x8040-0x805f]
[    2.181833] pci 0000:00:19.0: PME# supported from D0 D3hot D3cold
[    2.181957] pci 0000:00:1a.0: [8086:1c2d] type 00 class 0x0c0320
[    2.181975] pci 0000:00:1a.0: reg 0x10: [mem 0xe4270000-0xe42703ff]
[    2.182063] pci 0000:00:1a.0: PME# supported from D0 D3hot D3cold
[    2.182187] pci 0000:00:1b.0: [8086:1c20] type 00 class 0x040300
[    2.182207] pci 0000:00:1b.0: reg 0x10: [mem 0xe4260000-0xe4263fff 64bit]
[    2.182289] pci 0000:00:1b.0: PME# supported from D0 D3hot D3cold
[    2.182417] pci 0000:00:1c.0: [8086:1c10] type 01 class 0x060400
[    2.182510] pci 0000:00:1c.0: PME# supported from D0 D3hot D3cold
[    2.182538] pci 0000:00:1c.0: Enabling MPC IRBNCE
[    2.182543] pci 0000:00:1c.0: Intel PCH root port ACS workaround enabled
[    2.182676] pci 0000:00:1c.1: [8086:1c12] type 01 class 0x060400
[    2.182770] pci 0000:00:1c.1: PME# supported from D0 D3hot D3cold
[    2.182797] pci 0000:00:1c.1: Enabling MPC IRBNCE
[    2.182801] pci 0000:00:1c.1: Intel PCH root port ACS workaround enabled
[    2.182929] pci 0000:00:1c.2: [8086:1c14] type 01 class 0x060400
[    2.183026] pci 0000:00:1c.2: PME# supported from D0 D3hot D3cold
[    2.183052] pci 0000:00:1c.2: Enabling MPC IRBNCE
[    2.183056] pci 0000:00:1c.2: Intel PCH root port ACS workaround enabled
[    2.183177] pci 0000:00:1c.3: [8086:1c16] type 01 class 0x060400
[    2.183271] pci 0000:00:1c.3: PME# supported from D0 D3hot D3cold
[    2.183295] pci 0000:00:1c.3: Enabling MPC IRBNCE
[    2.183300] pci 0000:00:1c.3: Intel PCH root port ACS workaround enabled
[    2.183435] pci 0000:00:1c.7: [8086:1c1e] type 01 class 0x060400
[    2.183534] pci 0000:00:1c.7: PME# supported from D0 D3hot D3cold
[    2.183561] pci 0000:00:1c.7: Enabling MPC IRBNCE
[    2.183565] pci 0000:00:1c.7: Intel PCH root port ACS workaround enabled
[    2.183685] pci 0000:00:1d.0: [8086:1c26] type 00 class 0x0c0320
[    2.183704] pci 0000:00:1d.0: reg 0x10: [mem 0xe4250000-0xe42503ff]
[    2.183791] pci 0000:00:1d.0: PME# supported from D0 D3hot D3cold
[    2.183915] pci 0000:00:1f.0: [8086:1c4f] type 00 class 0x060100
[    2.184134] pci 0000:00:1f.2: [8086:1c03] type 00 class 0x010601
[    2.184149] pci 0000:00:1f.2: reg 0x10: [io  0x8090-0x8097]
[    2.184159] pci 0000:00:1f.2: reg 0x14: [io  0x8080-0x8083]
[    2.184168] pci 0000:00:1f.2: reg 0x18: [io  0x8070-0x8077]
[    2.184178] pci 0000:00:1f.2: reg 0x1c: [io  0x8060-0x8063]
[    2.184187] pci 0000:00:1f.2: reg 0x20: [io  0x8020-0x803f]
[    2.184197] pci 0000:00:1f.2: reg 0x24: [mem 0xe4240000-0xe42407ff]
[    2.184241] pci 0000:00:1f.2: PME# supported from D3hot
[    2.184358] pci 0000:00:1f.3: [8086:1c22] type 00 class 0x0c0500
[    2.184378] pci 0000:00:1f.3: reg 0x10: [mem 0xe4230000-0xe42300ff 64bit]
[    2.184401] pci 0000:00:1f.3: reg 0x20: [io  0x8000-0x801f]
[    2.184583] pci 0000:01:00.0: [1002:6640] type 00 class 0x030000
[    2.184608] pci 0000:01:00.0: reg 0x10: [mem 0xd0000000-0xdfffffff 64bit pref]
[    2.184626] pci 0000:01:00.0: reg 0x18: [mem 0xe0000000-0xe07fffff 64bit pref]
[    2.184638] pci 0000:01:00.0: reg 0x20: [io  0x7000-0x70ff]
[    2.184650] pci 0000:01:00.0: reg 0x24: [mem 0xe4100000-0xe413ffff]
[    2.184662] pci 0000:01:00.0: reg 0x30: [mem 0xe4140000-0xe415ffff pref]
[    2.184672] pci 0000:01:00.0: enabling Extended Tags
[    2.184690] pci 0000:01:00.0: BAR 0: assigned to efifb
[    2.184750] pci 0000:01:00.0: supports D1 D2
[    2.184753] pci 0000:01:00.0: PME# supported from D1 D2 D3hot
[    2.184798] pci 0000:01:00.0: 64.000 Gb/s available PCIe bandwidth, limited by 5.0 GT/s PCIe x16 link at 0000:00:01.0 (capable of 126.016 Gb/s with 8.0 GT/s PCIe x16 link)
[    2.184897] pci 0000:01:00.1: [1002:aac0] type 00 class 0x040300
[    2.184919] pci 0000:01:00.1: reg 0x10: [mem 0xe4160000-0xe4163fff 64bit]
[    2.184960] pci 0000:01:00.1: enabling Extended Tags
[    2.185024] pci 0000:01:00.1: supports D1 D2
[    2.185111] pci 0000:00:01.0: PCI bridge to [bus 01]
[    2.185115] pci 0000:00:01.0:   bridge window [io  0x7000-0x7fff]
[    2.185119] pci 0000:00:01.0:   bridge window [mem 0xe4100000-0xe41fffff]
[    2.185124] pci 0000:00:01.0:   bridge window [mem 0xd0000000-0xe07fffff 64bit pref]
[    2.185179] pci 0000:00:1c.0: PCI bridge to [bus 02]
[    2.185291] pci 0000:03:00.0: [8086:422b] type 00 class 0x028000
[    2.185340] pci 0000:03:00.0: reg 0x10: [mem 0xe4000000-0xe4001fff 64bit]
[    2.185558] pci 0000:03:00.0: PME# supported from D0 D3hot D3cold
[    2.185740] pci 0000:00:1c.1: PCI bridge to [bus 03]
[    2.185749] pci 0000:00:1c.1:   bridge window [mem 0xe4000000-0xe40fffff]
[    2.185810] pci 0000:00:1c.2: PCI bridge to [bus 04-09]
[    2.185816] pci 0000:00:1c.2:   bridge window [io  0x6000-0x6fff]
[    2.185822] pci 0000:00:1c.2:   bridge window [mem 0xe3500000-0xe3efffff]
[    2.185829] pci 0000:00:1c.2:   bridge window [mem 0xe1a00000-0xe23fffff 64bit pref]
[    2.185935] pci 0000:0a:00.0: [1033:0194] type 00 class 0x0c0330
[    2.185977] pci 0000:0a:00.0: reg 0x10: [mem 0xe3f00000-0xe3f01fff 64bit]
[    2.186195] pci 0000:0a:00.0: PME# supported from D0 D3hot D3cold
[    2.186392] pci 0000:00:1c.3: PCI bridge to [bus 0a]
[    2.186400] pci 0000:00:1c.3:   bridge window [mem 0xe3f00000-0xe3ffffff]
[    2.186509] pci 0000:0b:00.0: [1217:11f7] type 00 class 0x0c0010
[    2.186549] pci 0000:0b:00.0: reg 0x10: [mem 0xe2430000-0xe2430fff]
[    2.186793] pci 0000:0b:00.0: supports D1 D2
[    2.186796] pci 0000:0b:00.0: PME# supported from D0 D1 D2 D3hot D3cold
[    2.187002] pci 0000:0b:00.1: [1217:8320] type 00 class 0x080501
[    2.187041] pci 0000:0b:00.1: reg 0x10: [mem 0xe2420000-0xe24201ff]
[    2.187283] pci 0000:0b:00.1: supports D1 D2
[    2.187285] pci 0000:0b:00.1: PME# supported from D0 D1 D2 D3hot D3cold
[    2.187453] pci 0000:0b:00.2: [1217:8330] type 00 class 0x018000
[    2.187499] pci 0000:0b:00.2: reg 0x10: [mem 0xe2410000-0xe24103ff]
[    2.187548] pci 0000:0b:00.2: reg 0x18: [mem 0xe2400000-0xe24003ff]
[    2.187783] pci 0000:0b:00.2: supports D1 D2
[    2.187786] pci 0000:0b:00.2: PME# supported from D0 D1 D2 D3hot D3cold
[    2.191080] pci 0000:00:1c.7: PCI bridge to [bus 0b-12]
[    2.191087] pci 0000:00:1c.7:   bridge window [io  0x2000-0x5fff]
[    2.191092] pci 0000:00:1c.7:   bridge window [mem 0xe2400000-0xe34fffff]
[    2.191101] pci 0000:00:1c.7:   bridge window [mem 0xe0900000-0xe19fffff 64bit pref]
[    2.191138] pci 0000:00:01.0: Max Payload Size set to  128/ 128 (was  128), Max Read Rq  128
[    2.191156] pci 0000:01:00.0: Max Payload Size set to  128/ 256 (was  128), Max Read Rq  128
[    2.191173] pci 0000:01:00.1: Max Payload Size set to  128/ 256 (was  128), Max Read Rq  128
[    2.191184] pci 0000:00:1c.0: Max Payload Size set to  128/ 128 (was  128), Max Read Rq  128
[    2.191196] pci 0000:00:1c.1: Max Payload Size set to  128/ 128 (was  128), Max Read Rq  128
[    2.191222] pci 0000:03:00.0: Max Payload Size set to  128/ 128 (was  128), Max Read Rq  128
[    2.191234] pci 0000:00:1c.2: Max Payload Size set to  128/ 128 (was  128), Max Read Rq  128
[    2.191245] pci 0000:00:1c.3: Max Payload Size set to  128/ 128 (was  128), Max Read Rq  128
[    2.191275] pci 0000:0a:00.0: Max Payload Size set to  128/ 128 (was  128), Max Read Rq  128
[    2.191286] pci 0000:00:1c.7: Max Payload Size set to  128/ 128 (was  128), Max Read Rq  128
[    2.191324] pci 0000:0b:00.0: Max Payload Size set to  128/ 128 (was  128), Max Read Rq  128
[    2.191362] pci 0000:0b:00.1: Max Payload Size set to  128/ 128 (was  128), Max Read Rq  128
[    2.191398] pci 0000:0b:00.2: Max Payload Size set to  128/ 128 (was  128), Max Read Rq  128
[    2.192940] ACPI: PCI: Interrupt link LNKA configured for IRQ 11
[    2.193020] ACPI: PCI: Interrupt link LNKB configured for IRQ 10
[    2.193097] ACPI: PCI: Interrupt link LNKC configured for IRQ 11
[    2.193174] ACPI: PCI: Interrupt link LNKD configured for IRQ 10
[    2.193251] ACPI: PCI: Interrupt link LNKE configured for IRQ 5
[    2.193327] ACPI: PCI: Interrupt link LNKF configured for IRQ 0
[    2.193330] ACPI: PCI: Interrupt link LNKF disabled
[    2.193406] ACPI: PCI: Interrupt link LNKG configured for IRQ 3
[    2.193482] ACPI: PCI: Interrupt link LNKH configured for IRQ 0
[    2.193485] ACPI: PCI: Interrupt link LNKH disabled
[    2.195342] ACPI: EC: interrupt unblocked
[    2.195346] ACPI: EC: event unblocked
[    2.195353] ACPI: EC: EC_CMD/EC_SC=0x934, EC_DATA=0x930
[    2.195355] ACPI: EC: GPE=0x10
[    2.195358] ACPI: \_SB_.PCI0.LPCB.ECDV: Boot DSDT EC initialization complete
[    2.195362] ACPI: \_SB_.PCI0.LPCB.ECDV: EC: Used to handle transactions and events
[    2.195421] iommu: Default domain type: Translated 
[    2.195441] pci 0000:01:00.0: vgaarb: setting as boot VGA device
[    2.195441] pci 0000:01:00.0: vgaarb: VGA device added: decodes=io+mem,owns=io+mem,locks=none
[    2.195441] pci 0000:01:00.0: vgaarb: bridge control possible
[    2.195441] vgaarb: loaded
[    2.195441] SCSI subsystem initialized
[    2.195441] libata version 3.00 loaded.
[    2.195441] ACPI: bus type USB registered
[    2.195441] usbcore: registered new interface driver usbfs
[    2.195441] usbcore: registered new interface driver hub
[    2.195441] usbcore: registered new device driver usb
[    2.195441] pps_core: LinuxPPS API ver. 1 registered
[    2.195441] pps_core: Software ver. 5.3.6 - Copyright 2005-2007 Rodolfo Giometti <giometti@linux.it>
[    2.195441] PTP clock support registered
[    2.195441] EDAC MC: Ver: 3.0.0
[    2.195441] Registered efivars operations
[    2.195441] Advanced Linux Sound Architecture Driver Initialized.
[    2.195441] NetLabel: Initializing
[    2.195441] NetLabel:  domain hash size = 128
[    2.195441] NetLabel:  protocols = UNLABELED CIPSOv4 CALIPSO
[    2.195441] NetLabel:  unlabeled traffic allowed by default
[    2.195441] PCI: Using ACPI for IRQ routing
[    2.198260] PCI: pci_cache_line_size set to 64 bytes
[    2.198344] e820: reserve RAM buffer [mem 0xcbcb8018-0xcbffffff]
[    2.198347] e820: reserve RAM buffer [mem 0xcee23000-0xcfffffff]
[    2.198348] e820: reserve RAM buffer [mem 0xcf153000-0xcfffffff]
[    2.198350] e820: reserve RAM buffer [mem 0xcf400000-0xcfffffff]
[    2.198351] e820: reserve RAM buffer [mem 0x42e000000-0x42fffffff]
[    2.198355] hpet0: at MMIO 0xfed00000, IRQs 2, 8, 0, 0, 0, 0, 0, 0
[    2.198355] hpet0: 8 comparators, 64-bit 14.318180 MHz counter
[    2.200328] clocksource: Switched to clocksource hpet
[    2.215005] VFS: Disk quotas dquot_6.6.0
[    2.215033] VFS: Dquot-cache hash table entries: 512 (order 0, 4096 bytes)
[    2.215103] pnp: PnP ACPI init
[    2.215322] system 00:00: [mem 0xfed00000-0xfed003ff] has been reserved
[    2.215387] system 00:01: [io  0x0680-0x069f] has been reserved
[    2.215392] system 00:01: [io  0x1000-0x100f] has been reserved
[    2.215396] system 00:01: [io  0xffff] has been reserved
[    2.215400] system 00:01: [io  0xffff] has been reserved
[    2.215403] system 00:01: [io  0x0400-0x047f] has been reserved
[    2.215406] system 00:01: [io  0x0500-0x057f] has been reserved
[    2.215410] system 00:01: [io  0x164e-0x164f] has been reserved
[    2.216820] system 00:07: [mem 0xfed1c000-0xfed1ffff] has been reserved
[    2.216826] system 00:07: [mem 0xfed10000-0xfed17fff] has been reserved
[    2.216830] system 00:07: [mem 0xfed18000-0xfed18fff] has been reserved
[    2.216833] system 00:07: [mem 0xfed19000-0xfed19fff] has been reserved
[    2.216837] system 00:07: [mem 0xf8000000-0xfbffffff] has been reserved
[    2.216840] system 00:07: [mem 0xfed20000-0xfed3ffff] has been reserved
[    2.216844] system 00:07: [mem 0xfed90000-0xfed93fff] could not be reserved
[    2.216848] system 00:07: [mem 0xfed45000-0xfed8ffff] has been reserved
[    2.216852] system 00:07: [mem 0xff000000-0xffffffff] could not be reserved
[    2.216856] system 00:07: [mem 0xfee00000-0xfeefffff] has been reserved
[    2.218702] pnp: PnP ACPI: found 9 devices
[    2.225293] clocksource: acpi_pm: mask: 0xffffff max_cycles: 0xffffff, max_idle_ns: 2085701024 ns
[    2.225365] NET: Registered protocol family 2
[    2.225393] IP idents hash table entries: 262144 (order: 9, 2097152 bytes, linear)
[    2.227732] tcp_listen_portaddr_hash hash table entries: 8192 (order: 5, 131072 bytes, linear)
[    2.227771] TCP established hash table entries: 131072 (order: 8, 1048576 bytes, linear)
[    2.227957] TCP bind hash table entries: 65536 (order: 8, 1048576 bytes, linear)
[    2.228077] TCP: Hash tables configured (established 131072 bind 65536)
[    2.228108] UDP hash table entries: 8192 (order: 6, 262144 bytes, linear)
[    2.228150] UDP-Lite hash table entries: 8192 (order: 6, 262144 bytes, linear)
[    2.228235] NET: Registered protocol family 1
[    2.228243] NET: Registered protocol family 44
[    2.228256] pci 0000:01:00.0: BAR 0: assigned fixed [mem 0xd0000000-0xdfffffff 64bit pref]
[    2.228262] pci 0000:01:00.0: BAR 2: assigned fixed [mem 0xe0000000-0xe07fffff 64bit pref]
[    2.228266] pci 0000:01:00.0: BAR 5: assigned fixed [mem 0xe4100000-0xe413ffff]
[    2.228269] pci 0000:01:00.0: BAR 6: assigned fixed [mem 0xe4140000-0xe415ffff pref]
[    2.228274] pci 0000:00:01.0: PCI bridge to [bus 01]
[    2.228278] pci 0000:00:01.0:   bridge window [io  0x7000-0x7fff]
[    2.228283] pci 0000:00:01.0:   bridge window [mem 0xe4100000-0xe41fffff]
[    2.228287] pci 0000:00:01.0:   bridge window [mem 0xd0000000-0xe07fffff 64bit pref]
[    2.228292] pci 0000:00:1c.0: PCI bridge to [bus 02]
[    2.228305] pci 0000:00:1c.1: PCI bridge to [bus 03]
[    2.228311] pci 0000:00:1c.1:   bridge window [mem 0xe4000000-0xe40fffff]
[    2.228321] pci 0000:00:1c.2: PCI bridge to [bus 04-09]
[    2.228325] pci 0000:00:1c.2:   bridge window [io  0x6000-0x6fff]
[    2.228342] pci 0000:00:1c.2:   bridge window [mem 0xe3500000-0xe3efffff]
[    2.228348] pci 0000:00:1c.2:   bridge window [mem 0xe1a00000-0xe23fffff 64bit pref]
[    2.228356] pci 0000:00:1c.3: PCI bridge to [bus 0a]
[    2.228362] pci 0000:00:1c.3:   bridge window [mem 0xe3f00000-0xe3ffffff]
[    2.228372] pci 0000:00:1c.7: PCI bridge to [bus 0b-12]
[    2.228377] pci 0000:00:1c.7:   bridge window [io  0x2000-0x5fff]
[    2.228384] pci 0000:00:1c.7:   bridge window [mem 0xe2400000-0xe34fffff]
[    2.228389] pci 0000:00:1c.7:   bridge window [mem 0xe0900000-0xe19fffff 64bit pref]
[    2.228398] pci_bus 0000:00: resource 4 [io  0x0000-0x0cf7 window]
[    2.228402] pci_bus 0000:00: resource 5 [io  0x0d00-0xffff window]
[    2.228405] pci_bus 0000:00: resource 6 [mem 0x000a0000-0x000bffff window]
[    2.228409] pci_bus 0000:00: resource 7 [mem 0x000d0000-0x000d3fff window]
[    2.228412] pci_bus 0000:00: resource 8 [mem 0x000d4000-0x000d7fff window]
[    2.228415] pci_bus 0000:00: resource 9 [mem 0x000d8000-0x000dbfff window]
[    2.228418] pci_bus 0000:00: resource 10 [mem 0x000dc000-0x000dffff window]
[    2.228422] pci_bus 0000:00: resource 11 [mem 0xd0000000-0xfeafffff window]
[    2.228425] pci_bus 0000:00: resource 12 [mem 0xfed40000-0xfed44fff window]
[    2.228428] pci_bus 0000:01: resource 0 [io  0x7000-0x7fff]
[    2.228431] pci_bus 0000:01: resource 1 [mem 0xe4100000-0xe41fffff]
[    2.228435] pci_bus 0000:01: resource 2 [mem 0xd0000000-0xe07fffff 64bit pref]
[    2.228438] pci_bus 0000:03: resource 1 [mem 0xe4000000-0xe40fffff]
[    2.228442] pci_bus 0000:04: resource 0 [io  0x6000-0x6fff]
[    2.228444] pci_bus 0000:04: resource 1 [mem 0xe3500000-0xe3efffff]
[    2.228447] pci_bus 0000:04: resource 2 [mem 0xe1a00000-0xe23fffff 64bit pref]
[    2.228451] pci_bus 0000:0a: resource 1 [mem 0xe3f00000-0xe3ffffff]
[    2.228454] pci_bus 0000:0b: resource 0 [io  0x2000-0x5fff]
[    2.228457] pci_bus 0000:0b: resource 1 [mem 0xe2400000-0xe34fffff]
[    2.228460] pci_bus 0000:0b: resource 2 [mem 0xe0900000-0xe19fffff 64bit pref]
[    2.229011] pci 0000:01:00.0: Video device with shadowed ROM at [mem 0x000c0000-0x000dffff]
[    2.229041] pci 0000:01:00.1: D0 power state depends on 0000:01:00.0
[    2.229215] pci 0000:0a:00.0: enabling device (0004 -> 0006)
[    2.229345] PCI: CLS 64 bytes, default 64
[    2.229380] DMAR: No ATSR found
[    2.229382] DMAR: No SATC found
[    2.229385] DMAR: dmar0: Using Queued invalidation
[    2.229426] pci 0000:00:00.0: Adding to iommu group 0
[    2.229443] pci 0000:00:01.0: Adding to iommu group 1
[    2.229462] pci 0000:00:16.0: Adding to iommu group 2
[    2.229472] pci 0000:00:16.3: Adding to iommu group 2
[    2.229482] pci 0000:00:19.0: Adding to iommu group 3
[    2.229493] pci 0000:00:1a.0: Adding to iommu group 4
[    2.229505] pci 0000:00:1b.0: Adding to iommu group 5
[    2.229519] pci 0000:00:1c.0: Adding to iommu group 6
[    2.229530] pci 0000:00:1c.1: Adding to iommu group 7
[    2.229542] pci 0000:00:1c.2: Adding to iommu group 8
[    2.229554] pci 0000:00:1c.3: Adding to iommu group 9
[    2.229565] pci 0000:00:1c.7: Adding to iommu group 10
[    2.229576] pci 0000:00:1d.0: Adding to iommu group 11
[    2.229596] pci 0000:00:1f.0: Adding to iommu group 12
[    2.229607] pci 0000:00:1f.2: Adding to iommu group 12
[    2.229619] pci 0000:00:1f.3: Adding to iommu group 12
[    2.229625] pci 0000:01:00.0: Adding to iommu group 1
[    2.229631] pci 0000:01:00.1: Adding to iommu group 1
[    2.229642] pci 0000:03:00.0: Adding to iommu group 13
[    2.229652] pci 0000:0a:00.0: Adding to iommu group 14
[    2.229680] pci 0000:0b:00.0: Adding to iommu group 15
[    2.229693] pci 0000:0b:00.1: Adding to iommu group 15
[    2.229705] pci 0000:0b:00.2: Adding to iommu group 15
[    2.231442] DMAR: Intel(R) Virtualization Technology for Directed I/O
[    2.231449] PCI-DMA: Using software bounce buffering for IO (SWIOTLB)
[    2.231451] software IO TLB: mapped [mem 0x00000000c7323000-0x00000000cb323000] (64MB)
[    2.243019] Initialise system trusted keyrings
[    2.243032] Key type blacklist registered
[    2.243071] workingset: timestamp_bits=36 max_order=22 bucket_order=0
[    2.244512] zbud: loaded
[    2.244825] squashfs: version 4.0 (2009/01/31) Phillip Lougher
[    2.244971] fuse: init (API version 7.33)
[    2.245031] SGI XFS with ACLs, security attributes, realtime, quota, no debug enabled
[    2.245430] Smack: Registering netfilter hooks
[    2.245483] integrity: Platform Keyring initialized
[    2.257247] NET: Registered protocol family 38
[    2.257251] xor: automatically using best checksumming function   avx       
[    2.257255] Key type asymmetric registered
[    2.257257] Asymmetric key parser 'x509' registered
[    2.257513] alg: self-tests for HKDF (hmac(sha256)) passed
[    2.257525] alg: self-tests for CTR-KDF (hmac(sha256)) passed
[    2.257539] Block layer SCSI generic (bsg) driver version 0.4 loaded (major 245)
[    2.257587] io scheduler mq-deadline registered
[    2.257591] io scheduler kyber registered
[    2.257624] io scheduler bfq registered
[    2.258857] shpchp: Standard Hot Plug PCI Controller Driver version: 0.4
[    2.258922] efifb: probing for efifb
[    2.258937] efifb: framebuffer at 0xd0000000, using 8100k, total 8100k
[    2.258941] efifb: mode is 1920x1080x32, linelength=7680, pages=1
[    2.258944] efifb: scrolling: redraw
[    2.258946] efifb: Truecolor: size=8:8:8:8, shift=24:16:8:0
[    2.264834] Console: switching to colour frame buffer device 240x67
[    2.270371] fb0: EFI VGA frame buffer device
[    2.272070] ACPI: AC: AC Adapter [AC] (on-line)
[    2.272148] input: Lid Switch as /devices/LNXSYSTM:00/LNXSYBUS:00/PNP0C0D:00/input/input0
[    2.272227] ACPI: button: Lid Switch [LID]
[    2.272278] input: Power Button as /devices/LNXSYSTM:00/LNXSYBUS:00/PNP0C0C:00/input/input1
[    2.272353] ACPI: button: Power Button [PBTN]
[    2.272406] input: Sleep Button as /devices/LNXSYSTM:00/LNXSYBUS:00/PNP0C0E:00/input/input2
[    2.272462] ACPI: button: Sleep Button [SBTN]
[    2.272513] input: Power Button as /devices/LNXSYSTM:00/LNXPWRBN:00/input/input3
[    2.272575] ACPI: button: Power Button [PWRF]
[    2.274723] thermal LNXTHERM:00: registered as thermal_zone0
[    2.274755] ACPI: thermal: Thermal Zone [THM] (25 C)
[    2.274908] Serial: 8250/16550 driver, 32 ports, IRQ sharing enabled
[    2.276925] serial 0000:00:16.3: enabling device (0000 -> 0003)
[    2.277232] 0000:00:16.3: ttyS4 at I/O 0x80a0 (irq = 17, base_baud = 115200) is a 16550A
[    2.278015] lrng_pool: LRNG initial entropy level 39 bits of entropy
[    2.289373] lrng_selftest: LRNG self-tests passed
[    2.289759] Linux agpgart interface v0.103
[    2.291524] ACPI: battery: Slot [BAT0] (battery present)
[    2.293051] loop: module loaded
[    2.293677] ahci 0000:00:1f.2: version 3.0
[    2.293855] ahci 0000:00:1f.2: SSS flag set, parallel bus scan disabled
[    2.304048] ahci 0000:00:1f.2: AHCI 0001.0300 32 slots 6 ports 6 Gbps 0x3f impl SATA mode
[    2.304110] ahci 0000:00:1f.2: flags: 64bit ncq sntf stag pm led clo pio slum part ems sxs apst 
[    2.326691] scsi host0: ahci
[    2.327219] scsi host1: ahci
[    2.327660] scsi host2: ahci
[    2.327990] scsi host3: ahci
[    2.328245] scsi host4: ahci
[    2.328488] scsi host5: ahci
[    2.328557] ata1: SATA max UDMA/133 abar m2048@0xe4240000 port 0xe4240100 irq 31
[    2.328595] ata2: SATA max UDMA/133 abar m2048@0xe4240000 port 0xe4240180 irq 31
[    2.328631] ata3: SATA max UDMA/133 abar m2048@0xe4240000 port 0xe4240200 irq 31
[    2.328667] ata4: SATA max UDMA/133 abar m2048@0xe4240000 port 0xe4240280 irq 31
[    2.328702] ata5: SATA max UDMA/133 abar m2048@0xe4240000 port 0xe4240300 irq 31
[    2.328738] ata6: SATA max UDMA/133 abar m2048@0xe4240000 port 0xe4240380 irq 31
[    2.328947] libphy: Fixed MDIO Bus: probed
[    2.328968] tun: Universal TUN/TAP device driver, 1.6
[    2.330323] PPP generic driver version 2.4.2
[    2.331667] ehci_hcd: USB 2.0 'Enhanced' Host Controller (EHCI) Driver
[    2.332911] ehci-pci: EHCI PCI platform driver
[    2.334301] ehci-pci 0000:00:1a.0: EHCI Host Controller
[    2.335515] ehci-pci 0000:00:1a.0: new USB bus registered, assigned bus number 1
[    2.336733] ehci-pci 0000:00:1a.0: debug port 2
[    2.341844] ehci-pci 0000:00:1a.0: irq 16, io mem 0xe4270000
[    2.351122] ehci-pci 0000:00:1a.0: USB 2.0 started, EHCI 1.00
[    2.352394] usb usb1: New USB device found, idVendor=1d6b, idProduct=0002, bcdDevice= 5.13
[    2.353603] usb usb1: New USB device strings: Mfr=3, Product=2, SerialNumber=1
[    2.354818] usb usb1: Product: EHCI Host Controller
[    2.356027] usb usb1: Manufacturer: Linux 5.13.7-dragon-sandybridge ehci_hcd
[    2.357253] usb usb1: SerialNumber: 0000:00:1a.0
[    2.358750] hub 1-0:1.0: USB hub found
[    2.359987] hub 1-0:1.0: 3 ports detected
[    2.361531] ehci-pci 0000:00:1d.0: EHCI Host Controller
[    2.362731] ehci-pci 0000:00:1d.0: new USB bus registered, assigned bus number 2
[    2.363951] ehci-pci 0000:00:1d.0: debug port 2
[    2.369069] ehci-pci 0000:00:1d.0: irq 17, io mem 0xe4250000
[    2.377788] ehci-pci 0000:00:1d.0: USB 2.0 started, EHCI 1.00
[    2.379058] usb usb2: New USB device found, idVendor=1d6b, idProduct=0002, bcdDevice= 5.13
[    2.380262] usb usb2: New USB device strings: Mfr=3, Product=2, SerialNumber=1
[    2.381470] usb usb2: Product: EHCI Host Controller
[    2.382678] usb usb2: Manufacturer: Linux 5.13.7-dragon-sandybridge ehci_hcd
[    2.383890] usb usb2: SerialNumber: 0000:00:1d.0
[    2.385330] hub 2-0:1.0: USB hub found
[    2.386545] hub 2-0:1.0: 3 ports detected
[    2.387900] ehci-platform: EHCI generic platform driver
[    2.389091] ohci_hcd: USB 1.1 'Open' Host Controller (OHCI) Driver
[    2.390260] ohci-pci: OHCI PCI platform driver
[    2.391420] ohci-platform: OHCI generic platform driver
[    2.392563] uhci_hcd: USB Universal Host Controller Interface driver
[    2.393817] xhci_hcd 0000:0a:00.0: xHCI Host Controller
[    2.394941] xhci_hcd 0000:0a:00.0: new USB bus registered, assigned bus number 3
[    2.396231] xhci_hcd 0000:0a:00.0: hcc params 0x014042cb hci version 0x96 quirks 0x0000000000000004
[    2.397758] usb usb3: New USB device found, idVendor=1d6b, idProduct=0002, bcdDevice= 5.13
[    2.398903] usb usb3: New USB device strings: Mfr=3, Product=2, SerialNumber=1
[    2.400047] usb usb3: Product: xHCI Host Controller
[    2.401182] usb usb3: Manufacturer: Linux 5.13.7-dragon-sandybridge xhci-hcd
[    2.402318] usb usb3: SerialNumber: 0000:0a:00.0
[    2.403659] hub 3-0:1.0: USB hub found
[    2.404787] hub 3-0:1.0: 2 ports detected
[    2.406032] xhci_hcd 0000:0a:00.0: xHCI Host Controller
[    2.407141] xhci_hcd 0000:0a:00.0: new USB bus registered, assigned bus number 4
[    2.408250] xhci_hcd 0000:0a:00.0: Host supports USB 3.0 SuperSpeed
[    2.409385] usb usb4: We don't know the algorithms for LPM for this host, disabling LPM.
[    2.410527] usb usb4: New USB device found, idVendor=1d6b, idProduct=0003, bcdDevice= 5.13
[    2.411651] usb usb4: New USB device strings: Mfr=3, Product=2, SerialNumber=1
[    2.412760] usb usb4: Product: xHCI Host Controller
[    2.413876] usb usb4: Manufacturer: Linux 5.13.7-dragon-sandybridge xhci-hcd
[    2.415019] usb usb4: SerialNumber: 0000:0a:00.0
[    2.416396] hub 4-0:1.0: USB hub found
[    2.417567] hub 4-0:1.0: 2 ports detected
[    2.418893] i8042: PNP: PS/2 Controller [PNP0303:PS2K,PNP0f13:PS2M] at 0x60,0x64 irq 1,12
[    2.420309] i8042: Warning: Keylock active
[    2.422700] serio: i8042 KBD port at 0x60,0x64 irq 1
[    2.423918] serio: i8042 AUX port at 0x60,0x64 irq 12
[    2.425397] mousedev: PS/2 mouse device common for all mice
[    2.426882] rtc_cmos 00:02: RTC can wake from S4
[    2.428476] rtc_cmos 00:02: registered as rtc0
[    2.429804] rtc_cmos 00:02: setting system clock to 2021-06-02T07:32:42 UTC (1622619162)
[    2.431075] rtc_cmos 00:02: alarms up to one year, y3k, 242 bytes nvram, hpet irqs
[    2.432368] i2c /dev entries driver
[    2.433638] input: AT Translated Set 2 keyboard as /devices/platform/i8042/serio0/input/input4
[    2.435348] device-mapper: uevent: version 1.0.3
[    2.436766] device-mapper: ioctl: 4.45.0-ioctl (2021-03-22) initialised: dm-devel@redhat.com
[    2.438075] intel_pstate: Intel P-state driver initializing
[    2.440194] ledtrig-cpu: registered to indicate activity on CPUs
[    2.441234] EFI Variables Facility v0.08 2004-May-17
[    2.610748] usb 1-1: new high-speed USB device number 2 using ehci-pci
[    2.623738] pstore: Registered efi as persistent store backend
[    2.625370] drop_monitor: Initializing network drop monitor service
[    2.626464] IPv6: Loaded, but administratively disabled, reboot required to enable
[    2.627514] NET: Registered protocol family 17
[    2.628601] Key type dns_resolver registered
[    2.630235] microcode: sig=0x206a7, pf=0x10, revision=0x2f
[    2.631491] microcode: Microcode Update Driver: v2.2.
[    2.631494] IPI shorthand broadcast: enabled
[    2.633603] sched_clock: Marking stable (2631934605, 612540)->(2662752981, -30205836)
[    2.634835] registered taskstats version 1
[    2.635008] usb 2-1: new high-speed USB device number 2 using ehci-pci
[    2.635907] Loading compiled-in X.509 certificates
[    2.638947] Loaded X.509 cert 'Build time autogenerated kernel key: 3b835c6948dcdae88b082d137691ac029909794c'
[    2.640462] zswap: loaded using pool zstd/z3fold
[    2.643203] ata1: SATA link up 6.0 Gbps (SStatus 133 SControl 300)
[    2.647435] ata1.00: ACPI cmd 00/00:00:00:00:00:a0 (NOP) rejected by device (Stat=0x51 Err=0x04)
[    2.652666] ata1.00: ATA-9: TEAM L5 LITE SSD 120GB, P1222A, max UDMA/133
[    2.653787] ata1.00: 234441648 sectors, multi 1: LBA48 NCQ (depth 32), AA
[    2.660775] ata1.00: ACPI cmd 00/00:00:00:00:00:a0 (NOP) rejected by device (Stat=0x51 Err=0x04)
[    2.666083] ata1.00: configured for UDMA/133
[    2.678463] scsi 0:0:0:0: Direct-Access     ATA      TEAM L5 LITE SSD 2A   PQ: 0 ANSI: 5
[    2.679771] sd 0:0:0:0: Attached scsi generic sg0 type 0
[    2.679840] sd 0:0:0:0: [sda] 234441648 512-byte logical blocks: (120 GB/112 GiB)
[    2.682112] sd 0:0:0:0: [sda] Write Protect is off
[    2.683257] sd 0:0:0:0: [sda] Mode Sense: 00 3a 00 00
[    2.683273] sd 0:0:0:0: [sda] Write cache: enabled, read cache: enabled, doesn't support DPO or FUA
[    2.688904]  sda: sda1 sda2 sda3
[    2.715772] ZFS: Loaded module v2.1.99-dragon, ZFS pool version 5000, ZFS filesystem version 5
[    2.717032] Key type ._fscrypt registered
[    2.718151] Key type .fscrypt registered
[    2.719257] Key type fscrypt-provisioning registered
[    2.720350] Loading Reiser4 (Software Framework Release: 5.1.3). See reiser4.wiki.kernel.org for a description of Reiser4.
[    2.721753] Btrfs loaded, crc32c=crc32c-intel, zoned=yes
[    2.722884] pstore: Using crash dump compression: deflate
[    2.723073] sd 0:0:0:0: [sda] Attached SCSI disk
[    2.724344] Key type encrypted registered
[    2.768281] evm: Initialising EVM extended attributes:
[    2.769423] evm: security.SMACK64
[    2.770583] evm: security.SMACK64EXEC
[    2.771697] evm: security.SMACK64TRANSMUTE
[    2.772824] evm: security.SMACK64MMAP
[    2.773949] evm: security.capability
[    2.775025] evm: HMAC attrs: 0x1
[    2.776474] PM:   Magic number: 9:367:520
[    2.777827] DKLM: Enabled Dragon Kernel license module 2.8-dragon
[    2.778957] ALSA device list:
[    2.780075]   No soundcards found.
[    2.781705] usb 1-1: New USB device found, idVendor=8087, idProduct=0024, bcdDevice= 0.00
[    2.782770] usb 1-1: New USB device strings: Mfr=0, Product=0, SerialNumber=0
[    2.784159] hub 1-1:1.0: USB hub found
[    2.785413] usb 2-1: New USB device found, idVendor=8087, idProduct=0024, bcdDevice= 0.00
[    2.786523] usb 2-1: New USB device strings: Mfr=0, Product=0, SerialNumber=0
[    2.787641] hub 1-1:1.0: 6 ports detected
[    2.788995] hub 2-1:1.0: USB hub found
[    2.790328] hub 2-1:1.0: 8 ports detected
[    2.795073] lrng_pool: LRNG minimally seeded with 137 bits of entropy
[    2.995187] ata2: SATA link up 6.0 Gbps (SStatus 133 SControl 300)
[    3.003620] ata2.00: ATA-9: TEAM L5 LITE SSD 120GB, P1222A, max UDMA/133
[    3.004668] ata2.00: 234441648 sectors, multi 1: LBA48 NCQ (depth 32), AA
[    3.015727] ata2.00: configured for UDMA/133
[    3.027167] scsi 1:0:0:0: Direct-Access     ATA      TEAM L5 LITE SSD 2A   PQ: 0 ANSI: 5
[    3.028470] sd 1:0:0:0: [sdb] 234441648 512-byte logical blocks: (120 GB/112 GiB)
[    3.028471] sd 1:0:0:0: Attached scsi generic sg1 type 0
[    3.029530] sd 1:0:0:0: [sdb] Write Protect is off
[    3.031704] sd 1:0:0:0: [sdb] Mode Sense: 00 3a 00 00
[    3.031721] sd 1:0:0:0: [sdb] Write cache: enabled, read cache: enabled, doesn't support DPO or FUA
[    3.035171]  sdb: sdb1 sdb2 sdb3
[    3.044524] sd 1:0:0:0: [sdb] Attached SCSI disk
[    3.076413] usb 2-1.2: new full-speed USB device number 3 using ehci-pci
[    3.163052] usb 2-1.2: New USB device found, idVendor=3938, idProduct=1031, bcdDevice= 1.08
[    3.164134] usb 2-1.2: New USB device strings: Mfr=1, Product=2, SerialNumber=0
[    3.165185] usb 2-1.2: Product: 2.4G Wireless Mouse
[    3.166219] usb 2-1.2: Manufacturer: MOSART Semi.
[    3.233734] usb 2-1.8: new full-speed USB device number 4 using ehci-pci
[    3.297748] tsc: Refined TSC clocksource calibration: 2494.333 MHz
[    3.298810] clocksource: tsc: mask: 0xffffffffffffffff max_cycles: 0x23f45085418, max_idle_ns: 440795285711 ns
[    3.336368] ata3: SATA link up 3.0 Gbps (SStatus 123 SControl 300)
[    3.340015] ata3.00: supports DRM functions and may not be fully accessible
[    3.342037] ata3.00: NCQ Send/Recv Log not supported
[    3.343066] ata3.00: ATA-9: SAMSUNG SSD SM841 SED mSATA 256GB, DXM44D6Q, max UDMA/133
[    3.343336] usb 2-1.8: New USB device found, idVendor=0a5c, idProduct=5801, bcdDevice= 1.01
[    3.344107] ata3.00: 500118192 sectors, multi 1: LBA48 NCQ (depth 32), AA
[    3.345159] usb 2-1.8: New USB device strings: Mfr=1, Product=2, SerialNumber=3
[    3.347021] ata3.00: supports DRM functions and may not be fully accessible
[    3.347432] usb 2-1.8: Product: 5880
[    3.348688] ata3.00: NCQ Send/Recv Log not supported
[    3.349635] usb 2-1.8: Manufacturer: Broadcom Corp
[    3.349636] usb 2-1.8: SerialNumber: 0123456789ABCD
[    3.351067] ata3.00: configured for UDMA/133
[    3.365135] scsi 2:0:0:0: Direct-Access     ATA      SAMSUNG SSD SM84 4D6Q PQ: 0 ANSI: 5
[    3.366358] ata3.00: Enabling discard_zeroes_data
[    3.366403] sd 2:0:0:0: Attached scsi generic sg2 type 0
[    3.367437] sd 2:0:0:0: [sdc] 500118192 512-byte logical blocks: (256 GB/238 GiB)
[    3.369464] sd 2:0:0:0: [sdc] Write Protect is off
[    3.370462] sd 2:0:0:0: [sdc] Mode Sense: 00 3a 00 00
[    3.370477] sd 2:0:0:0: [sdc] Write cache: enabled, read cache: enabled, doesn't support DPO or FUA
[    3.374769]  sdc: sdc1
[    3.376046] ata3.00: Enabling discard_zeroes_data
[    3.389920] sd 2:0:0:0: [sdc] supports TCG Opal
[    3.390931] sd 2:0:0:0: [sdc] Attached SCSI disk
[    3.677829] ata4: SATA link down (SStatus 0 SControl 300)
[    3.997904] ata5: SATA link down (SStatus 0 SControl 300)
[    4.317823] ata6: SATA link down (SStatus 0 SControl 300)
[    4.329142] md: Waiting for all devices to be available before autodetect
[    4.330172] md: If you don't use raid, use raid=noautodetect
[    4.331184] md: Autodetecting RAID arrays.
[    4.332179] md: autorun ...
[    4.333175] md: ... autorun DONE.
[    4.335786] XFS (sda3): Mounting V5 Filesystem
[    4.357435] XFS (sda3): Ending clean mount
[    4.361583] VFS: Mounted root (xfs filesystem) readonly on device 8:3.
[    4.363028] devtmpfs: mounted
[    4.364921] integrity: Please generate IMA X509 certificate! Path for certificate: /etc/keys/x509_evm.der
[    4.367007] Freeing unused decrypted memory: 2044K
[    4.369416] Freeing unused kernel image (initmem) memory: 2568K
[    4.376382] Write protecting the kernel read-only data: 32768k
[    4.378139] Freeing unused kernel image (text/rodata gap) memory: 2028K
[    4.379476] Freeing unused kernel image (rodata/data gap) memory: 1392K
[    4.419878] x86/mm: Checked W+X mappings: passed, no W+X pages found.
[    4.420874] x86/mm: Checking user space page tables
[    4.458775] x86/mm: Checked W+X mappings: passed, no W+X pages found.
[    4.459794] Run /sbin/init as init process
[    4.460839]   with arguments:
[    4.460840]     /sbin/init
[    4.460851]   with environment:
[    4.460853]     HOME=/
[    4.460854]     TERM=linux
[    4.460855]     BOOT_IMAGE=/boot/vmlinuz-5.13.7-dragon-sandybridge
[    4.460856]     trace_clock=global
[    4.460857]     crashkernel=auto
[    4.460858]     biosdevname=0
[    4.460859]     intel_iommu=on
[    4.460859]     spectre_v2_user_ibpb_mode=enter
[    4.460860]     randomize_vmalloc=1
[    4.490560] lrng_pool: LRNG fully seeded with 262 bits of entropy
[    5.698768] systemd[1]: systemd 247.3-3ubuntu3.1 running in system mode. (+PAM +AUDIT +SELINUX +IMA +APPARMOR +SMACK +SYSVINIT +UTMP +LIBCRYPTSETUP +GCRYPT +GNUTLS +ACL +XZ +LZ4 +ZSTD +SECCOMP +BLKID +ELFUTILS +KMOD +IDN2 -IDN +PCRE2 default-hierarchy=hybrid)
[    5.713886] systemd[1]: Detected architecture x86-64.
[    5.739523] systemd[1]: Set hostname to <wip>.
[    5.841519] systemd[1]: /etc/systemd/system/proc-sys-fs-binfmt_misc.mount: symlinks are not allowed for units of this type, rejecting.
[    5.843044] systemd[1]: /etc/systemd/system/proc-sys-fs-binfmt_misc.automount: symlinks are not allowed for units of this type, rejecting.
[    6.001191] systemd[1]: Queued start job for default target Graphical Interface.
[    6.013580] systemd[1]: Created slice system-modprobe.slice.
[    6.016159] systemd[1]: Created slice system-systemd\x2dfsck.slice.
[    6.018703] systemd[1]: Created slice system-tor.slice.
[    6.021204] systemd[1]: Created slice User and Session Slice.
[    6.023596] systemd[1]: Started Forward Password Requests to Wall Directory Watch.
[    6.026013] systemd[1]: Set up automount Arbitrary Executable File Formats File System Automount Point.
[    6.028421] systemd[1]: Reached target User and Group Name Lookups.
[    6.030732] systemd[1]: Reached target Remote File Systems.
[    6.033087] systemd[1]: Reached target Slices.
[    6.036512] systemd[1]: Listening on Syslog Socket.
[    6.039475] systemd[1]: Listening on fsck to fsckd communication Socket.
[    6.041878] systemd[1]: Listening on initctl Compatibility Named Pipe.
[    6.044411] systemd[1]: Listening on Journal Audit Socket.
[    6.046844] systemd[1]: Listening on Journal Socket (/dev/log).
[    6.049372] systemd[1]: Listening on Journal Socket.
[    6.053430] systemd[1]: Listening on udev Control Socket.
[    6.056075] systemd[1]: Listening on udev Kernel Socket.
[    6.059241] systemd[1]: Mounting Huge Pages File System...
[    6.062555] systemd[1]: Mounting POSIX Message Queue File System...
[    6.065827] systemd[1]: Mounting Arbitrary Executable File Formats File System...
[    6.069190] systemd[1]: Mounting Kernel Debug File System...
[    6.072700] systemd[1]: Mounting Kernel Trace File System...
[    6.076713] systemd[1]: Starting Journal Service...
[    6.080812] systemd[1]: Starting Set the console keyboard layout...
[    6.084335] systemd[1]: Starting Create list of static device nodes for the current kernel...
[    6.088137] systemd[1]: Starting Load Kernel Module configfs...
[    6.091866] systemd[1]: Starting Load Kernel Module drm...
[    6.095230] systemd[1]: Starting Load Kernel Module fuse...
[    6.098870] systemd[1]: Starting Load Kernel Modules...
[    6.102549] systemd[1]: Starting Remount Root and Kernel File Systems...
[    6.107373] systemd[1]: Starting Coldplug All udev Devices...
[    6.111523] systemd[1]: Starting Uncomplicated firewall...
[    6.116410] systemd[1]: Mounted Huge Pages File System.
[    6.119175] systemd[1]: Mounted POSIX Message Queue File System.
[    6.122890] systemd[1]: Mounted Arbitrary Executable File Formats File System.
[    6.127181] systemd[1]: Mounted Kernel Debug File System.
[    6.129061] lp: driver loaded but no devices found
[    6.132549] systemd[1]: Mounted Kernel Trace File System.
[    6.136169] ppdev: user-space parallel port driver
[    6.139222] systemd[1]: Finished Create list of static device nodes for the current kernel.
[    6.141233] parport_pc 00:04: [io  0x0378-0x037b]
[    6.141249] parport_pc 00:04: [io  0x0278-0x027b]
[    6.141260] parport_pc 00:04: [io  0x03bc-0x03bf]
[    6.141269] parport_pc 00:04: [io  0x0378-0x037b]
[    6.142753] parport_pc 00:04: activated
[    6.142755] parport_pc 00:04: reported by Plug and Play ACPI
[    6.145778] systemd[1]: modprobe@configfs.service: Succeeded.
[    6.147302] systemd[1]: Finished Load Kernel Module configfs.
[    6.150328] systemd[1]: Finished Set the console keyboard layout.
[    6.153106] systemd[1]: modprobe@drm.service: Succeeded.
[    6.154765] systemd[1]: Finished Load Kernel Module drm.
[    6.157666] systemd[1]: modprobe@fuse.service: Succeeded.
[    6.159196] systemd[1]: Finished Load Kernel Module fuse.
[    6.163391] systemd[1]: Mounting FUSE Control File System...
[    6.166912] systemd[1]: Mounting Kernel Configuration File System...
[    6.169476] systemd[1]: Condition check resulted in Set Up Additional Binary Formats being skipped.
[    6.171919] systemd[1]: Finished Load Kernel Modules.
[    6.174554] systemd[1]: Mounted FUSE Control File System.
[    6.177148] systemd[1]: Mounted Kernel Configuration File System.
[    6.180462] systemd[1]: Starting Apply Kernel Variables...
[    6.188100] systemd[1]: Started Journal Service.
[    6.192173] xfs filesystem being remounted at / supports timestamps until 2038 (0x7fffffff)
[    6.201008] systemd-journald[241]: Received client request to flush runtime journal.
[    6.700997] ACPI: video: Video Device [VID] (multi-head: yes  rom: no  post: no)
[    6.714748] acpi device:2b: registered as cooling_device8
[    6.715328] input: Video Bus as /devices/LNXSYSTM:00/LNXSYBUS:00/PNP0A08:00/device:28/LNXVIDEO:00/input/input6
[    6.719067] wmi_bus wmi_bus-PNP0C14:00: WQBC data block query control method not found
[    6.727495] tpm_tis 00:06: 1.2 TPM (device-id 0x2001, rev-id 32)
[    6.784100] e1000e: Intel(R) PRO/1000 Network Driver
[    6.784104] e1000e: Copyright(c) 1999 - 2015 Intel Corporation.
[    6.784389] e1000e 0000:00:19.0: Interrupt Throttling Rate (ints/sec) set to dynamic conservative mode
[    6.786058] sdhci: Secure Digital Host Controller Interface driver
[    6.786061] sdhci: Copyright(c) Pierre Ossman
[    6.833921] i801_smbus 0000:00:1f.3: enabling device (0001 -> 0003)
[    6.834110] i801_smbus 0000:00:1f.3: SMBus using PCI interrupt
[    6.841248] firewire_ohci 0000:0b:00.0: enabling device (0000 -> 0002)
[    6.848113] RAPL PMU: API unit is 2^-32 Joules, 3 fixed counters, 163840 ms ovfl timer
[    6.848117] RAPL PMU: hw unit of domain pp0-core 2^-16 Joules
[    6.848119] RAPL PMU: hw unit of domain package 2^-16 Joules
[    6.848120] RAPL PMU: hw unit of domain pp1-gpu 2^-16 Joules
[    6.848754] cfg80211: Loading compiled-in X.509 certificates for regulatory database
[    6.849696] cfg80211: Loaded X.509 cert 'sforshee: 00b28ddf47aef9cea7'
[    6.849819] i801_smbus 0000:00:1f.3: Accelerometer lis3lv02d is present on SMBus
[    6.849824] i2c i2c-0: 2/4 memory slots populated (from DMI)
[    6.850520] i2c i2c-0: Successfully instantiated SPD at 0x51
[    6.851306] i2c i2c-0: Successfully instantiated SPD at 0x53
[    6.856505] cryptd: max_cpu_qlen set to 1000
[    6.857088] sdhci-pci 0000:0b:00.1: SDHCI controller found [1217:8320] (rev 5)
[    6.857116] sdhci-pci 0000:0b:00.1: enabling device (0000 -> 0002)
[    6.857330] mmc0 bounce up to 128 segments into one, max segment size 65536 bytes
[    6.863872] snd_hda_intel 0000:01:00.1: enabling device (0000 -> 0002)
[    6.864114] snd_hda_intel 0000:01:00.1: Force to non-snoop mode
[    6.865942] mmc0: SDHCI controller on PCI [0000:0b:00.1] using DMA
[    6.894026] firewire_ohci 0000:0b:00.0: added OHCI v1.10 device as card 0, 8 IR + 8 IT contexts, quirks 0x10
[    6.894455] input: HDA ATI HDMI HDMI/DP,pcm=3 as /devices/pci0000:00/0000:00:01.0/0000:01:00.1/sound/card1/input8
[    6.894503] AVX version of gcm_enc/dec engaged.
[    6.894529] input: HDA ATI HDMI HDMI/DP,pcm=7 as /devices/pci0000:00/0000:00:01.0/0000:01:00.1/sound/card1/input9
[    6.894537] AES CTR mode by8 optimization enabled
[    6.894601] input: HDA ATI HDMI HDMI/DP,pcm=8 as /devices/pci0000:00/0000:00:01.0/0000:01:00.1/sound/card1/input10
[    6.894662] input: HDA ATI HDMI HDMI/DP,pcm=9 as /devices/pci0000:00/0000:00:01.0/0000:01:00.1/sound/card1/input11
[    6.894734] input: HDA ATI HDMI HDMI/DP,pcm=10 as /devices/pci0000:00/0000:00:01.0/0000:01:00.1/sound/card1/input12
[    6.894796] input: HDA ATI HDMI HDMI/DP,pcm=11 as /devices/pci0000:00/0000:00:01.0/0000:01:00.1/sound/card1/input13
[    6.905333] e1000e 0000:00:19.0 0000:00:19.0 (uninitialized): registered PHC clock
[    6.909438] snd_hda_codec_idt hdaudioC0D0: autoconfig for 92HD90BXX: line_outs=1 (0xe/0x0/0x0/0x0/0x0) type:line
[    6.909445] snd_hda_codec_idt hdaudioC0D0:    speaker_outs=1 (0xd/0x0/0x0/0x0/0x0)
[    6.909448] snd_hda_codec_idt hdaudioC0D0:    hp_outs=1 (0xb/0x0/0x0/0x0/0x0)
[    6.909451] snd_hda_codec_idt hdaudioC0D0:    mono: mono_out=0x0
[    6.909453] snd_hda_codec_idt hdaudioC0D0:    inputs:
[    6.918392] Intel(R) Wireless WiFi driver for Linux
[    6.918458] iwlwifi 0000:03:00.0: enabling device (0000 -> 0002)
[    6.971102] input: HDA Intel PCH Dock Line Out as /devices/pci0000:00/0000:00:1b.0/sound/card0/input14
[    6.971178] input: HDA Intel PCH Headphone as /devices/pci0000:00/0000:00:1b.0/sound/card0/input15
[    6.972701] AMD-Vi: AMD IOMMUv2 driver by Joerg Roedel <jroedel@suse.de>
[    6.972703] AMD-Vi: AMD IOMMUv2 functionality not available on this system
[    6.976480] iwlwifi 0000:03:00.0: loaded firmware version 9.221.4.1 build 25532 6000-6.ucode op_mode iwldvm
[    6.979196] hid: raw HID events driver (C) Jiri Kosina
[    6.983929] dcdbas dcdbas: Dell Systems Management Base Driver (version 5.6.0-3.4)
[    7.010653] dell-smbios A80593CE-A997-11DA-B012-B622A1EF5492: WMI SMBIOS userspace interface
[    7.015678] usbcore: registered new interface driver usbhid
[    7.015682] usbhid: USB HID core driver
[    7.034652] e1000e 0000:00:19.0 eth0: (PCI Express:2.5GT/s:Width x1) d0:67:e5:39:15:9e
[    7.034658] e1000e 0000:00:19.0 eth0: Intel(R) PRO/1000 Network Connection
[    7.034730] e1000e 0000:00:19.0 eth0: MAC: 10, PHY: 11, PBA No: 1041FF-0FF
[    7.040814] input: Dell WMI hotkeys as /devices/platform/PNP0C14:00/wmi_bus/wmi_bus-PNP0C14:00/9DBB5994-A997-11DA-B012-B622A1EF5492/input/input16
[    7.072317] XFS: attr2 mount option is deprecated.
[    7.129779] dell_laptop: Using i8042 filter function for receiving events
[    7.141298] XFS (sdc1): Mounting V5 Filesystem
[    7.146707] at24 0-0051: supply vcc not found, using dummy regulator
[    7.149358] at24 0-0051: 256 byte spd EEPROM, read-only
[    7.149403] at24 0-0053: supply vcc not found, using dummy regulator
[    7.153235] at24 0-0053: 256 byte spd EEPROM, read-only
[    7.154303] iwlwifi 0000:03:00.0: CONFIG_IWLWIFI_DEBUG disabled
[    7.154307] iwlwifi 0000:03:00.0: CONFIG_IWLWIFI_DEBUGFS enabled
[    7.154308] iwlwifi 0000:03:00.0: CONFIG_IWLWIFI_DEVICE_TRACING enabled
[    7.154310] iwlwifi 0000:03:00.0: Detected Intel(R) Centrino(R) Ultimate-N 6300 AGN, REV=0x74
[    7.196433] ieee80211 phy0: Selected rate control algorithm 'iwl-agn-rs'
[    7.225849] input: MOSART Semi. 2.4G Wireless Mouse as /devices/pci0000:00/0000:00:1d.0/usb2/2-1/2-1.2/2-1.2:1.0/0003:3938:1031.0001/input/input17
[    7.225976] input: MOSART Semi. 2.4G Wireless Mouse as /devices/pci0000:00/0000:00:1d.0/usb2/2-1/2-1.2/2-1.2:1.0/0003:3938:1031.0001/input/input18
[    7.226097] hid-generic 0003:3938:1031.0001: input,hiddev0,hidraw0: USB HID v1.10 Mouse [MOSART Semi. 2.4G Wireless Mouse] on usb-0000:00:1d.0-1.2/input0
[    7.236937] [drm] amdgpu kernel modesetting enabled.
[    7.240557] amdgpu: CRAT table not found
[    7.240563] amdgpu: Virtual CRAT table created for CPU
[    7.240589] amdgpu: Topology: Add CPU node
[    7.240667] checking generic (d0000000 7e9000) vs hw (d0000000 10000000)
[    7.240670] fb0: switching to amdgpudrmfb from EFI VGA
[    7.243265] Console: switching to colour dummy device 80x25
[    7.243402] amdgpu 0000:01:00.0: vgaarb: deactivate vga console
[    7.245094] intel_rapl_common: Found RAPL domain package
[    7.245097] intel_rapl_common: Found RAPL domain core
[    7.245099] intel_rapl_common: Found RAPL domain uncore
[    7.245106] intel_rapl_common: RAPL package-0 domain package locked by BIOS
[    7.249677] [drm] initializing kernel modesetting (BONAIRE 0x1002:0x6640 0x1028:0x04A4 0x00).
[    7.249685] amdgpu 0000:01:00.0: amdgpu: Trusted Memory Zone (TMZ) feature not supported
[    7.252474] [drm] register mmio base: 0xE4100000
[    7.252477] [drm] register mmio size: 262144
[    7.252484] [drm] PCIE atomic ops is not supported
[    7.252496] [drm] add ip block number 0 <cik_common>
[    7.252499] [drm] add ip block number 1 <gmc_v7_0>
[    7.252500] [drm] add ip block number 2 <cik_ih>
[    7.252502] [drm] add ip block number 3 <gfx_v7_0>
[    7.252503] [drm] add ip block number 4 <cik_sdma>
[    7.252504] [drm] add ip block number 5 <powerplay>
[    7.252506] [drm] add ip block number 6 <dce_v8_0>
[    7.252507] [drm] add ip block number 7 <uvd_v4_2>
[    7.252508] [drm] add ip block number 8 <vce_v2_0>
[    7.252748] resource sanity check: requesting [mem 0x000c0000-0x000dffff], which spans more than PCI Bus 0000:00 [mem 0x000d0000-0x000d3fff window]
[    7.252753] caller amdgpu_read_bios+0x3c/0xd0 [amdgpu] mapping multiple BARs
[    7.253321] amdgpu 0000:01:00.0: No more image in the PCI ROM
[    7.253446] amdgpu 0000:01:00.0: amdgpu: Fetched VBIOS from ROM BAR
[    7.253450] amdgpu: ATOM BIOS: BR44933.001
[    7.253460] amdgpu: Setting number of kernel compute queue to 8
[    7.254236] [drm] vm size is 64 GB, 2 levels, block size is 10-bit, fragment size is 9-bit
[    7.259606] amdgpu 0000:01:00.0: amdgpu: VRAM: 2048M 0x000000F400000000 - 0x000000F47FFFFFFF (2048M used)
[    7.259613] amdgpu 0000:01:00.0: amdgpu: GART: 1024M 0x000000FF00000000 - 0x000000FF3FFFFFFF
[    7.259623] [drm] Detected VRAM RAM=2048M, BAR=256M
[    7.259625] [drm] RAM width 128bits GDDR5
[    7.259679] [drm] amdgpu: 2048M of VRAM memory ready
[    7.259681] [drm] amdgpu: 3072M of GTT memory ready.
[    7.259689] [drm] GART: num cpu pages 262144, num gpu pages 262144
[    7.260298] [drm] PCIE GART of 1024M enabled (table at 0x000000F4007E9000).
[    7.269810] amdgpu: hwmgr_sw_init smu backed is ci_smu
[    7.404562] firewire_core 0000:0b:00.0: created device fw0: GUID 02734ec1464fc000, S400
[    7.756353] mmc0: new high speed SDHC card at address 1234
[    7.761431] mmcblk0: mmc0:1234 SA04G 3.68 GiB 
[    7.776935]  mmcblk0: p1
[    7.801637] [drm] amdgpu atom DIG backlight initialized
[    7.801643] [drm] AMDGPU Display Connectors
[    7.801644] [drm] Connector 0:
[    7.801645] [drm]   LVDS-1
[    7.801646] [drm]   DDC: 0x195c 0x195c 0x195d 0x195d 0x195e 0x195e 0x195f 0x195f
[    7.801648] [drm]   Encoders:
[    7.801649] [drm]     LCD1: INTERNAL_UNIPHY
[    7.801650] [drm] Connector 1:
[    7.801651] [drm]   DP-1
[    7.801651] [drm]   HPD1
[    7.801652] [drm]   DDC: 0x194c 0x194c 0x194d 0x194d 0x194e 0x194e 0x194f 0x194f
[    7.801661] [drm]   Encoders:
[    7.801662] [drm]     DFP1: INTERNAL_UNIPHY1
[    7.801663] [drm] Connector 2:
[    7.801663] [drm]   DP-2
[    7.801664] [drm]   HPD2
[    7.801664] [drm]   DDC: 0x1950 0x1950 0x1951 0x1951 0x1952 0x1952 0x1953 0x1953
[    7.801666] [drm]   Encoders:
[    7.801666] [drm]     DFP2: INTERNAL_UNIPHY1
[    7.801667] [drm] Connector 3:
[    7.801667] [drm]   DP-3
[    7.801668] [drm]   HPD3
[    7.801668] [drm]   DDC: 0x1954 0x1954 0x1955 0x1955 0x1956 0x1956 0x1957 0x1957
[    7.801670] [drm]   Encoders:
[    7.801670] [drm]     DFP3: INTERNAL_UNIPHY2
[    7.801671] [drm] Connector 4:
[    7.801671] [drm]   VGA-1
[    7.801672] [drm]   DDC: 0x1970 0x1970 0x1971 0x1971 0x1972 0x1972 0x1973 0x1973
[    7.801673] [drm]   Encoders:
[    7.801674] [drm]     CRT1: INTERNAL_KLDSCP_DAC1
[    7.812597] [drm] Found UVD firmware Version: 1.64 Family ID: 9
[    7.814576] [drm] Found VCE firmware Version: 50.10 Binary ID: 2
[    7.814901] [drm] PCIE gen 2 link speeds already enabled
[    7.854092] [drm] UVD initialized successfully.
[    7.974131] [drm] VCE initialized successfully.
[    7.976681] kfd kfd: amdgpu: Allocated 3969056 bytes on gart
[    7.976762] amdgpu: SW scheduler is used
[    7.976777] amdgpu: SRAT table not found
[    7.976779] amdgpu: Virtual CRAT table created for GPU
[    7.976835] amdgpu: Topology: Add dGPU node [0x6640:0x1002]
[    7.976839] kfd kfd: amdgpu: added device 1002:6640
[    7.976841] amdgpu 0000:01:00.0: amdgpu: SE 2, SH per SE 1, CU per SH 7, active_cu_number 12
[    8.005798] XFS (sdc1): Ending clean mount
[    8.046184] xfs filesystem being mounted at /home supports timestamps until 2038 (0x7fffffff)
[    8.054140] XFS: attr2 mount option is deprecated.
[    8.276398] input: AlpsPS/2 ALPS DualPoint Stick as /devices/platform/i8042/serio1/input/input19
[    8.289499] input: AlpsPS/2 ALPS DualPoint TouchPad as /devices/platform/i8042/serio1/input/input7
[    8.398136] XFS (sdb3): Mounting V5 Filesystem
[    8.535336] XFS (sdb3): Ending clean mount
[    9.064350] Adding 33554428k swap on /dev/sdb1.  Priority:-2 extents:1 across:33554428k SSDscFS
[    9.363408] [drm] fb mappable at 0xD0BD4000
[    9.363412] [drm] vram apper at 0xD0000000
[    9.363412] [drm] size 8294400
[    9.363413] [drm] fb depth is 24
[    9.363414] [drm]    pitch is 7680
[    9.363553] fbcon: amdgpu (fb0) is primary device
[    9.915393] Console: switching to colour frame buffer device 240x67
[    9.919939] amdgpu 0000:01:00.0: [drm] fb0: amdgpu frame buffer device
[    9.943919] [drm] Initialized amdgpu 3.41.0 20150101 for 0000:01:00.0 on minor 0
[   20.363332] iwlwifi 0000:03:00.0: Radio type=0x0-0x3-0x1
[   20.606412] iwlwifi 0000:03:00.0: Radio type=0x0-0x3-0x1
[   23.911643] e1000e 0000:00:19.0 eth0: NIC Link is Up 1000 Mbps Full Duplex, Flow Control: Rx/Tx
[   28.250420] Guest personality initialized and is inactive
[   28.250474] VMCI host device registered (name=vmci, major=10, minor=120)
[   28.250476] Initialized host personality
[   28.266093] NET: Registered protocol family 40
[   48.927772] APFS: FS Version 1.4-dragon
[   52.660116] ntfs3: Index binary search
[   52.660119] ntfs3: Hot fix free clusters
[   52.660119] ntfs3: Max link count 1024
[   52.660121] ntfs3: Enabled Linux POSIX ACLs support
[   52.660121] ntfs3: Activated 32 bits per cluster
[   52.660122] ntfs3: Read-only lzx/xpress compression included
[   55.169202] device eth0 entered promiscuous mode
[  127.017144] DKLM: Valid system, Dragon kernel license activated!
[  127.017148] DKLM: Unlimited User License, registered to: Dragon Team (wip.kernel@gmail.com)
</pre>
</body>
</html>
