<?xml version="1.0" encoding="UTF-8" ?>
<!DOCTYPE html PUBLIC "-//W3C//DTD XHTML 1.0 Strict//EN" "http://www.w3.org/TR/xhtml1/DTD/xhtml1-strict.dtd">
<html xmlns="http://www.w3.org/1999/xhtml">
<head>
<meta http-equiv="Content-Type" content="application/xml+xhtml; charset=UTF-8" />
<title>Dell Precision M6600 (Sandy Bridge)</title>
</head>
<body style="color:white; background-color:black">
<pre>
[    0.000000] microcode: microcode updated early to revision 0x2f, date = 2019-02-17
[    0.000000] Linux version 5.13.8-dragon-sandybridge (root@wip) (Ubuntu clang version 13.0.0-++20210604083542+8d581857d771-1~exp1~20210604184333.446, LLD 13.0.0) #202106050001 DRAGON SMP Sat Jun 5 13:05:58 UTC 2021
[    0.000000] Command line: BOOT_IMAGE=/boot/vmlinuz-5.13.8-dragon-sandybridge root=/dev/sda3 ro amdgpu.si_support=0 amdgpu.cik_support=1 amdgpu.vm_fragment_size=9 amdgpu.ppfeaturemask=0 clocksource=hpet trace_clock=global modprobe.blacklist=radeon,lpc_ich crashkernel=auto log_buf_len=4M randomize_kstack_offset=1 rootfstype=xfs rootflags=discard root=/dev/sda3 noresume systemd.gpt_auto=0 net.ifnames=0 biosdevname=0 mds=full ipv6.disable=1 iommu=force intel_iommu=on spectre_v2_user_ibpb_mode=enter randomize_vmalloc=1 memory_hotplug.memmap_on_memory=on
[    0.000000] KERNEL supported cpus:
[    0.000000]   Intel GenuineIntel
[    0.000000]   AMD AuthenticAMD
[    0.000000]   Hygon HygonGenuine
[    0.000000]   Centaur CentaurHauls
[    0.000000]   zhaoxin   Shanghai  
[    0.000000] x86/fpu: Supporting XSAVE feature 0x001: 'x87 floating point registers'
[    0.000000] x86/fpu: Supporting XSAVE feature 0x002: 'SSE registers'
[    0.000000] x86/fpu: Supporting XSAVE feature 0x004: 'AVX registers'
[    0.000000] x86/fpu: xstate_offset[2]:  576, xstate_sizes[2]:  256
[    0.000000] x86/fpu: Enabled xstate features 0x7, context size is 832 bytes, using 'standard' format.
[    0.000000] signal: max sigframe size: 1776
[    0.000000] BIOS-provided physical RAM map:
[    0.000000] BIOS-e820: [mem 0x0000000000000000-0x000000000009ffff] usable
[    0.000000] BIOS-e820: [mem 0x0000000000100000-0x00000000cee22fff] usable
[    0.000000] BIOS-e820: [mem 0x00000000cee23000-0x00000000cee66fff] reserved
[    0.000000] BIOS-e820: [mem 0x00000000cee67000-0x00000000cf152fff] usable
[    0.000000] BIOS-e820: [mem 0x00000000cf153000-0x00000000cf1e6fff] reserved
[    0.000000] BIOS-e820: [mem 0x00000000cf1e7000-0x00000000cf3e6fff] ACPI NVS
[    0.000000] BIOS-e820: [mem 0x00000000cf3e7000-0x00000000cf3fefff] ACPI data
[    0.000000] BIOS-e820: [mem 0x00000000cf3ff000-0x00000000cf3fffff] usable
[    0.000000] BIOS-e820: [mem 0x00000000fed1c000-0x00000000fed1ffff] reserved
[    0.000000] BIOS-e820: [mem 0x00000000ffc00000-0x00000000ffc1ffff] reserved
[    0.000000] BIOS-e820: [mem 0x0000000100000000-0x000000042dffffff] usable
[    0.000000] NX (Execute Disable) protection: active
[    0.000000] e820: update [mem 0xcbcb8018-0xcbcd6e57] usable ==> usable
[    0.000000] e820: update [mem 0xcbcb8018-0xcbcd6e57] usable ==> usable
[    0.000000] extended physical RAM map:
[    0.000000] reserve setup_data: [mem 0x0000000000000000-0x000000000009ffff] usable
[    0.000000] reserve setup_data: [mem 0x0000000000100000-0x00000000cbcb8017] usable
[    0.000000] reserve setup_data: [mem 0x00000000cbcb8018-0x00000000cbcd6e57] usable
[    0.000000] reserve setup_data: [mem 0x00000000cbcd6e58-0x00000000cee22fff] usable
[    0.000000] reserve setup_data: [mem 0x00000000cee23000-0x00000000cee66fff] reserved
[    0.000000] reserve setup_data: [mem 0x00000000cee67000-0x00000000cf152fff] usable
[    0.000000] reserve setup_data: [mem 0x00000000cf153000-0x00000000cf1e6fff] reserved
[    0.000000] reserve setup_data: [mem 0x00000000cf1e7000-0x00000000cf3e6fff] ACPI NVS
[    0.000000] reserve setup_data: [mem 0x00000000cf3e7000-0x00000000cf3fefff] ACPI data
[    0.000000] reserve setup_data: [mem 0x00000000cf3ff000-0x00000000cf3fffff] usable
[    0.000000] reserve setup_data: [mem 0x00000000fed1c000-0x00000000fed1ffff] reserved
[    0.000000] reserve setup_data: [mem 0x00000000ffc00000-0x00000000ffc1ffff] reserved
[    0.000000] reserve setup_data: [mem 0x0000000100000000-0x000000042dffffff] usable
[    0.000000] efi: EFI v2.00 by American Megatrends
[    0.000000] efi: ACPI 2.0=0xcf3fef98 SMBIOS=0xcf1a8f18 
[    0.000000] SMBIOS 2.6 present.
[    0.000000] DMI: Dell Inc. Precision M6600/04YY4M, BIOS A18 09/14/2018
[    0.000000] tsc: Fast TSC calibration using PIT
[    0.000000] tsc: Detected 2494.560 MHz processor
[    0.000733] e820: update [mem 0x00000000-0x00000fff] usable ==> reserved
[    0.000736] e820: remove [mem 0x000a0000-0x000fffff] usable
[    0.000741] last_pfn = 0x42e000 max_arch_pfn = 0x400000000
[    0.001595] x86/PAT: Configuration [0-7]: WB  WC  UC- UC  WB  WP  UC- WT  
[    0.002688] total RAM covered: 16348M
[    0.003006] Found optimal setting for mtrr clean up
[    0.003007]  gran_size: 64K 	chunk_size: 64M 	num_reg: 9  	lose cover RAM: 0G
[    0.004031] e820: update [mem 0xcf400000-0xcf7fffff] usable ==> reserved
[    0.004037] e820: update [mem 0xd0000000-0xffffffff] usable ==> reserved
[    0.004041] last_pfn = 0xcf400 max_arch_pfn = 0x400000000
[    0.005844] found SMP MP-table at [mem 0x000f1bc0-0x000f1bcf]
[    0.005875] kexec: Reserving the low 1M of memory for crashkernel
[    0.009797] printk: log_buf_len: 4194304 bytes
[    0.009801] printk: early log buf free: 257520(98%)
[    0.009803] Secure boot disabled
[    0.009805] ACPI: Early table checksum verification disabled
[    0.009810] ACPI: RSDP 0x00000000CF3FEF98 000024 (v02 DELL  )
[    0.009815] ACPI: XSDT 0x00000000CF3FDE18 000084 (v01 DELL   CBX3     06222004 MSFT 00010013)
[    0.009822] ACPI: FACP 0x00000000CF377D98 0000F4 (v04 DELL   CBX3     06222004 MSFT 00010013)
[    0.009829] ACPI: DSDT 0x00000000CF344018 008A43 (v02 INT430 SYSFexxx 00001001 INTL 20090903)
[    0.009833] ACPI: FACS 0x00000000CF3D4E40 000040
[    0.009837] ACPI: FACS 0x00000000CF3D4D40 000040
[    0.009840] ACPI: APIC 0x00000000CF3FCF18 0000CC (v02 DELL   CBX3     06222004 MSFT 00010013)
[    0.009843] ACPI: TCPA 0x00000000CF3D5D18 000032 (v02                 00000000      00000000)
[    0.009847] ACPI: SSDT 0x00000000CF378A98 0002F9 (v01 DELLTP TPM      00003000 INTL 20090903)
[    0.009851] ACPI: MCFG 0x00000000CF3D5C98 00003C (v01 DELL   SNDYBRDG 06222004 MSFT 00000097)
[    0.009855] ACPI: HPET 0x00000000CF3D5C18 000038 (v01 A M I   PCHHPET 06222004 AMI. 00000003)
[    0.009858] ACPI: BOOT 0x00000000CF3D5B98 000028 (v01 DELL   CBX3     06222004 AMI  00010013)
[    0.009862] ACPI: SSDT 0x00000000CF35B018 000804 (v01 PmRef  Cpu0Ist  00003000 INTL 20090903)
[    0.009866] ACPI: SSDT 0x00000000CF35A018 000996 (v01 PmRef  CpuPm    00003000 INTL 20090903)
[    0.009869] ACPI: DMAR 0x00000000CF3D4A18 0000B0 (v01 INTEL  SNB      00000001 INTL 00000001)
[    0.009873] ACPI: SLIC 0x00000000CF364C18 000176 (v03 DELL   CBX3     06222004 MSFT 00010013)
[    0.009877] ACPI: SSDT 0x00000000CF363818 000798 (v01 AmdRef AmdTabl  00001000 INTL 20090903)
[    0.009880] ACPI: Reserving FACP table memory at [mem 0xcf377d98-0xcf377e8b]
[    0.009883] ACPI: Reserving DSDT table memory at [mem 0xcf344018-0xcf34ca5a]
[    0.009884] ACPI: Reserving FACS table memory at [mem 0xcf3d4e40-0xcf3d4e7f]
[    0.009886] ACPI: Reserving FACS table memory at [mem 0xcf3d4d40-0xcf3d4d7f]
[    0.009887] ACPI: Reserving APIC table memory at [mem 0xcf3fcf18-0xcf3fcfe3]
[    0.009889] ACPI: Reserving TCPA table memory at [mem 0xcf3d5d18-0xcf3d5d49]
[    0.009890] ACPI: Reserving SSDT table memory at [mem 0xcf378a98-0xcf378d90]
[    0.009891] ACPI: Reserving MCFG table memory at [mem 0xcf3d5c98-0xcf3d5cd3]
[    0.009893] ACPI: Reserving HPET table memory at [mem 0xcf3d5c18-0xcf3d5c4f]
[    0.009894] ACPI: Reserving BOOT table memory at [mem 0xcf3d5b98-0xcf3d5bbf]
[    0.009896] ACPI: Reserving SSDT table memory at [mem 0xcf35b018-0xcf35b81b]
[    0.009897] ACPI: Reserving SSDT table memory at [mem 0xcf35a018-0xcf35a9ad]
[    0.009898] ACPI: Reserving DMAR table memory at [mem 0xcf3d4a18-0xcf3d4ac7]
[    0.009900] ACPI: Reserving SLIC table memory at [mem 0xcf364c18-0xcf364d8d]
[    0.009901] ACPI: Reserving SSDT table memory at [mem 0xcf363818-0xcf363faf]
[    0.009972] No NUMA configuration found
[    0.009974] Faking a node at [mem 0x0000000000000000-0x000000042dffffff]
[    0.009984] NODE_DATA(0) allocated [mem 0x42cdc9000-0x42cdf3fff]
[    0.010270] cma: Reserved 1636 MiB at 0x0000000100000000
[    0.010276] crashkernel: memory value expected
[    0.010306] Zone ranges:
[    0.010307]   DMA      [mem 0x0000000000001000-0x0000000000ffffff]
[    0.010310]   DMA32    [mem 0x0000000001000000-0x00000000ffffffff]
[    0.010312]   Normal   [mem 0x0000000100000000-0x000000042dffffff]
[    0.010314]   Device   empty
[    0.010315] Movable zone start for each node
[    0.010317] Early memory node ranges
[    0.010318]   node   0: [mem 0x0000000000001000-0x000000000009ffff]
[    0.010320]   node   0: [mem 0x0000000000100000-0x00000000cee22fff]
[    0.010322]   node   0: [mem 0x00000000cee67000-0x00000000cf152fff]
[    0.010323]   node   0: [mem 0x00000000cf3ff000-0x00000000cf3fffff]
[    0.010325]   node   0: [mem 0x0000000100000000-0x000000042dffffff]
[    0.010327] Initmem setup node 0 [mem 0x0000000000001000-0x000000042dffffff]
[    0.010663]   DMA zone: 28769 pages in unavailable ranges
[    0.019096]   DMA32 zone: 3824 pages in unavailable ranges
[    0.052378]   Normal zone: 8192 pages in unavailable ranges
[    0.052596] ACPI: PM-Timer IO Port: 0x408
[    0.052613] IOAPIC[0]: apic_id 2, version 32, address 0xfec00000, GSI 0-23
[    0.052617] ACPI: INT_SRC_OVR (bus 0 bus_irq 0 global_irq 2 dfl dfl)
[    0.052620] ACPI: INT_SRC_OVR (bus 0 bus_irq 9 global_irq 9 high level)
[    0.052624] ACPI: Using ACPI (MADT) for SMP configuration information
[    0.052626] ACPI: HPET id: 0x8086a701 base: 0xfed00000
[    0.052631] TSC deadline timer available
[    0.052632] smpboot: Allowing 16 CPUs, 8 hotplug CPUs
[    0.052646] PM: hibernation: Registered nosave memory: [mem 0x00000000-0x00000fff]
[    0.052649] PM: hibernation: Registered nosave memory: [mem 0x000a0000-0x000fffff]
[    0.052651] PM: hibernation: Registered nosave memory: [mem 0xcbcb8000-0xcbcb8fff]
[    0.052653] PM: hibernation: Registered nosave memory: [mem 0xcbcd6000-0xcbcd6fff]
[    0.052655] PM: hibernation: Registered nosave memory: [mem 0xcee23000-0xcee66fff]
[    0.052657] PM: hibernation: Registered nosave memory: [mem 0xcf153000-0xcf1e6fff]
[    0.052658] PM: hibernation: Registered nosave memory: [mem 0xcf1e7000-0xcf3e6fff]
[    0.052660] PM: hibernation: Registered nosave memory: [mem 0xcf3e7000-0xcf3fefff]
[    0.052661] PM: hibernation: Registered nosave memory: [mem 0xcf400000-0xfed1bfff]
[    0.052663] PM: hibernation: Registered nosave memory: [mem 0xfed1c000-0xfed1ffff]
[    0.052664] PM: hibernation: Registered nosave memory: [mem 0xfed20000-0xffbfffff]
[    0.052665] PM: hibernation: Registered nosave memory: [mem 0xffc00000-0xffc1ffff]
[    0.052666] PM: hibernation: Registered nosave memory: [mem 0xffc20000-0xffffffff]
[    0.052669] [mem 0xcf400000-0xfed1bfff] available for PCI devices
[    0.052673] clocksource: refined-jiffies: mask: 0xffffffff max_cycles: 0xffffffff, max_idle_ns: 2548493796700712 ns
[    0.062780] setup_percpu: NR_CPUS:8192 nr_cpumask_bits:16 nr_cpu_ids:16 nr_node_ids:1
[    0.063572] percpu: Embedded 56 pages/cpu s192512 r8192 d28672 u262144
[    0.063580] pcpu-alloc: s192512 r8192 d28672 u262144 alloc=1*2097152
[    0.063583] pcpu-alloc: [0] 00 01 02 03 04 05 06 07 [0] 08 09 10 11 12 13 14 15 
[    0.063615] Built 1 zonelists, mobility grouping on.  Total pages: 4116683
[    0.063617] Policy zone: Normal
[    0.063619] Kernel command line: BOOT_IMAGE=/boot/vmlinuz-5.13.8-dragon-sandybridge root=/dev/sda3 ro amdgpu.si_support=0 amdgpu.cik_support=1 amdgpu.vm_fragment_size=9 amdgpu.ppfeaturemask=0 clocksource=hpet trace_clock=global modprobe.blacklist=radeon,lpc_ich crashkernel=auto log_buf_len=4M randomize_kstack_offset=1 rootfstype=xfs rootflags=discard root=/dev/sda3 noresume systemd.gpt_auto=0 net.ifnames=0 biosdevname=0 mds=full ipv6.disable=1 iommu=force intel_iommu=on spectre_v2_user_ibpb_mode=enter randomize_vmalloc=1 memory_hotplug.memmap_on_memory=on
[    0.063810] DMAR: IOMMU enabled
[    0.063831] Dragon Kernel version info: This internal testing release Dragon Team. Public distribution prohibited!
[    0.063833] Project URL & support on Dragon Kernel: https://dragon-kernel.site, E-Mail: wip.kernel@gmail.com
[    0.065631] Dentry cache hash table entries: 2097152 (order: 12, 16777216 bytes, linear)
[    0.066565] Inode-cache hash table entries: 1048576 (order: 11, 8388608 bytes, linear)
[    0.067195] mem auto-init: stack:all(zero), heap alloc:on, heap free:on
[    0.067197] mem auto-init: clearing system memory may take some time...
[    1.779903] Memory: 14542448K/16728764K available (22547K kernel code, 3843K rwdata, 6792K rodata, 2568K init, 7720K bss, 510788K reserved, 1675264K cma-reserved)
[    1.779922] lrng_drng: ChaCha20 core initialized with first seeding
[    1.780073] SLUB: HWalign=64, Order=0-3, MinObjects=0, CPUs=16, Nodes=1
[    1.780085] Kernel/User page tables isolation: enabled
[    1.780103] ftrace: allocating 58181 entries in 228 pages
[    1.791253] ftrace: allocated 228 pages with 4 groups
[    1.791364] rcu: Hierarchical RCU implementation.
[    1.791366] rcu: 	RCU restricting CPUs from NR_CPUS=8192 to nr_cpu_ids=16.
[    1.791368] 	Trampoline variant of Tasks RCU enabled.
[    1.791369] 	Rude variant of Tasks RCU enabled.
[    1.791370] 	Tracing variant of Tasks RCU enabled.
[    1.791371] rcu: RCU calculated value of scheduler-enlistment delay is 75 jiffies.
[    1.791372] rcu: Adjusting geometry for rcu_fanout_leaf=16, nr_cpu_ids=16
[    1.794846] NR_IRQS: 524544, nr_irqs: 552, preallocated irqs: 16
[    1.795209] kfence: initialized - using 4202496 bytes for 512 objects at 0x(____ptrval____)-0x(____ptrval____)
[    1.795258] Console: colour dummy device 80x25
[    1.795515] printk: console [tty0] enabled
[    1.795540] ACPI: Core revision 20210604
[    1.795643] clocksource: hpet: mask: 0xffffffff max_cycles: 0xffffffff, max_idle_ns: 133484882848 ns
[    1.795662] APIC: Switch to symmetric I/O mode setup
[    1.795665] DMAR: Host address width 36
[    1.795667] DMAR: DRHD base: 0x000000fed91000 flags: 0x1
[    1.795674] DMAR: dmar0: reg_base_addr fed91000 ver 1:0 cap c9008020660262 ecap f0105a
[    1.795678] DMAR: RMRR base: 0x000000cf1c6000 end: 0x000000cf1d5fff
[    1.795683] DMAR-IR: IOAPIC id 2 under DRHD base  0xfed91000 IOMMU 0
[    1.795686] DMAR-IR: HPET id 0 under DRHD base 0xfed91000
[    1.795688] DMAR-IR: Queued invalidation will be enabled to support x2apic and Intr-remapping.
[    1.795774] DMAR-IR: Enabled IRQ remapping in x2apic mode
[    1.795777] x2apic enabled
[    1.795784] Switched APIC routing to cluster x2apic.
[    1.796216] ..TIMER: vector=0x30 apic1=0 pin1=2 apic2=-1 pin2=-1
[    1.802328] clocksource: tsc-early: mask: 0xffffffffffffffff max_cycles: 0x23f526d5dc9, max_idle_ns: 440795243259 ns
[    1.802338] Calibrating delay loop (skipped), value calculated using timer frequency.. 4994.46 BogoMIPS (lpj=3326080)
[    1.802343] pid_max: default: 32768 minimum: 301
[    1.813038] LSM: Security Framework initializing
[    1.813068] Smack:  Initializing.
[    1.813070] Smack:  Netfilter enabled.
[    1.813072] Smack:  IPv6 Netfilter enabled.
[    1.813103] Mount-cache hash table entries: 32768 (order: 6, 262144 bytes, linear)
[    1.813109] Mountpoint-cache hash table entries: 32768 (order: 6, 262144 bytes, linear)
[    1.813383] CPU0: Thermal monitoring enabled (TM1)
[    1.813408] process: using mwait in idle threads
[    1.813412] Last level iTLB entries: 4KB 512, 2MB 8, 4MB 8
[    1.813414] Last level dTLB entries: 4KB 512, 2MB 32, 4MB 32, 1GB 0
[    1.813424] Spectre V1 : Mitigation: usercopy/swapgs barriers and __user pointer sanitization
[    1.813431] Spectre V2 : Mitigation: Full generic retpoline
[    1.813433] Spectre V2 : Spectre v2 / SpectreRSB mitigation: Filling RSB on context switch
[    1.813436] Spectre V2 : Enabling Restricted Speculation for firmware calls
[    1.813440] Spectre V2 : mitigation: Enabling conditional Indirect Branch Prediction Barrier
[    1.813446] Spectre V2 : User space: Mitigation: STIBP via seccomp and prctl
[    1.813451] Speculative Store Bypass: Mitigation: Speculative Store Bypass disabled via prctl and seccomp
[    1.813457] MDS: Mitigation: Clear CPU buffers
[    1.815939] Freeing SMP alternatives memory: 60K
[    1.816925] smpboot: Estimated ratio of average max frequency by base frequency (times 1024): 1310
[    1.816937] smpboot: CPU0: Intel(R) Core(TM) i7-2920XM CPU @ 2.50GHz (family: 0x6, model: 0x2a, stepping: 0x7)
[    1.817001] Performance Events: PEBS fmt1+, SandyBridge events, 16-deep LBR, full-width counters, Intel PMU driver.
[    1.817001] ... version:                3
[    1.817001] ... bit width:              48
[    1.817001] ... generic registers:      4
[    1.817001] ... value mask:             0000ffffffffffff
[    1.817001] ... max period:             00007fffffffffff
[    1.817001] ... fixed-purpose events:   3
[    1.817001] ... event mask:             000000070000000f
[    1.817001] rcu: Hierarchical SRCU implementation.
[    1.817340] NMI watchdog: Enabled. Permanently consumes one hw-PMU counter.
[    1.817468] smp: Bringing up secondary CPUs ...
[    1.817556] x86: Booting SMP configuration:
[    1.817559] .... node  #0, CPUs:        #1  #2  #3  #4  #5  #6  #7
[    1.830389] smp: Brought up 1 node, 8 CPUs
[    1.830389] smpboot: Max logical packages: 2
[    1.830389] smpboot: Total of 8 processors activated (39952.73 BogoMIPS)
[    1.832488] devtmpfs: initialized
[    1.832488] x86/mm: Memory block size: 128MB
[    1.834032] PM: Registering ACPI NVS region [mem 0xcf1e7000-0xcf3e6fff] (2097152 bytes)
[    1.834032] reboot: Dell Precision M6600 series board detected. Selecting PCI-method for reboots.
[    1.834032] clocksource: jiffies: mask: 0xffffffff max_cycles: 0xffffffff, max_idle_ns: 2548346626961994 ns
[    1.834032] futex hash table entries: 4096 (order: 6, 262144 bytes, linear)
[    1.977881] pinctrl core: initialized pinctrl subsystem
[    1.978026] PM: RTC time: 13:19:21, date: 2021-06-05
[    1.978198] NET: Registered protocol family 16
[    1.978567] DMA: preallocated 2048 KiB GFP_KERNEL pool for atomic allocations
[    1.978576] DMA: preallocated 2048 KiB GFP_KERNEL|GFP_DMA pool for atomic allocations
[    1.978581] DMA: preallocated 2048 KiB GFP_KERNEL|GFP_DMA32 pool for atomic allocations
[    1.978608] audit: initializing netlink subsys (disabled)
[    1.978624] audit: type=2000 audit(1622899161.182:1): state=initialized audit_enabled=0 res=1
[    1.978624] thermal_sys: Registered thermal governor 'fair_share'
[    1.978624] thermal_sys: Registered thermal governor 'bang_bang'
[    1.978624] thermal_sys: Registered thermal governor 'step_wise'
[    1.978624] thermal_sys: Registered thermal governor 'user_space'
[    1.978624] thermal_sys: Registered thermal governor 'power_allocator'
[    1.978624] cpuidle: using governor ladder
[    1.978624] cpuidle: using governor menu
[    1.978624] Simple Boot Flag at 0xf3 set to 0x80
[    1.978624] ACPI FADT declares the system doesn't support PCIe ASPM, so disable it
[    1.978624] ACPI: bus type PCI registered
[    1.978624] acpiphp: ACPI Hot Plug PCI Controller Driver version: 0.5
[    1.978682] PCI: MMCONFIG for domain 0000 [bus 00-3f] at [mem 0xf8000000-0xfbffffff] (base 0xf8000000)
[    1.978690] PCI: not using MMCONFIG
[    1.978696] PCI: Using configuration type 1 for base access
[    1.978780] core: PMU erratum BJ122, BV98, HSD29 worked around, HT is on
[    1.979182] ENERGY_PERF_BIAS: Set to 'normal', was 'performance'
[    2.012122] Kprobes globally optimized
[    2.013030] HugeTLB registered 2.00 MiB page size, pre-allocated 0 pages
[    2.035692] raid6: sse2x4   gen() 10553 MB/s
[    2.058363] raid6: sse2x4   xor()  6489 MB/s
[    2.081034] raid6: sse2x2   gen() 11744 MB/s
[    2.103705] raid6: sse2x2   xor()  6897 MB/s
[    2.126375] raid6: sse2x1   gen() 10155 MB/s
[    2.149046] raid6: sse2x1   xor()  5788 MB/s
[    2.149048] raid6: using algorithm sse2x2 gen() 11744 MB/s
[    2.149051] raid6: .... xor() 6897 MB/s, rmw enabled
[    2.149054] raid6: using ssse3x2 recovery algorithm
[    2.149160] ACPI: Added _OSI(Module Device)
[    2.149163] ACPI: Added _OSI(Processor Device)
[    2.149166] ACPI: Added _OSI(3.0 _SCP Extensions)
[    2.149168] ACPI: Added _OSI(Processor Aggregator Device)
[    2.149171] ACPI: Added _OSI(Linux-Dell-Video)
[    2.149173] ACPI: Added _OSI(Linux-Lenovo-NV-HDMI-Audio)
[    2.149176] ACPI: Added _OSI(Linux-HPI-Hybrid-Graphics)
[    2.158318] ACPI: 5 ACPI AML tables successfully acquired and loaded
[    2.159444] ACPI: [Firmware Bug]: BIOS _OSI(Linux) query ignored
[    2.162879] ACPI: Dynamic OEM Table Load:
[    2.162890] ACPI: SSDT 0xFFFF8DEE277C8800 000727 (v01 PmRef  Cpu0Cst  00003001 INTL 20090903)
[    2.163771] ACPI: Dynamic OEM Table Load:
[    2.163779] ACPI: SSDT 0xFFFF8DEE27358000 000303 (v01 PmRef  ApIst    00003000 INTL 20090903)
[    2.164417] ACPI: Dynamic OEM Table Load:
[    2.164424] ACPI: SSDT 0xFFFF8DEE27616400 000119 (v01 PmRef  ApCst    00003000 INTL 20090903)
[    2.166943] ACPI: EC: EC started
[    2.166946] ACPI: EC: interrupt blocked
[    2.168287] ACPI: EC: EC_CMD/EC_SC=0x934, EC_DATA=0x930
[    2.168293] ACPI: \_SB_.PCI0.LPCB.ECDV: Boot DSDT EC used to handle transactions
[    2.168297] ACPI: Interpreter enabled
[    2.168322] ACPI: (supports S0 S3 S4 S5)
[    2.168325] ACPI: Using IOAPIC for interrupt routing
[    2.168357] PCI: MMCONFIG for domain 0000 [bus 00-3f] at [mem 0xf8000000-0xfbffffff] (base 0xf8000000)
[    2.168953] PCI: MMCONFIG at [mem 0xf8000000-0xfbffffff] reserved in ACPI motherboard resources
[    2.168966] PCI: Using host bridge windows from ACPI; if necessary, use "pci=nocrs" and report a bug
[    2.169208] ACPI: Enabled 5 GPEs in block 00 to 3F
[    2.183632] ACPI: PCI Root Bridge [PCI0] (domain 0000 [bus 00-3e])
[    2.183643] acpi PNP0A08:00: _OSC: OS supports [ExtendedConfig ASPM ClockPM Segments MSI EDR HPX-Type3]
[    2.183709] acpi PNP0A08:00: _OSC: platform retains control of PCIe features (AE_ERROR)
[    2.184121] acpi PNP0A08:00: Fix up PCI start address: cf400000 -> d0000
[    2.184360] PCI host bridge to bus 0000:00
[    2.184363] pci_bus 0000:00: root bus resource [io  0x0000-0x0cf7 window]
[    2.184368] pci_bus 0000:00: root bus resource [io  0x0d00-0xffff window]
[    2.184371] pci_bus 0000:00: root bus resource [mem 0x000a0000-0x000bffff window]
[    2.184375] pci_bus 0000:00: root bus resource [mem 0x000d0000-0x000d3fff window]
[    2.184378] pci_bus 0000:00: root bus resource [mem 0x000d4000-0x000d7fff window]
[    2.184382] pci_bus 0000:00: root bus resource [mem 0x000d8000-0x000dbfff window]
[    2.184386] pci_bus 0000:00: root bus resource [mem 0x000dc000-0x000dffff window]
[    2.184389] pci_bus 0000:00: root bus resource [mem 0xd0000000-0xfeafffff window]
[    2.184393] pci_bus 0000:00: root bus resource [mem 0xfed40000-0xfed44fff window]
[    2.184397] pci_bus 0000:00: root bus resource [bus 00-3e]
[    2.184412] pci 0000:00:00.0: [8086:0104] type 00 class 0x060000
[    2.184521] pci 0000:00:01.0: [8086:0101] type 01 class 0x060400
[    2.184562] pci 0000:00:01.0: PME# supported from D0 D3hot D3cold
[    2.184722] pci 0000:00:16.0: [8086:1c3a] type 00 class 0x078000
[    2.184746] pci 0000:00:16.0: reg 0x10: [mem 0xe42b0000-0xe42b000f 64bit]
[    2.184824] pci 0000:00:16.0: PME# supported from D0 D3hot D3cold
[    2.184923] pci 0000:00:16.3: [8086:1c3d] type 00 class 0x070002
[    2.184940] pci 0000:00:16.3: reg 0x10: [io  0x80a0-0x80a7]
[    2.184949] pci 0000:00:16.3: reg 0x14: [mem 0xe4290000-0xe4290fff]
[    2.185108] pci 0000:00:19.0: [8086:1502] type 00 class 0x020000
[    2.185125] pci 0000:00:19.0: reg 0x10: [mem 0xe4200000-0xe421ffff]
[    2.185136] pci 0000:00:19.0: reg 0x14: [mem 0xe4280000-0xe4280fff]
[    2.185147] pci 0000:00:19.0: reg 0x18: [io  0x8040-0x805f]
[    2.185211] pci 0000:00:19.0: PME# supported from D0 D3hot D3cold
[    2.185336] pci 0000:00:1a.0: [8086:1c2d] type 00 class 0x0c0320
[    2.185355] pci 0000:00:1a.0: reg 0x10: [mem 0xe4270000-0xe42703ff]
[    2.185443] pci 0000:00:1a.0: PME# supported from D0 D3hot D3cold
[    2.185568] pci 0000:00:1b.0: [8086:1c20] type 00 class 0x040300
[    2.185588] pci 0000:00:1b.0: reg 0x10: [mem 0xe4260000-0xe4263fff 64bit]
[    2.185670] pci 0000:00:1b.0: PME# supported from D0 D3hot D3cold
[    2.185800] pci 0000:00:1c.0: [8086:1c10] type 01 class 0x060400
[    2.185894] pci 0000:00:1c.0: PME# supported from D0 D3hot D3cold
[    2.185920] pci 0000:00:1c.0: Enabling MPC IRBNCE
[    2.185925] pci 0000:00:1c.0: Intel PCH root port ACS workaround enabled
[    2.186059] pci 0000:00:1c.1: [8086:1c12] type 01 class 0x060400
[    2.186153] pci 0000:00:1c.1: PME# supported from D0 D3hot D3cold
[    2.186179] pci 0000:00:1c.1: Enabling MPC IRBNCE
[    2.186184] pci 0000:00:1c.1: Intel PCH root port ACS workaround enabled
[    2.186318] pci 0000:00:1c.2: [8086:1c14] type 01 class 0x060400
[    2.186414] pci 0000:00:1c.2: PME# supported from D0 D3hot D3cold
[    2.186439] pci 0000:00:1c.2: Enabling MPC IRBNCE
[    2.186443] pci 0000:00:1c.2: Intel PCH root port ACS workaround enabled
[    2.186565] pci 0000:00:1c.3: [8086:1c16] type 01 class 0x060400
[    2.186658] pci 0000:00:1c.3: PME# supported from D0 D3hot D3cold
[    2.186683] pci 0000:00:1c.3: Enabling MPC IRBNCE
[    2.186687] pci 0000:00:1c.3: Intel PCH root port ACS workaround enabled
[    2.186821] pci 0000:00:1c.7: [8086:1c1e] type 01 class 0x060400
[    2.186920] pci 0000:00:1c.7: PME# supported from D0 D3hot D3cold
[    2.186945] pci 0000:00:1c.7: Enabling MPC IRBNCE
[    2.186950] pci 0000:00:1c.7: Intel PCH root port ACS workaround enabled
[    2.187070] pci 0000:00:1d.0: [8086:1c26] type 00 class 0x0c0320
[    2.187089] pci 0000:00:1d.0: reg 0x10: [mem 0xe4250000-0xe42503ff]
[    2.187176] pci 0000:00:1d.0: PME# supported from D0 D3hot D3cold
[    2.187302] pci 0000:00:1f.0: [8086:1c4f] type 00 class 0x060100
[    2.187522] pci 0000:00:1f.2: [8086:1c03] type 00 class 0x010601
[    2.187537] pci 0000:00:1f.2: reg 0x10: [io  0x8090-0x8097]
[    2.187547] pci 0000:00:1f.2: reg 0x14: [io  0x8080-0x8083]
[    2.187557] pci 0000:00:1f.2: reg 0x18: [io  0x8070-0x8077]
[    2.187566] pci 0000:00:1f.2: reg 0x1c: [io  0x8060-0x8063]
[    2.187576] pci 0000:00:1f.2: reg 0x20: [io  0x8020-0x803f]
[    2.187585] pci 0000:00:1f.2: reg 0x24: [mem 0xe4240000-0xe42407ff]
[    2.187630] pci 0000:00:1f.2: PME# supported from D3hot
[    2.187749] pci 0000:00:1f.3: [8086:1c22] type 00 class 0x0c0500
[    2.187769] pci 0000:00:1f.3: reg 0x10: [mem 0xe4230000-0xe42300ff 64bit]
[    2.187792] pci 0000:00:1f.3: reg 0x20: [io  0x8000-0x801f]
[    2.187975] pci 0000:01:00.0: [1002:6640] type 00 class 0x030000
[    2.188001] pci 0000:01:00.0: reg 0x10: [mem 0xd0000000-0xdfffffff 64bit pref]
[    2.188019] pci 0000:01:00.0: reg 0x18: [mem 0xe0000000-0xe07fffff 64bit pref]
[    2.188030] pci 0000:01:00.0: reg 0x20: [io  0x7000-0x70ff]
[    2.188041] pci 0000:01:00.0: reg 0x24: [mem 0xe4100000-0xe413ffff]
[    2.188052] pci 0000:01:00.0: reg 0x30: [mem 0xe4140000-0xe415ffff pref]
[    2.188063] pci 0000:01:00.0: enabling Extended Tags
[    2.188081] pci 0000:01:00.0: BAR 0: assigned to efifb
[    2.188141] pci 0000:01:00.0: supports D1 D2
[    2.188144] pci 0000:01:00.0: PME# supported from D1 D2 D3hot
[    2.188188] pci 0000:01:00.0: 64.000 Gb/s available PCIe bandwidth, limited by 5.0 GT/s PCIe x16 link at 0000:00:01.0 (capable of 126.016 Gb/s with 8.0 GT/s PCIe x16 link)
[    2.188285] pci 0000:01:00.1: [1002:aac0] type 00 class 0x040300
[    2.188309] pci 0000:01:00.1: reg 0x10: [mem 0xe4160000-0xe4163fff 64bit]
[    2.188351] pci 0000:01:00.1: enabling Extended Tags
[    2.188414] pci 0000:01:00.1: supports D1 D2
[    2.188502] pci 0000:00:01.0: PCI bridge to [bus 01]
[    2.188507] pci 0000:00:01.0:   bridge window [io  0x7000-0x7fff]
[    2.188511] pci 0000:00:01.0:   bridge window [mem 0xe4100000-0xe41fffff]
[    2.188516] pci 0000:00:01.0:   bridge window [mem 0xd0000000-0xe07fffff 64bit pref]
[    2.188572] pci 0000:00:1c.0: PCI bridge to [bus 02]
[    2.188682] pci 0000:03:00.0: [8086:422b] type 00 class 0x028000
[    2.188731] pci 0000:03:00.0: reg 0x10: [mem 0xe4000000-0xe4001fff 64bit]
[    2.188949] pci 0000:03:00.0: PME# supported from D0 D3hot D3cold
[    2.189126] pci 0000:00:1c.1: PCI bridge to [bus 03]
[    2.189134] pci 0000:00:1c.1:   bridge window [mem 0xe4000000-0xe40fffff]
[    2.189194] pci 0000:00:1c.2: PCI bridge to [bus 04-09]
[    2.189201] pci 0000:00:1c.2:   bridge window [io  0x6000-0x6fff]
[    2.189207] pci 0000:00:1c.2:   bridge window [mem 0xe3500000-0xe3efffff]
[    2.189215] pci 0000:00:1c.2:   bridge window [mem 0xe1a00000-0xe23fffff 64bit pref]
[    2.189320] pci 0000:0a:00.0: [1033:0194] type 00 class 0x0c0330
[    2.189373] pci 0000:0a:00.0: reg 0x10: [mem 0xe3f00000-0xe3f01fff 64bit]
[    2.189612] pci 0000:0a:00.0: PME# supported from D0 D3hot D3cold
[    2.189818] pci 0000:00:1c.3: PCI bridge to [bus 0a]
[    2.189826] pci 0000:00:1c.3:   bridge window [mem 0xe3f00000-0xe3ffffff]
[    2.189936] pci 0000:0b:00.0: [1217:11f7] type 00 class 0x0c0010
[    2.189975] pci 0000:0b:00.0: reg 0x10: [mem 0xe2430000-0xe2430fff]
[    2.190217] pci 0000:0b:00.0: supports D1 D2
[    2.190220] pci 0000:0b:00.0: PME# supported from D0 D1 D2 D3hot D3cold
[    2.190429] pci 0000:0b:00.1: [1217:8320] type 00 class 0x080501
[    2.190468] pci 0000:0b:00.1: reg 0x10: [mem 0xe2420000-0xe24201ff]
[    2.190707] pci 0000:0b:00.1: supports D1 D2
[    2.190710] pci 0000:0b:00.1: PME# supported from D0 D1 D2 D3hot D3cold
[    2.190875] pci 0000:0b:00.2: [1217:8330] type 00 class 0x018000
[    2.190919] pci 0000:0b:00.2: reg 0x10: [mem 0xe2410000-0xe24103ff]
[    2.190967] pci 0000:0b:00.2: reg 0x18: [mem 0xe2400000-0xe24003ff]
[    2.191198] pci 0000:0b:00.2: supports D1 D2
[    2.191201] pci 0000:0b:00.2: PME# supported from D0 D1 D2 D3hot D3cold
[    2.194421] pci 0000:00:1c.7: PCI bridge to [bus 0b-12]
[    2.194443] pci 0000:00:1c.7:   bridge window [io  0x2000-0x5fff]
[    2.194448] pci 0000:00:1c.7:   bridge window [mem 0xe2400000-0xe34fffff]
[    2.194457] pci 0000:00:1c.7:   bridge window [mem 0xe0900000-0xe19fffff 64bit pref]
[    2.194494] pci 0000:00:01.0: Max Payload Size set to  128/ 128 (was  128), Max Read Rq  128
[    2.194512] pci 0000:01:00.0: Max Payload Size set to  128/ 256 (was  128), Max Read Rq  128
[    2.194529] pci 0000:01:00.1: Max Payload Size set to  128/ 256 (was  128), Max Read Rq  128
[    2.194540] pci 0000:00:1c.0: Max Payload Size set to  128/ 128 (was  128), Max Read Rq  128
[    2.194552] pci 0000:00:1c.1: Max Payload Size set to  128/ 128 (was  128), Max Read Rq  128
[    2.194577] pci 0000:03:00.0: Max Payload Size set to  128/ 128 (was  128), Max Read Rq  128
[    2.194589] pci 0000:00:1c.2: Max Payload Size set to  128/ 128 (was  128), Max Read Rq  128
[    2.194600] pci 0000:00:1c.3: Max Payload Size set to  128/ 128 (was  128), Max Read Rq  128
[    2.194638] pci 0000:0a:00.0: Max Payload Size set to  128/ 128 (was  128), Max Read Rq  128
[    2.194650] pci 0000:00:1c.7: Max Payload Size set to  128/ 128 (was  128), Max Read Rq  128
[    2.194688] pci 0000:0b:00.0: Max Payload Size set to  128/ 128 (was  128), Max Read Rq  128
[    2.194725] pci 0000:0b:00.1: Max Payload Size set to  128/ 128 (was  128), Max Read Rq  128
[    2.194763] pci 0000:0b:00.2: Max Payload Size set to  128/ 128 (was  128), Max Read Rq  128
[    2.196291] ACPI: PCI: Interrupt link LNKA configured for IRQ 11
[    2.196370] ACPI: PCI: Interrupt link LNKB configured for IRQ 10
[    2.196447] ACPI: PCI: Interrupt link LNKC configured for IRQ 11
[    2.196522] ACPI: PCI: Interrupt link LNKD configured for IRQ 10
[    2.196598] ACPI: PCI: Interrupt link LNKE configured for IRQ 5
[    2.196673] ACPI: PCI: Interrupt link LNKF configured for IRQ 0
[    2.196676] ACPI: PCI: Interrupt link LNKF disabled
[    2.196750] ACPI: PCI: Interrupt link LNKG configured for IRQ 3
[    2.196825] ACPI: PCI: Interrupt link LNKH configured for IRQ 0
[    2.196828] ACPI: PCI: Interrupt link LNKH disabled
[    2.198693] ACPI: EC: interrupt unblocked
[    2.198697] ACPI: EC: event unblocked
[    2.198703] ACPI: EC: EC_CMD/EC_SC=0x934, EC_DATA=0x930
[    2.198706] ACPI: EC: GPE=0x10
[    2.198709] ACPI: \_SB_.PCI0.LPCB.ECDV: Boot DSDT EC initialization complete
[    2.198713] ACPI: \_SB_.PCI0.LPCB.ECDV: EC: Used to handle transactions and events
[    2.198773] iommu: Default domain type: Translated 
[    2.198794] pci 0000:01:00.0: vgaarb: setting as boot VGA device
[    2.198794] pci 0000:01:00.0: vgaarb: VGA device added: decodes=io+mem,owns=io+mem,locks=none
[    2.198794] pci 0000:01:00.0: vgaarb: bridge control possible
[    2.198794] vgaarb: loaded
[    2.198794] SCSI subsystem initialized
[    2.198794] libata version 3.00 loaded.
[    2.198794] ACPI: bus type USB registered
[    2.198794] usbcore: registered new interface driver usbfs
[    2.198794] usbcore: registered new interface driver hub
[    2.198794] usbcore: registered new device driver usb
[    2.198794] pps_core: LinuxPPS API ver. 1 registered
[    2.198794] pps_core: Software ver. 5.3.6 - Copyright 2005-2007 Rodolfo Giometti <giometti@linux.it>
[    2.198794] PTP clock support registered
[    2.198794] EDAC MC: Ver: 3.0.0
[    2.198794] Registered efivars operations
[    2.198794] Advanced Linux Sound Architecture Driver Initialized.
[    2.198794] NetLabel: Initializing
[    2.198794] NetLabel:  domain hash size = 128
[    2.198794] NetLabel:  protocols = UNLABELED CIPSOv4 CALIPSO
[    2.198794] NetLabel:  unlabeled traffic allowed by default
[    2.199682] PCI: Using ACPI for IRQ routing
[    2.201694] PCI: pci_cache_line_size set to 64 bytes
[    2.201780] e820: reserve RAM buffer [mem 0xcbcb8018-0xcbffffff]
[    2.201782] e820: reserve RAM buffer [mem 0xcee23000-0xcfffffff]
[    2.201784] e820: reserve RAM buffer [mem 0xcf153000-0xcfffffff]
[    2.201785] e820: reserve RAM buffer [mem 0xcf400000-0xcfffffff]
[    2.201786] e820: reserve RAM buffer [mem 0x42e000000-0x42fffffff]
[    2.201791] hpet0: at MMIO 0xfed00000, IRQs 2, 8, 0, 0, 0, 0, 0, 0
[    2.201791] hpet0: 8 comparators, 64-bit 14.318180 MHz counter
[    2.203703] clocksource: Switched to clocksource hpet
[    2.218377] VFS: Disk quotas dquot_6.6.0
[    2.218412] VFS: Dquot-cache hash table entries: 512 (order 0, 4096 bytes)
[    2.218499] pnp: PnP ACPI init
[    2.218776] system 00:00: [mem 0xfed00000-0xfed003ff] has been reserved
[    2.218865] system 00:01: [io  0x0680-0x069f] has been reserved
[    2.218872] system 00:01: [io  0x1000-0x100f] has been reserved
[    2.218878] system 00:01: [io  0xffff] has been reserved
[    2.218883] system 00:01: [io  0xffff] has been reserved
[    2.218888] system 00:01: [io  0x0400-0x047f] has been reserved
[    2.218893] system 00:01: [io  0x0500-0x057f] has been reserved
[    2.218897] system 00:01: [io  0x164e-0x164f] has been reserved
[    2.220881] system 00:07: [mem 0xfed1c000-0xfed1ffff] has been reserved
[    2.220890] system 00:07: [mem 0xfed10000-0xfed17fff] has been reserved
[    2.220896] system 00:07: [mem 0xfed18000-0xfed18fff] has been reserved
[    2.220902] system 00:07: [mem 0xfed19000-0xfed19fff] has been reserved
[    2.220908] system 00:07: [mem 0xf8000000-0xfbffffff] has been reserved
[    2.220914] system 00:07: [mem 0xfed20000-0xfed3ffff] has been reserved
[    2.220920] system 00:07: [mem 0xfed90000-0xfed93fff] could not be reserved
[    2.220926] system 00:07: [mem 0xfed45000-0xfed8ffff] has been reserved
[    2.220932] system 00:07: [mem 0xff000000-0xffffffff] could not be reserved
[    2.220938] system 00:07: [mem 0xfee00000-0xfeefffff] has been reserved
[    2.223705] pnp: PnP ACPI: found 9 devices
[    2.230660] clocksource: acpi_pm: mask: 0xffffff max_cycles: 0xffffff, max_idle_ns: 2085701024 ns
[    2.230769] NET: Registered protocol family 2
[    2.230803] IP idents hash table entries: 262144 (order: 9, 2097152 bytes, linear)
[    2.233571] tcp_listen_portaddr_hash hash table entries: 8192 (order: 5, 131072 bytes, linear)
[    2.233624] TCP established hash table entries: 131072 (order: 8, 1048576 bytes, linear)
[    2.233956] TCP bind hash table entries: 65536 (order: 8, 1048576 bytes, linear)
[    2.234132] TCP: Hash tables configured (established 131072 bind 65536)
[    2.234173] UDP hash table entries: 8192 (order: 6, 262144 bytes, linear)
[    2.234239] UDP-Lite hash table entries: 8192 (order: 6, 262144 bytes, linear)
[    2.234371] NET: Registered protocol family 1
[    2.234381] NET: Registered protocol family 44
[    2.234398] pci 0000:01:00.0: BAR 0: assigned fixed [mem 0xd0000000-0xdfffffff 64bit pref]
[    2.234406] pci 0000:01:00.0: BAR 2: assigned fixed [mem 0xe0000000-0xe07fffff 64bit pref]
[    2.234413] pci 0000:01:00.0: BAR 5: assigned fixed [mem 0xe4100000-0xe413ffff]
[    2.234419] pci 0000:01:00.0: BAR 6: assigned fixed [mem 0xe4140000-0xe415ffff pref]
[    2.234426] pci 0000:00:01.0: PCI bridge to [bus 01]
[    2.234432] pci 0000:00:01.0:   bridge window [io  0x7000-0x7fff]
[    2.234439] pci 0000:00:01.0:   bridge window [mem 0xe4100000-0xe41fffff]
[    2.234445] pci 0000:00:01.0:   bridge window [mem 0xd0000000-0xe07fffff 64bit pref]
[    2.234453] pci 0000:00:1c.0: PCI bridge to [bus 02]
[    2.234469] pci 0000:00:1c.1: PCI bridge to [bus 03]
[    2.234478] pci 0000:00:1c.1:   bridge window [mem 0xe4000000-0xe40fffff]
[    2.234492] pci 0000:00:1c.2: PCI bridge to [bus 04-09]
[    2.234498] pci 0000:00:1c.2:   bridge window [io  0x6000-0x6fff]
[    2.234507] pci 0000:00:1c.2:   bridge window [mem 0xe3500000-0xe3efffff]
[    2.234515] pci 0000:00:1c.2:   bridge window [mem 0xe1a00000-0xe23fffff 64bit pref]
[    2.234526] pci 0000:00:1c.3: PCI bridge to [bus 0a]
[    2.234535] pci 0000:00:1c.3:   bridge window [mem 0xe3f00000-0xe3ffffff]
[    2.234547] pci 0000:00:1c.7: PCI bridge to [bus 0b-12]
[    2.234554] pci 0000:00:1c.7:   bridge window [io  0x2000-0x5fff]
[    2.234562] pci 0000:00:1c.7:   bridge window [mem 0xe2400000-0xe34fffff]
[    2.234570] pci 0000:00:1c.7:   bridge window [mem 0xe0900000-0xe19fffff 64bit pref]
[    2.234582] pci_bus 0000:00: resource 4 [io  0x0000-0x0cf7 window]
[    2.234588] pci_bus 0000:00: resource 5 [io  0x0d00-0xffff window]
[    2.234593] pci_bus 0000:00: resource 6 [mem 0x000a0000-0x000bffff window]
[    2.234599] pci_bus 0000:00: resource 7 [mem 0x000d0000-0x000d3fff window]
[    2.234604] pci_bus 0000:00: resource 8 [mem 0x000d4000-0x000d7fff window]
[    2.234609] pci_bus 0000:00: resource 9 [mem 0x000d8000-0x000dbfff window]
[    2.234614] pci_bus 0000:00: resource 10 [mem 0x000dc000-0x000dffff window]
[    2.234620] pci_bus 0000:00: resource 11 [mem 0xd0000000-0xfeafffff window]
[    2.234626] pci_bus 0000:00: resource 12 [mem 0xfed40000-0xfed44fff window]
[    2.234631] pci_bus 0000:01: resource 0 [io  0x7000-0x7fff]
[    2.234636] pci_bus 0000:01: resource 1 [mem 0xe4100000-0xe41fffff]
[    2.234641] pci_bus 0000:01: resource 2 [mem 0xd0000000-0xe07fffff 64bit pref]
[    2.234647] pci_bus 0000:03: resource 1 [mem 0xe4000000-0xe40fffff]
[    2.234653] pci_bus 0000:04: resource 0 [io  0x6000-0x6fff]
[    2.234658] pci_bus 0000:04: resource 1 [mem 0xe3500000-0xe3efffff]
[    2.234663] pci_bus 0000:04: resource 2 [mem 0xe1a00000-0xe23fffff 64bit pref]
[    2.234669] pci_bus 0000:0a: resource 1 [mem 0xe3f00000-0xe3ffffff]
[    2.234674] pci_bus 0000:0b: resource 0 [io  0x2000-0x5fff]
[    2.234679] pci_bus 0000:0b: resource 1 [mem 0xe2400000-0xe34fffff]
[    2.234684] pci_bus 0000:0b: resource 2 [mem 0xe0900000-0xe19fffff 64bit pref]
[    2.235493] pci 0000:01:00.0: Video device with shadowed ROM at [mem 0x000c0000-0x000dffff]
[    2.235533] pci 0000:01:00.1: D0 power state depends on 0000:01:00.0
[    2.235775] pci 0000:0a:00.0: enabling device (0004 -> 0006)
[    2.235942] PCI: CLS 64 bytes, default 64
[    2.235988] DMAR: No ATSR found
[    2.235991] DMAR: No SATC found
[    2.235995] DMAR: dmar0: Using Queued invalidation
[    2.236050] pci 0000:00:00.0: Adding to iommu group 0
[    2.236075] pci 0000:00:01.0: Adding to iommu group 1
[    2.236102] pci 0000:00:16.0: Adding to iommu group 2
[    2.236117] pci 0000:00:16.3: Adding to iommu group 2
[    2.236133] pci 0000:00:19.0: Adding to iommu group 3
[    2.236150] pci 0000:00:1a.0: Adding to iommu group 4
[    2.236167] pci 0000:00:1b.0: Adding to iommu group 5
[    2.236185] pci 0000:00:1c.0: Adding to iommu group 6
[    2.236203] pci 0000:00:1c.1: Adding to iommu group 7
[    2.236219] pci 0000:00:1c.2: Adding to iommu group 8
[    2.236238] pci 0000:00:1c.3: Adding to iommu group 9
[    2.236255] pci 0000:00:1c.7: Adding to iommu group 10
[    2.236271] pci 0000:00:1d.0: Adding to iommu group 11
[    2.236301] pci 0000:00:1f.0: Adding to iommu group 12
[    2.236319] pci 0000:00:1f.2: Adding to iommu group 12
[    2.236336] pci 0000:00:1f.3: Adding to iommu group 12
[    2.236345] pci 0000:01:00.0: Adding to iommu group 1
[    2.236354] pci 0000:01:00.1: Adding to iommu group 1
[    2.236371] pci 0000:03:00.0: Adding to iommu group 13
[    2.236387] pci 0000:0a:00.0: Adding to iommu group 14
[    2.236417] pci 0000:0b:00.0: Adding to iommu group 15
[    2.236435] pci 0000:0b:00.1: Adding to iommu group 15
[    2.236454] pci 0000:0b:00.2: Adding to iommu group 15
[    2.238698] DMAR: Intel(R) Virtualization Technology for Directed I/O
[    2.238706] PCI-DMA: Using software bounce buffering for IO (SWIOTLB)
[    2.238710] software IO TLB: mapped [mem 0x00000000c7323000-0x00000000cb323000] (64MB)
[    2.254274] Initialise system trusted keyrings
[    2.254288] Key type blacklist registered
[    2.254326] workingset: timestamp_bits=36 max_order=22 bucket_order=0
[    2.255796] zbud: loaded
[    2.256110] squashfs: version 4.0 (2009/01/31) Phillip Lougher
[    2.256254] fuse: init (API version 7.33)
[    2.256315] SGI XFS with ACLs, security attributes, realtime, quota, no debug enabled
[    2.256718] Smack: Registering netfilter hooks
[    2.256771] integrity: Platform Keyring initialized
[    2.268283] NET: Registered protocol family 38
[    2.268286] xor: automatically using best checksumming function   avx       
[    2.268289] Key type asymmetric registered
[    2.268292] Asymmetric key parser 'x509' registered
[    2.268546] alg: self-tests for HKDF (hmac(sha256)) passed
[    2.268555] alg: self-tests for CTR-KDF (hmac(sha256)) passed
[    2.268565] Block layer SCSI generic (bsg) driver version 0.4 loaded (major 245)
[    2.268606] io scheduler mq-deadline registered
[    2.268609] io scheduler kyber registered
[    2.268636] io scheduler bfq registered
[    2.269883] shpchp: Standard Hot Plug PCI Controller Driver version: 0.4
[    2.269940] efifb: probing for efifb
[    2.269956] efifb: framebuffer at 0xd0000000, using 8100k, total 8100k
[    2.269959] efifb: mode is 1920x1080x32, linelength=7680, pages=1
[    2.269962] efifb: scrolling: redraw
[    2.269964] efifb: Truecolor: size=8:8:8:8, shift=24:16:8:0
[    2.275853] Console: switching to colour frame buffer device 240x67
[    2.281451] fb0: EFI VGA frame buffer device
[    2.282634] ACPI: AC: AC Adapter [AC] (on-line)
[    2.282715] input: Lid Switch as /devices/LNXSYSTM:00/LNXSYBUS:00/PNP0C0D:00/input/input0
[    2.282791] ACPI: button: Lid Switch [LID]
[    2.282844] input: Power Button as /devices/LNXSYSTM:00/LNXSYBUS:00/PNP0C0C:00/input/input1
[    2.282913] ACPI: button: Power Button [PBTN]
[    2.282966] input: Sleep Button as /devices/LNXSYSTM:00/LNXSYBUS:00/PNP0C0E:00/input/input2
[    2.283023] ACPI: button: Sleep Button [SBTN]
[    2.283074] input: Power Button as /devices/LNXSYSTM:00/LNXPWRBN:00/input/input3
[    2.283136] ACPI: button: Power Button [PWRF]
[    2.285053] thermal LNXTHERM:00: registered as thermal_zone0
[    2.285084] ACPI: thermal: Thermal Zone [THM] (25 C)
[    2.285257] Serial: 8250/16550 driver, 32 ports, IRQ sharing enabled
[    2.287289] serial 0000:00:16.3: enabling device (0000 -> 0003)
[    2.287887] 0000:00:16.3: ttyS4 at I/O 0x80a0 (irq = 17, base_baud = 115200) is a 16550A
[    2.289180] lrng_pool: LRNG initial entropy level 39 bits of entropy
[    2.299604] lrng_selftest: LRNG self-tests passed
[    2.300380] Linux agpgart interface v0.103
[    2.301272] ACPI: battery: Slot [BAT0] (battery present)
[    2.303653] loop: module loaded
[    2.304386] ahci 0000:00:1f.2: version 3.0
[    2.304562] ahci 0000:00:1f.2: SSS flag set, parallel bus scan disabled
[    2.314772] ahci 0000:00:1f.2: AHCI 0001.0300 32 slots 6 ports 6 Gbps 0x3f impl SATA mode
[    2.314833] ahci 0000:00:1f.2: flags: 64bit ncq sntf stag pm led clo pio slum part ems sxs apst 
[    2.335318] scsi host0: ahci
[    2.335706] scsi host1: ahci
[    2.336017] scsi host2: ahci
[    2.336396] scsi host3: ahci
[    2.336791] scsi host4: ahci
[    2.337196] scsi host5: ahci
[    2.337266] ata1: SATA max UDMA/133 abar m2048@0xe4240000 port 0xe4240100 irq 31
[    2.337305] ata2: SATA max UDMA/133 abar m2048@0xe4240000 port 0xe4240180 irq 31
[    2.337341] ata3: SATA max UDMA/133 abar m2048@0xe4240000 port 0xe4240200 irq 31
[    2.337377] ata4: SATA max UDMA/133 abar m2048@0xe4240000 port 0xe4240280 irq 31
[    2.337413] ata5: SATA max UDMA/133 abar m2048@0xe4240000 port 0xe4240300 irq 31
[    2.337449] ata6: SATA max UDMA/133 abar m2048@0xe4240000 port 0xe4240380 irq 31
[    2.337659] libphy: Fixed MDIO Bus: probed
[    2.337680] tun: Universal TUN/TAP device driver, 1.6
[    2.339074] PPP generic driver version 2.4.2
[    2.340395] ehci_hcd: USB 2.0 'Enhanced' Host Controller (EHCI) Driver
[    2.341640] ehci-pci: EHCI PCI platform driver
[    2.343031] ehci-pci 0000:00:1a.0: EHCI Host Controller
[    2.344251] ehci-pci 0000:00:1a.0: new USB bus registered, assigned bus number 1
[    2.345469] ehci-pci 0000:00:1a.0: debug port 2
[    2.350600] ehci-pci 0000:00:1a.0: irq 16, io mem 0xe4270000
[    2.359822] ehci-pci 0000:00:1a.0: USB 2.0 started, EHCI 1.00
[    2.361124] usb usb1: New USB device found, idVendor=1d6b, idProduct=0002, bcdDevice= 5.13
[    2.362333] usb usb1: New USB device strings: Mfr=3, Product=2, SerialNumber=1
[    2.363547] usb usb1: Product: EHCI Host Controller
[    2.364754] usb usb1: Manufacturer: Linux 5.13.8-dragon-sandybridge ehci_hcd
[    2.365975] usb usb1: SerialNumber: 0000:00:1a.0
[    2.367427] hub 1-0:1.0: USB hub found
[    2.368636] hub 1-0:1.0: 3 ports detected
[    2.370140] ehci-pci 0000:00:1d.0: EHCI Host Controller
[    2.371344] ehci-pci 0000:00:1d.0: new USB bus registered, assigned bus number 2
[    2.372571] ehci-pci 0000:00:1d.0: debug port 2
[    2.377703] ehci-pci 0000:00:1d.0: irq 17, io mem 0xe4250000
[    2.386463] ehci-pci 0000:00:1d.0: USB 2.0 started, EHCI 1.00
[    2.387755] usb usb2: New USB device found, idVendor=1d6b, idProduct=0002, bcdDevice= 5.13
[    2.388958] usb usb2: New USB device strings: Mfr=3, Product=2, SerialNumber=1
[    2.390167] usb usb2: Product: EHCI Host Controller
[    2.391375] usb usb2: Manufacturer: Linux 5.13.8-dragon-sandybridge ehci_hcd
[    2.392588] usb usb2: SerialNumber: 0000:00:1d.0
[    2.394034] hub 2-0:1.0: USB hub found
[    2.395250] hub 2-0:1.0: 3 ports detected
[    2.396615] ehci-platform: EHCI generic platform driver
[    2.397805] ohci_hcd: USB 1.1 'Open' Host Controller (OHCI) Driver
[    2.398974] ohci-pci: OHCI PCI platform driver
[    2.400133] ohci-platform: OHCI generic platform driver
[    2.401277] uhci_hcd: USB Universal Host Controller Interface driver
[    2.402545] xhci_hcd 0000:0a:00.0: xHCI Host Controller
[    2.403679] xhci_hcd 0000:0a:00.0: new USB bus registered, assigned bus number 3
[    2.404955] xhci_hcd 0000:0a:00.0: hcc params 0x014042cb hci version 0x96 quirks 0x0000000000000004
[    2.406482] usb usb3: New USB device found, idVendor=1d6b, idProduct=0002, bcdDevice= 5.13
[    2.407627] usb usb3: New USB device strings: Mfr=3, Product=2, SerialNumber=1
[    2.408774] usb usb3: Product: xHCI Host Controller
[    2.409910] usb usb3: Manufacturer: Linux 5.13.8-dragon-sandybridge xhci-hcd
[    2.411047] usb usb3: SerialNumber: 0000:0a:00.0
[    2.412395] hub 3-0:1.0: USB hub found
[    2.413526] hub 3-0:1.0: 2 ports detected
[    2.414769] xhci_hcd 0000:0a:00.0: xHCI Host Controller
[    2.415879] xhci_hcd 0000:0a:00.0: new USB bus registered, assigned bus number 4
[    2.416988] xhci_hcd 0000:0a:00.0: Host supports USB 3.0 SuperSpeed
[    2.418121] usb usb4: We don't know the algorithms for LPM for this host, disabling LPM.
[    2.419262] usb usb4: New USB device found, idVendor=1d6b, idProduct=0003, bcdDevice= 5.13
[    2.420382] usb usb4: New USB device strings: Mfr=3, Product=2, SerialNumber=1
[    2.421491] usb usb4: Product: xHCI Host Controller
[    2.422607] usb usb4: Manufacturer: Linux 5.13.8-dragon-sandybridge xhci-hcd
[    2.423750] usb usb4: SerialNumber: 0000:0a:00.0
[    2.425136] hub 4-0:1.0: USB hub found
[    2.426305] hub 4-0:1.0: 2 ports detected
[    2.427627] i8042: PNP: PS/2 Controller [PNP0303:PS2K,PNP0f13:PS2M] at 0x60,0x64 irq 1,12
[    2.429151] i8042: Warning: Keylock active
[    2.431530] serio: i8042 KBD port at 0x60,0x64 irq 1
[    2.432744] serio: i8042 AUX port at 0x60,0x64 irq 12
[    2.434175] mousedev: PS/2 mouse device common for all mice
[    2.435620] rtc_cmos 00:02: RTC can wake from S4
[    2.437176] rtc_cmos 00:02: registered as rtc0
[    2.438489] rtc_cmos 00:02: setting system clock to 2021-06-05T13:19:22 UTC (1622899162)
[    2.439761] rtc_cmos 00:02: alarms up to one year, y3k, 242 bytes nvram, hpet irqs
[    2.441029] i2c /dev entries driver
[    2.442292] input: AT Translated Set 2 keyboard as /devices/platform/i8042/serio0/input/input4
[    2.444385] device-mapper: uevent: version 1.0.3
[    2.445824] device-mapper: ioctl: 4.45.0-ioctl (2021-03-22) initialised: dm-devel@redhat.com
[    2.447145] intel_pstate: Intel P-state driver initializing
[    2.451851] ledtrig-cpu: registered to indicate activity on CPUs
[    2.452842] EFI Variables Facility v0.08 2004-May-17
[    2.620933] usb 1-1: new high-speed USB device number 2 using ehci-pci
[    2.634518] pstore: Registered efi as persistent store backend
[    2.636415] drop_monitor: Initializing network drop monitor service
[    2.637507] IPv6: Loaded, but administratively disabled, reboot required to enable
[    2.638344] usb 2-1: new high-speed USB device number 2 using ehci-pci
[    2.638565] NET: Registered protocol family 17
[    2.640702] Key type dns_resolver registered
[    2.642414] microcode: sig=0x206a7, pf=0x10, revision=0x2f
[    2.642765] ata1: SATA link up 6.0 Gbps (SStatus 133 SControl 300)
[    2.644948] microcode: Microcode Update Driver: v2.2.
[    2.644951] IPI shorthand broadcast: enabled
[    2.647427] sched_clock: Marking stable (2646791382, 616983)->(2677143665, -29735300)
[    2.647988] ata1.00: ACPI cmd 00/00:00:00:00:00:a0 (NOP) rejected by device (Stat=0x51 Err=0x04)
[    2.650073] registered taskstats version 1
[    2.651118] Loading compiled-in X.509 certificates
[    2.653061] Loaded X.509 cert 'Build time autogenerated kernel key: 3cc6fe7421b4adc040dfba808348062e7d3dd3e9'
[    2.654033] ata1.00: ATA-9: TEAM L5 LITE SSD 120GB, P1222A, max UDMA/133
[    2.654501] zswap: loaded using pool zstd/z3fold
[    2.655280] ata1.00: 234441648 sectors, multi 1: LBA48 NCQ (depth 32), AA
[    2.663349] ata1.00: ACPI cmd 00/00:00:00:00:00:a0 (NOP) rejected by device (Stat=0x51 Err=0x04)
[    2.668591] ata1.00: configured for UDMA/133
[    2.681024] scsi 0:0:0:0: Direct-Access     ATA      TEAM L5 LITE SSD 2A   PQ: 0 ANSI: 5
[    2.683224] sd 0:0:0:0: Attached scsi generic sg0 type 0
[    2.683256] sd 0:0:0:0: [sda] 234441648 512-byte logical blocks: (120 GB/112 GiB)
[    2.686411] sd 0:0:0:0: [sda] Write Protect is off
[    2.687559] sd 0:0:0:0: [sda] Mode Sense: 00 3a 00 00
[    2.687575] sd 0:0:0:0: [sda] Write cache: enabled, read cache: enabled, doesn't support DPO or FUA
[    2.698795]  sda: sda1 sda2 sda3
[    2.731151] ZFS: Loaded module v2.1.99-dragon, ZFS pool version 5000, ZFS filesystem version 5
[    2.732407] Key type ._fscrypt registered
[    2.733531] Key type .fscrypt registered
[    2.734689] Key type fscrypt-provisioning registered
[    2.735843] Loading Reiser4 (Software Framework Release: 5.1.3). See reiser4.wiki.kernel.org for a description of Reiser4.
[    2.737379] Btrfs loaded, crc32c=crc32c-intel, zoned=yes
[    2.738534] pstore: Using crash dump compression: deflate
[    2.740221] Key type encrypted registered
[    2.767262] sd 0:0:0:0: [sda] Attached SCSI disk
[    2.785433] evm: Initialising EVM extended attributes:
[    2.786597] evm: security.selinux (disabled)
[    2.787748] evm: security.SMACK64
[    2.788916] evm: security.SMACK64EXEC
[    2.790065] evm: security.SMACK64TRANSMUTE
[    2.790735] usb 1-1: New USB device found, idVendor=8087, idProduct=0024, bcdDevice= 0.00
[    2.790745] usb 2-1: New USB device found, idVendor=8087, idProduct=0024, bcdDevice= 0.00
[    2.790748] usb 2-1: New USB device strings: Mfr=0, Product=0, SerialNumber=0
[    2.791027] hub 2-1:1.0: USB hub found
[    2.791104] hub 2-1:1.0: 8 ports detected
[    2.791231] evm: security.SMACK64MMAP
[    2.792504] usb 1-1: New USB device strings: Mfr=0, Product=0, SerialNumber=0
[    2.793651] evm: security.apparmor (disabled)
[    2.793652] evm: security.ima (disabled)
[    2.793653] evm: security.capability
[    2.793653] evm: HMAC attrs: 0x1
[    2.794534] lrng_pool: LRNG minimally seeded with 133 bits of entropy
[    2.795020] hub 1-1:1.0: USB hub found
[    2.796319] PM:   Magic number: 9:25:331
[    2.797232] hub 1-1:1.0: 6 ports detected
[    2.798248] tty tty52: hash matches
[    2.809591] DKLM: Enabled Dragon Kernel license module 2.8-dragon
[    2.810713] ALSA device list:
[    2.811779]   No soundcards found.
[    2.995816] ata2: SATA link up 6.0 Gbps (SStatus 133 SControl 300)
[    3.004003] ata2.00: ATA-9: TEAM L5 LITE SSD 120GB, P1222A, max UDMA/133
[    3.005028] ata2.00: 234441648 sectors, multi 1: LBA48 NCQ (depth 32), AA
[    3.016038] ata2.00: configured for UDMA/133
[    3.027377] scsi 1:0:0:0: Direct-Access     ATA      TEAM L5 LITE SSD 2A   PQ: 0 ANSI: 5
[    3.028585] sd 1:0:0:0: Attached scsi generic sg1 type 0
[    3.028600] sd 1:0:0:0: [sdb] 234441648 512-byte logical blocks: (120 GB/112 GiB)
[    3.030962] sd 1:0:0:0: [sdb] Write Protect is off
[    3.031986] sd 1:0:0:0: [sdb] Mode Sense: 00 3a 00 00
[    3.032003] sd 1:0:0:0: [sdb] Write cache: enabled, read cache: enabled, doesn't support DPO or FUA
[    3.035766]  sdb: sdb1 sdb2 sdb3
[    3.045184] sd 1:0:0:0: [sdb] Attached SCSI disk
[    3.077081] usb 2-1.2: new full-speed USB device number 3 using ehci-pci
[    3.164120] usb 2-1.2: New USB device found, idVendor=3938, idProduct=1031, bcdDevice= 1.08
[    3.165140] usb 2-1.2: New USB device strings: Mfr=1, Product=2, SerialNumber=0
[    3.166128] usb 2-1.2: Product: 2.4G Wireless Mouse
[    3.167105] usb 2-1.2: Manufacturer: MOSART Semi.
[    3.235732] usb 2-1.8: new full-speed USB device number 4 using ehci-pci
[    3.298413] tsc: Refined TSC clocksource calibration: 2494.333 MHz
[    3.299416] clocksource: tsc: mask: 0xffffffffffffffff max_cycles: 0x23f45085418, max_idle_ns: 440795285711 ns
[    3.331374] usb 2-1.8: config 0 has an invalid interface number: 3 but max is 2
[    3.332410] usb 2-1.8: config 0 has no interface number 2
[    3.336979] ata3: SATA link up 3.0 Gbps (SStatus 123 SControl 300)
[    3.341040] ata3.00: supports DRM functions and may not be fully accessible
[    3.343019] ata3.00: NCQ Send/Recv Log not supported
[    3.344032] ata3.00: ATA-9: SAMSUNG SSD SM841 SED mSATA 256GB, DXM44D6Q, max UDMA/133
[    3.345024] ata3.00: 500118192 sectors, multi 1: LBA48 NCQ (depth 32), AA
[    3.345465] usb 2-1.8: New USB device found, idVendor=0a5c, idProduct=5801, bcdDevice= 1.01
[    3.346620] ata3.00: supports DRM functions and may not be fully accessible
[    3.347077] usb 2-1.8: New USB device strings: Mfr=1, Product=2, SerialNumber=3
[    3.348185] ata3.00: NCQ Send/Recv Log not supported
[    3.349097] usb 2-1.8: Product: 5880
[    3.349099] usb 2-1.8: Manufacturer: Broadcom Corp
[    3.350322] ata3.00: configured for UDMA/133
[    3.351075] usb 2-1.8: SerialNumber: 0123456789ABCD
[    3.362441] scsi 2:0:0:0: Direct-Access     ATA      SAMSUNG SSD SM84 4D6Q PQ: 0 ANSI: 5
[    3.363668] ata3.00: Enabling discard_zeroes_data
[    3.363695] sd 2:0:0:0: Attached scsi generic sg2 type 0
[    3.364676] sd 2:0:0:0: [sdc] 500118192 512-byte logical blocks: (256 GB/238 GiB)
[    3.366658] sd 2:0:0:0: [sdc] Write Protect is off
[    3.367702] sd 2:0:0:0: [sdc] Mode Sense: 00 3a 00 00
[    3.367720] sd 2:0:0:0: [sdc] Write cache: enabled, read cache: enabled, doesn't support DPO or FUA
[    3.370705]  sdc: sdc1
[    3.371968] ata3.00: Enabling discard_zeroes_data
[    3.386433] sd 2:0:0:0: [sdc] supports TCG Opal
[    3.387428] sd 2:0:0:0: [sdc] Attached SCSI disk
[    3.678493] ata4: SATA link down (SStatus 0 SControl 300)
[    3.998559] ata5: SATA link down (SStatus 0 SControl 300)
[    4.318492] ata6: SATA link down (SStatus 0 SControl 300)
[    4.329780] md: Waiting for all devices to be available before autodetect
[    4.330871] md: If you don't use raid, use raid=noautodetect
[    4.331841] md: Autodetecting RAID arrays.
[    4.332808] md: autorun ...
[    4.333779] md: ... autorun DONE.
[    4.335836] XFS (sda3): Mounting V5 Filesystem
[    4.356342] XFS (sda3): Ending clean mount
[    4.359881] VFS: Mounted root (xfs filesystem) readonly on device 8:3.
[    4.361283] devtmpfs: mounted
[    4.362997] integrity: Please generate IMA X509 certificate! Path for certificate: /etc/keys/x509_evm.der
[    4.365038] Freeing unused decrypted memory: 2044K
[    4.367479] Freeing unused kernel image (initmem) memory: 2568K
[    4.374384] Write protecting the kernel read-only data: 32768k
[    4.376043] Freeing unused kernel image (text/rodata gap) memory: 2028K
[    4.377389] Freeing unused kernel image (rodata/data gap) memory: 1400K
[    4.416957] x86/mm: Checked W+X mappings: passed, no W+X pages found.
[    4.417957] x86/mm: Checking user space page tables
[    4.455265] x86/mm: Checked W+X mappings: passed, no W+X pages found.
[    4.456287] Run /sbin/init as init process
[    4.457334]   with arguments:
[    4.457343]     /sbin/init
[    4.457345]   with environment:
[    4.457346]     HOME=/
[    4.457347]     TERM=linux
[    4.457348]     BOOT_IMAGE=/boot/vmlinuz-5.13.8-dragon-sandybridge
[    4.457349]     trace_clock=global
[    4.457350]     crashkernel=auto
[    4.457351]     biosdevname=0
[    4.457352]     intel_iommu=on
[    4.457353]     spectre_v2_user_ibpb_mode=enter
[    4.457354]     randomize_vmalloc=1
[    4.481632] lrng_pool: LRNG fully seeded with 257 bits of entropy
[    5.684432] systemd[1]: systemd 247.3-3ubuntu3.1 running in system mode. (+PAM +AUDIT +SELINUX +IMA +APPARMOR +SMACK +SYSVINIT +UTMP +LIBCRYPTSETUP +GCRYPT +GNUTLS +ACL +XZ +LZ4 +ZSTD +SECCOMP +BLKID +ELFUTILS +KMOD +IDN2 -IDN +PCRE2 default-hierarchy=hybrid)
[    5.699884] systemd[1]: Detected architecture x86-64.
[    5.721006] systemd[1]: Set hostname to <wip>.
[    5.975512] systemd[1]: Queued start job for default target Graphical Interface.
[    5.987446] systemd[1]: Created slice system-modprobe.slice.
[    5.990023] systemd[1]: Created slice system-systemd\x2dfsck.slice.
[    5.992617] systemd[1]: Created slice system-tor.slice.
[    5.995101] systemd[1]: Created slice User and Session Slice.
[    5.997493] systemd[1]: Started Forward Password Requests to Wall Directory Watch.
[    5.999899] systemd[1]: Set up automount Arbitrary Executable File Formats File System Automount Point.
[    6.002319] systemd[1]: Reached target User and Group Name Lookups.
[    6.004629] systemd[1]: Reached target Remote File Systems.
[    6.006981] systemd[1]: Reached target Slices.
[    6.010472] systemd[1]: Listening on Syslog Socket.
[    6.013361] systemd[1]: Listening on fsck to fsckd communication Socket.
[    6.015756] systemd[1]: Listening on initctl Compatibility Named Pipe.
[    6.018298] systemd[1]: Listening on Journal Audit Socket.
[    6.020720] systemd[1]: Listening on Journal Socket (/dev/log).
[    6.023227] systemd[1]: Listening on Journal Socket.
[    6.027009] systemd[1]: Listening on udev Control Socket.
[    6.029546] systemd[1]: Listening on udev Kernel Socket.
[    6.032688] systemd[1]: Mounting Huge Pages File System...
[    6.036020] systemd[1]: Mounting POSIX Message Queue File System...
[    6.039370] systemd[1]: Mounting Arbitrary Executable File Formats File System...
[    6.042763] systemd[1]: Mounting Kernel Debug File System...
[    6.046216] systemd[1]: Mounting Kernel Trace File System...
[    6.050210] systemd[1]: Starting Journal Service...
[    6.054270] systemd[1]: Starting Set the console keyboard layout...
[    6.057847] systemd[1]: Starting Create list of static device nodes for the current kernel...
[    6.061606] systemd[1]: Starting Load Kernel Module configfs...
[    6.065257] systemd[1]: Starting Load Kernel Module drm...
[    6.068648] systemd[1]: Starting Load Kernel Module fuse...
[    6.072510] systemd[1]: Starting Load Kernel Modules...
[    6.078024] systemd[1]: Starting Remount Root and Kernel File Systems...
[    6.083663] systemd[1]: Starting Coldplug All udev Devices...
[    6.088377] systemd[1]: Starting Uncomplicated firewall...
[    6.088621] lp: driver loaded but no devices found
[    6.094779] systemd[1]: Mounted Huge Pages File System.
[    6.097468] systemd[1]: Mounted POSIX Message Queue File System.
[    6.097559] ppdev: user-space parallel port driver
[    6.101799] systemd[1]: Mounted Arbitrary Executable File Formats File System.
[    6.103943] parport_pc 00:04: [io  0x0378-0x037b]
[    6.103954] parport_pc 00:04: [io  0x0278-0x027b]
[    6.103960] parport_pc 00:04: [io  0x03bc-0x03bf]
[    6.103967] parport_pc 00:04: [io  0x0378-0x037b]
[    6.105605] parport_pc 00:04: activated
[    6.105608] parport_pc 00:04: reported by Plug and Play ACPI
[    6.108642] systemd[1]: Mounted Kernel Debug File System.
[    6.111238] systemd[1]: Mounted Kernel Trace File System.
[    6.114255] systemd[1]: Finished Create list of static device nodes for the current kernel.
[    6.117086] systemd[1]: modprobe@configfs.service: Succeeded.
[    6.118649] systemd[1]: Finished Load Kernel Module configfs.
[    6.122130] systemd[1]: modprobe@drm.service: Succeeded.
[    6.123878] systemd[1]: Finished Load Kernel Module drm.
[    6.127521] systemd[1]: modprobe@fuse.service: Succeeded.
[    6.129227] systemd[1]: Finished Load Kernel Module fuse.
[    6.132353] systemd[1]: Finished Set the console keyboard layout.
[    6.135477] systemd[1]: Finished Load Kernel Modules.
[    6.139563] systemd[1]: Mounting FUSE Control File System...
[    6.142878] systemd[1]: Mounting Kernel Configuration File System...
[    6.145426] systemd[1]: Condition check resulted in Set Up Additional Binary Formats being skipped.
[    6.147374] systemd[1]: Starting Apply Kernel Variables...
[    6.150690] systemd[1]: Mounted FUSE Control File System.
[    6.153355] systemd[1]: Mounted Kernel Configuration File System.
[    6.155942] systemd[1]: Started Journal Service.
[    6.164279] xfs filesystem being remounted at / supports timestamps until 2038 (0x7fffffff)
[    6.173540] systemd-journald[240]: Received client request to flush runtime journal.
[    6.523241] ACPI: video: Video Device [VID] (multi-head: yes  rom: no  post: no)
[    6.529598] acpi device:2b: registered as cooling_device8
[    6.529906] input: Video Bus as /devices/LNXSYSTM:00/LNXSYBUS:00/PNP0A08:00/device:28/LNXVIDEO:00/input/input6
[    6.541067] tpm_tis 00:06: 1.2 TPM (device-id 0x2001, rev-id 32)
[    6.549777] wmi_bus wmi_bus-PNP0C14:00: WQBC data block query control method not found
[    6.598836] i801_smbus 0000:00:1f.3: enabling device (0001 -> 0003)
[    6.599032] i801_smbus 0000:00:1f.3: SMBus using PCI interrupt
[    6.608075] e1000e: Intel(R) PRO/1000 Network Driver
[    6.608079] e1000e: Copyright(c) 1999 - 2015 Intel Corporation.
[    6.608331] e1000e 0000:00:19.0: Interrupt Throttling Rate (ints/sec) set to dynamic conservative mode
[    6.611479] sdhci: Secure Digital Host Controller Interface driver
[    6.611483] sdhci: Copyright(c) Pierre Ossman
[    6.613402] i801_smbus 0000:00:1f.3: Accelerometer lis3lv02d is present on SMBus
[    6.613407] i2c i2c-0: 2/4 memory slots populated (from DMI)
[    6.613875] i2c i2c-0: Successfully instantiated SPD at 0x51
[    6.615563] firewire_ohci 0000:0b:00.0: enabling device (0000 -> 0002)
[    6.619692] i2c i2c-0: Successfully instantiated SPD at 0x53
[    6.654871] cfg80211: Loading compiled-in X.509 certificates for regulatory database
[    6.656505] cfg80211: Loaded X.509 cert 'sforshee: 00b28ddf47aef9cea7'
[    6.669216] firewire_ohci 0000:0b:00.0: added OHCI v1.10 device as card 0, 8 IR + 8 IT contexts, quirks 0x10
[    6.670649] sdhci-pci 0000:0b:00.1: SDHCI controller found [1217:8320] (rev 5)
[    6.670679] sdhci-pci 0000:0b:00.1: enabling device (0000 -> 0002)
[    6.670967] mmc0 bounce up to 128 segments into one, max segment size 65536 bytes
[    6.673530] mmc0: SDHCI controller on PCI [0000:0b:00.1] using DMA
[    6.676448] snd_hda_intel 0000:01:00.1: enabling device (0000 -> 0002)
[    6.676564] snd_hda_intel 0000:01:00.1: Force to non-snoop mode
[    6.702085] Intel(R) Wireless WiFi driver for Linux
[    6.702169] iwlwifi 0000:03:00.0: enabling device (0000 -> 0002)
[    6.702839] iwlwifi 0000:03:00.0: can't disable ASPM; OS doesn't have ASPM control
[    6.703126] e1000e 0000:00:19.0 0000:00:19.0 (uninitialized): registered PHC clock
[    6.705821] input: HDA ATI HDMI HDMI/DP,pcm=3 as /devices/pci0000:00/0000:00:01.0/0000:01:00.1/sound/card1/input8
[    6.705907] input: HDA ATI HDMI HDMI/DP,pcm=7 as /devices/pci0000:00/0000:00:01.0/0000:01:00.1/sound/card1/input9
[    6.705985] input: HDA ATI HDMI HDMI/DP,pcm=8 as /devices/pci0000:00/0000:00:01.0/0000:01:00.1/sound/card1/input10
[    6.706055] input: HDA ATI HDMI HDMI/DP,pcm=9 as /devices/pci0000:00/0000:00:01.0/0000:01:00.1/sound/card1/input11
[    6.706115] input: HDA ATI HDMI HDMI/DP,pcm=10 as /devices/pci0000:00/0000:00:01.0/0000:01:00.1/sound/card1/input12
[    6.706182] input: HDA ATI HDMI HDMI/DP,pcm=11 as /devices/pci0000:00/0000:00:01.0/0000:01:00.1/sound/card1/input13
[    6.706464] snd_hda_codec_idt hdaudioC0D0: autoconfig for 92HD90BXX: line_outs=1 (0xe/0x0/0x0/0x0/0x0) type:line
[    6.706469] snd_hda_codec_idt hdaudioC0D0:    speaker_outs=1 (0xd/0x0/0x0/0x0/0x0)
[    6.706473] snd_hda_codec_idt hdaudioC0D0:    hp_outs=1 (0xb/0x0/0x0/0x0/0x0)
[    6.706476] snd_hda_codec_idt hdaudioC0D0:    mono: mono_out=0x0
[    6.706478] snd_hda_codec_idt hdaudioC0D0:    inputs:
[    6.713693] iwlwifi 0000:03:00.0: loaded firmware version 9.221.4.1 build 25532 6000-6.ucode op_mode iwldvm
[    6.715458] hid: raw HID events driver (C) Jiri Kosina
[    6.715817] AMD-Vi: AMD IOMMUv2 driver by Joerg Roedel <jroedel@suse.de>
[    6.715819] AMD-Vi: AMD IOMMUv2 functionality not available on this system
[    6.722066] usbcore: registered new interface driver usbhid
[    6.722070] usbhid: USB HID core driver
[    6.731785] input: HDA Intel PCH Dock Line Out as /devices/pci0000:00/0000:00:1b.0/sound/card0/input14
[    6.731855] input: HDA Intel PCH Headphone as /devices/pci0000:00/0000:00:1b.0/sound/card0/input15
[    6.796836] dcdbas dcdbas: Dell Systems Management Base Driver (version 5.6.0-3.4)
[    6.808310] dell-smbios A80593CE-A997-11DA-B012-B622A1EF5492: WMI SMBIOS userspace interface not supported(0), try upgrading to a newer BIOS
[    6.826586] input: Dell WMI hotkeys as /devices/platform/PNP0C14:00/wmi_bus/wmi_bus-PNP0C14:00/9DBB5994-A997-11DA-B012-B622A1EF5492/input/input16
[    6.846653] iwlwifi 0000:03:00.0: CONFIG_IWLWIFI_DEBUG disabled
[    6.846659] iwlwifi 0000:03:00.0: CONFIG_IWLWIFI_DEBUGFS enabled
[    6.846661] iwlwifi 0000:03:00.0: CONFIG_IWLWIFI_DEVICE_TRACING enabled
[    6.846663] iwlwifi 0000:03:00.0: Detected Intel(R) Centrino(R) Ultimate-N 6300 AGN, REV=0x74
[    6.860122] e1000e 0000:00:19.0 eth0: (PCI Express:2.5GT/s:Width x1) d0:67:e5:39:15:9e
[    6.860128] e1000e 0000:00:19.0 eth0: Intel(R) PRO/1000 Network Connection
[    6.860269] e1000e 0000:00:19.0 eth0: MAC: 10, PHY: 11, PBA No: 1041FF-0FF
[    6.871565] dell_laptop: Using i8042 filter function for receiving events
[    6.882441] ieee80211 phy0: Selected rate control algorithm 'iwl-agn-rs'
[    6.887823] XFS: attr2 mount option is deprecated.
[    6.980203] input: MOSART Semi. 2.4G Wireless Mouse as /devices/pci0000:00/0000:00:1d.0/usb2/2-1/2-1.2/2-1.2:1.0/0003:3938:1031.0001/input/input17
[    6.980317] input: MOSART Semi. 2.4G Wireless Mouse as /devices/pci0000:00/0000:00:1d.0/usb2/2-1/2-1.2/2-1.2:1.0/0003:3938:1031.0001/input/input18
[    6.980427] hid-generic 0003:3938:1031.0001: input,hiddev0,hidraw0: USB HID v1.10 Mouse [MOSART Semi. 2.4G Wireless Mouse] on usb-0000:00:1d.0-1.2/input0
[    6.980543] at24 0-0051: supply vcc not found, using dummy regulator
[    6.981159] at24 0-0051: 256 byte spd EEPROM, read-only
[    6.981193] at24 0-0053: supply vcc not found, using dummy regulator
[    6.982234] at24 0-0053: 256 byte spd EEPROM, read-only
[    6.986084] [drm] amdgpu kernel modesetting enabled.
[    6.986462] amdgpu: CRAT table not found
[    6.986466] amdgpu: Virtual CRAT table created for CPU
[    6.986493] amdgpu: Topology: Add CPU node
[    6.986583] checking generic (d0000000 7e9000) vs hw (d0000000 10000000)
[    6.986586] fb0: switching to amdgpudrmfb from EFI VGA
[    6.991920] RAPL PMU: API unit is 2^-32 Joules, 3 fixed counters, 163840 ms ovfl timer
[    6.991923] RAPL PMU: hw unit of domain pp0-core 2^-16 Joules
[    6.991925] RAPL PMU: hw unit of domain package 2^-16 Joules
[    6.991926] RAPL PMU: hw unit of domain pp1-gpu 2^-16 Joules
[    6.998153] cryptd: max_cpu_qlen set to 1000
[    6.998560] Console: switching to colour dummy device 80x25
[    7.001023] amdgpu 0000:01:00.0: vgaarb: deactivate vga console
[    7.002648] [drm] initializing kernel modesetting (BONAIRE 0x1002:0x6640 0x1028:0x04A4 0x00).
[    7.002654] amdgpu 0000:01:00.0: amdgpu: Trusted Memory Zone (TMZ) feature not supported
[    7.003133] [drm] register mmio base: 0xE4100000
[    7.003135] [drm] register mmio size: 262144
[    7.003137] [drm] PCIE atomic ops is not supported
[    7.003142] [drm] add ip block number 0 <cik_common>
[    7.003143] [drm] add ip block number 1 <gmc_v7_0>
[    7.003144] [drm] add ip block number 2 <cik_ih>
[    7.003145] [drm] add ip block number 3 <gfx_v7_0>
[    7.003146] [drm] add ip block number 4 <cik_sdma>
[    7.003147] [drm] add ip block number 5 <powerplay>
[    7.003148] [drm] add ip block number 6 <dce_v8_0>
[    7.003149] [drm] add ip block number 7 <uvd_v4_2>
[    7.003150] [drm] add ip block number 8 <vce_v2_0>
[    7.003220] resource sanity check: requesting [mem 0x000c0000-0x000dffff], which spans more than PCI Bus 0000:00 [mem 0x000d0000-0x000d3fff window]
[    7.003223] caller amdgpu_read_bios+0x3c/0xd0 [amdgpu] mapping multiple BARs
[    7.003603] amdgpu 0000:01:00.0: No more image in the PCI ROM
[    7.003630] amdgpu 0000:01:00.0: amdgpu: Fetched VBIOS from ROM BAR
[    7.003633] amdgpu: ATOM BIOS: BR44933.001
[    7.003641] amdgpu: Setting number of kernel compute queue to 8
[    7.004217] [drm] vm size is 64 GB, 2 levels, block size is 10-bit, fragment size is 9-bit
[    7.010583] XFS (sdc1): Mounting V5 Filesystem
[    7.012675] amdgpu 0000:01:00.0: amdgpu: VRAM: 2048M 0x000000F400000000 - 0x000000F47FFFFFFF (2048M used)
[    7.012683] amdgpu 0000:01:00.0: amdgpu: GART: 1024M 0x000000FF00000000 - 0x000000FF3FFFFFFF
[    7.012701] [drm] Detected VRAM RAM=2048M, BAR=256M
[    7.012703] [drm] RAM width 128bits GDDR5
[    7.012756] [drm] amdgpu: 2048M of VRAM memory ready
[    7.012758] [drm] amdgpu: 3072M of GTT memory ready.
[    7.012768] [drm] GART: num cpu pages 262144, num gpu pages 262144
[    7.013253] [drm] PCIE GART of 1024M enabled (table at 0x000000F4007E9000).
[    7.013365] AVX version of gcm_enc/dec engaged.
[    7.013398] AES CTR mode by8 optimization enabled
[    7.048603] amdgpu: hwmgr_sw_init smu backed is ci_smu
[    7.077078] intel_rapl_common: Found RAPL domain package
[    7.077083] intel_rapl_common: Found RAPL domain core
[    7.077085] intel_rapl_common: Found RAPL domain uncore
[    7.077092] intel_rapl_common: RAPL package-0 domain package locked by BIOS
[    7.170395] firewire_core 0000:0b:00.0: created device fw0: GUID 02734ec1464fc000, S400
[    7.405926] mmc0: new high speed SDHC card at address 1234
[    7.410633] mmcblk0: mmc0:1234 SA04G 3.68 GiB 
[    7.427141]  mmcblk0: p1
[    7.579684] [drm] amdgpu atom DIG backlight initialized
[    7.579705] [drm] AMDGPU Display Connectors
[    7.579709] [drm] Connector 0:
[    7.579715] [drm]   LVDS-1
[    7.579720] [drm]   DDC: 0x195c 0x195c 0x195d 0x195d 0x195e 0x195e 0x195f 0x195f
[    7.579732] [drm]   Encoders:
[    7.579736] [drm]     LCD1: INTERNAL_UNIPHY
[    7.579740] [drm] Connector 1:
[    7.579751] [drm]   DP-1
[    7.579752] [drm]   HPD1
[    7.579753] [drm]   DDC: 0x194c 0x194c 0x194d 0x194d 0x194e 0x194e 0x194f 0x194f
[    7.579755] [drm]   Encoders:
[    7.579755] [drm]     DFP1: INTERNAL_UNIPHY1
[    7.579756] [drm] Connector 2:
[    7.579757] [drm]   DP-2
[    7.579758] [drm]   HPD2
[    7.579759] [drm]   DDC: 0x1950 0x1950 0x1951 0x1951 0x1952 0x1952 0x1953 0x1953
[    7.579761] [drm]   Encoders:
[    7.579761] [drm]     DFP2: INTERNAL_UNIPHY1
[    7.579762] [drm] Connector 3:
[    7.579762] [drm]   DP-3
[    7.579763] [drm]   HPD3
[    7.579763] [drm]   DDC: 0x1954 0x1954 0x1955 0x1955 0x1956 0x1956 0x1957 0x1957
[    7.579765] [drm]   Encoders:
[    7.579765] [drm]     DFP3: INTERNAL_UNIPHY2
[    7.579766] [drm] Connector 4:
[    7.579767] [drm]   VGA-1
[    7.579767] [drm]   DDC: 0x1970 0x1970 0x1971 0x1971 0x1972 0x1972 0x1973 0x1973
[    7.579768] [drm]   Encoders:
[    7.579769] [drm]     CRT1: INTERNAL_KLDSCP_DAC1
[    7.581158] [drm] Found UVD firmware Version: 1.64 Family ID: 9
[    7.582518] [drm] Found VCE firmware Version: 50.10 Binary ID: 2
[    7.582886] [drm] PCIE gen 2 link speeds already enabled
[    7.626195] [drm] UVD initialized successfully.
[    7.746097] XFS (sdc1): Ending clean mount
[    7.746230] [drm] VCE initialized successfully.
[    7.749020] kfd kfd: amdgpu: Allocated 3969056 bytes on gart
[    7.749109] amdgpu: SW scheduler is used
[    7.749124] amdgpu: SRAT table not found
[    7.749125] amdgpu: Virtual CRAT table created for GPU
[    7.749189] amdgpu: Topology: Add dGPU node [0x6640:0x1002]
[    7.749193] kfd kfd: amdgpu: added device 1002:6640
[    7.749195] amdgpu 0000:01:00.0: amdgpu: SE 2, SH per SE 1, CU per SH 7, active_cu_number 12
[    7.875792] xfs filesystem being mounted at /home supports timestamps until 2038 (0x7fffffff)
[    7.884426] XFS: attr2 mount option is deprecated.
[    8.224752] input: AlpsPS/2 ALPS DualPoint Stick as /devices/platform/i8042/serio1/input/input19
[    8.237776] input: AlpsPS/2 ALPS DualPoint TouchPad as /devices/platform/i8042/serio1/input/input7
[    8.417998] Adding 33554428k swap on /dev/sdb1.  Priority:-2 extents:1 across:33554428k SSDscFS
[    8.418556] XFS (sdb3): Mounting V5 Filesystem
[    8.436525] XFS (sdb3): Ending clean mount
[    9.132171] [drm] fb mappable at 0xD0BD4000
[    9.132176] [drm] vram apper at 0xD0000000
[    9.132177] [drm] size 8294400
[    9.132178] [drm] fb depth is 24
[    9.132179] [drm]    pitch is 7680
[    9.132325] fbcon: amdgpu (fb0) is primary device
[    9.681094] Console: switching to colour frame buffer device 240x67
[    9.685522] amdgpu 0000:01:00.0: [drm] fb0: amdgpu frame buffer device
[    9.702061] [drm] Initialized amdgpu 3.42.0 20150101 for 0000:01:00.0 on minor 0
[   20.898658] iwlwifi 0000:03:00.0: Radio type=0x0-0x3-0x1
[   21.136913] iwlwifi 0000:03:00.0: Radio type=0x0-0x3-0x1
[   24.475006] e1000e 0000:00:19.0 eth0: NIC Link is Up 1000 Mbps Full Duplex, Flow Control: Rx/Tx
[   32.191994] Guest personality initialized and is inactive
[   32.192063] VMCI host device registered (name=vmci, major=10, minor=120)
[   32.192066] Initialized host personality
[   32.209763] NET: Registered protocol family 40
[   57.605032] device eth0 entered promiscuous mode
[  102.821110] APFS: FS Version 1.4-dragon
[  107.147642] ntfs3: Index binary search
[  107.147645] ntfs3: Hot fix free clusters
[  107.147646] ntfs3: Max link count 1024
[  107.147647] ntfs3: Enabled Linux POSIX ACLs support
[  107.147648] ntfs3: Activated 32 bits per cluster
[  107.147648] ntfs3: Read-only lzx/xpress compression included
[  127.069574] DKLM: Valid system, Dragon kernel license activated!
[  127.069580] DKLM: Unlimited User License, registered to: Andy Lavr <andy.lavr@gmail.com>
[  173.697120] powercap intel-rapl:0: package locked by BIOS, monitoring only
[  175.698430] intel_powerclamp: Start idle injection to reduce power
[  176.699740] intel_powerclamp: Stop forced idle injection

</pre>
</body>
</html>
