<?xml version="1.0" encoding="UTF-8" ?>
<!DOCTYPE html PUBLIC "-//W3C//DTD XHTML 1.0 Strict//EN" "http://www.w3.org/TR/xhtml1/DTD/xhtml1-strict.dtd">
<html xmlns="http://www.w3.org/1999/xhtml">
<head>
<meta http-equiv="Content-Type" content="application/xml+xhtml; charset=UTF-8" />
<title>Dell Precision M6600 (Sandy Bridge)</title>
</head>
<body style="color:white; background-color:black">
<pre>
[    0.000000] microcode: microcode updated early to revision 0x2f, date = 2019-02-17
[    0.000000] Linux version 5.14.1-dragon-sandybridge (root@wip) (Ubuntu clang version 13.0.0-++20210702083516+fd2433e139f7-1~exp1~20210702184303.502, LLD 13.0.0) #202107030001 DRAGON SMP PREEMPT Sat Jul 3 08:16:21 UTC 2021
[    0.000000] Command line: BOOT_IMAGE=/boot/vmlinuz-5.14.1-dragon-sandybridge root=/dev/sda3 ro amdgpu.si_support=0 amdgpu.cik_support=1 amdgpu.vm_fragment_size=9 amdgpu.ppfeaturemask=0 clocksource=hpet trace_clock=global modprobe.blacklist=radeon,lpc_ich crashkernel=auto log_buf_len=4M randomize_kstack_offset=1 tsc=reliable tsc_early_khz=2494333 rootfstype=xfs rootflags=discard root=/dev/sda3 noresume systemd.gpt_auto=0 net.ifnames=0 biosdevname=0 mds=full ipv6.disable=1 spectre_v2_user_ibpb_mode=enter randomize_vmalloc=1 memory_hotplug.memmap_on_memory=on
[    0.000000] KERNEL supported cpus:
[    0.000000]   Hygon HygonGenuine
[    0.000000]   Centaur CentaurHauls
[    0.000000]   zhaoxin   Shanghai  
[    0.000000]   Intel GenuineIntel
[    0.000000]   AMD AuthenticAMD
[    0.000000] x86/fpu: Supporting XSAVE feature 0x001: 'x87 floating point registers'
[    0.000000] x86/fpu: Supporting XSAVE feature 0x002: 'SSE registers'
[    0.000000] x86/fpu: Supporting XSAVE feature 0x004: 'AVX registers'
[    0.000000] x86/fpu: xstate_offset[2]:  576, xstate_sizes[2]:  256
[    0.000000] x86/fpu: Enabled xstate features 0x7, context size is 832 bytes, using 'standard' format.
[    0.000000] signal: max sigframe size: 1776
[    0.000000] BIOS-provided physical RAM map:
[    0.000000] BIOS-e820: [mem 0x0000000000000000-0x000000000009ffff] usable
[    0.000000] BIOS-e820: [mem 0x0000000000100000-0x00000000cee22fff] usable
[    0.000000] BIOS-e820: [mem 0x00000000cee23000-0x00000000cee66fff] reserved
[    0.000000] BIOS-e820: [mem 0x00000000cee67000-0x00000000cf152fff] usable
[    0.000000] BIOS-e820: [mem 0x00000000cf153000-0x00000000cf1e6fff] reserved
[    0.000000] BIOS-e820: [mem 0x00000000cf1e7000-0x00000000cf3e6fff] ACPI NVS
[    0.000000] BIOS-e820: [mem 0x00000000cf3e7000-0x00000000cf3fefff] ACPI data
[    0.000000] BIOS-e820: [mem 0x00000000cf3ff000-0x00000000cf3fffff] usable
[    0.000000] BIOS-e820: [mem 0x00000000fed1c000-0x00000000fed1ffff] reserved
[    0.000000] BIOS-e820: [mem 0x00000000ffc00000-0x00000000ffc1ffff] reserved
[    0.000000] BIOS-e820: [mem 0x0000000100000000-0x000000042dffffff] usable
[    0.000000] NX (Execute Disable) protection: active
[    0.000000] e820: update [mem 0xcbcb8018-0xcbcd6e57] usable ==> usable
[    0.000000] e820: update [mem 0xcbcb8018-0xcbcd6e57] usable ==> usable
[    0.000000] extended physical RAM map:
[    0.000000] reserve setup_data: [mem 0x0000000000000000-0x000000000009ffff] usable
[    0.000000] reserve setup_data: [mem 0x0000000000100000-0x00000000cbcb8017] usable
[    0.000000] reserve setup_data: [mem 0x00000000cbcb8018-0x00000000cbcd6e57] usable
[    0.000000] reserve setup_data: [mem 0x00000000cbcd6e58-0x00000000cee22fff] usable
[    0.000000] reserve setup_data: [mem 0x00000000cee23000-0x00000000cee66fff] reserved
[    0.000000] reserve setup_data: [mem 0x00000000cee67000-0x00000000cf152fff] usable
[    0.000000] reserve setup_data: [mem 0x00000000cf153000-0x00000000cf1e6fff] reserved
[    0.000000] reserve setup_data: [mem 0x00000000cf1e7000-0x00000000cf3e6fff] ACPI NVS
[    0.000000] reserve setup_data: [mem 0x00000000cf3e7000-0x00000000cf3fefff] ACPI data
[    0.000000] reserve setup_data: [mem 0x00000000cf3ff000-0x00000000cf3fffff] usable
[    0.000000] reserve setup_data: [mem 0x00000000fed1c000-0x00000000fed1ffff] reserved
[    0.000000] reserve setup_data: [mem 0x00000000ffc00000-0x00000000ffc1ffff] reserved
[    0.000000] reserve setup_data: [mem 0x0000000100000000-0x000000042dffffff] usable
[    0.000000] efi: EFI v2.00 by American Megatrends
[    0.000000] efi: ACPI 2.0=0xcf3fef98 SMBIOS=0xcf1a8f18 
[    0.000000] SMBIOS 2.6 present.
[    0.000000] DMI: Dell Inc. Precision M6600/04YY4M, BIOS A18 09/14/2018
[    0.000000] tsc: Fast TSC calibration using PIT
[    0.000000] tsc: Detected 2494.201 MHz processor
[    0.000000] tsc: Detected 2494.333 MHz TSC
[    0.000706] e820: update [mem 0x00000000-0x00000fff] usable ==> reserved
[    0.000710] e820: remove [mem 0x000a0000-0x000fffff] usable
[    0.000715] last_pfn = 0x42e000 max_arch_pfn = 0x400000000
[    0.001572] x86/PAT: Configuration [0-7]: WB  WC  UC- UC  WB  WP  UC- WT  
[    0.002752] total RAM covered: 16348M
[    0.003068] Found optimal setting for mtrr clean up
[    0.003069]  gran_size: 64K 	chunk_size: 64M 	num_reg: 9  	lose cover RAM: 0G
[    0.004064] e820: update [mem 0xcf400000-0xcf7fffff] usable ==> reserved
[    0.004071] e820: update [mem 0xd0000000-0xffffffff] usable ==> reserved
[    0.004075] last_pfn = 0xcf400 max_arch_pfn = 0x400000000
[    0.006096] found SMP MP-table at [mem 0x000f1bc0-0x000f1bcf]
[    0.010141] printk: log_buf_len: 4194304 bytes
[    0.010146] printk: early log buf free: 257528(98%)
[    0.010148] Secure boot disabled
[    0.010150] ACPI: Early table checksum verification disabled
[    0.010156] ACPI: RSDP 0x00000000CF3FEF98 000024 (v02 DELL  )
[    0.010162] ACPI: XSDT 0x00000000CF3FDE18 000084 (v01 DELL   CBX3     06222004 MSFT 00010013)
[    0.010169] ACPI: FACP 0x00000000CF377D98 0000F4 (v04 DELL   CBX3     06222004 MSFT 00010013)
[    0.010176] ACPI: DSDT 0x00000000CF344018 008A43 (v02 INT430 SYSFexxx 00001001 INTL 20090903)
[    0.010181] ACPI: FACS 0x00000000CF3D4E40 000040
[    0.010185] ACPI: FACS 0x00000000CF3D4D40 000040
[    0.010189] ACPI: APIC 0x00000000CF3FCF18 0000CC (v02 DELL   CBX3     06222004 MSFT 00010013)
[    0.010193] ACPI: TCPA 0x00000000CF3D5D18 000032 (v02                 00000000      00000000)
[    0.010197] ACPI: SSDT 0x00000000CF378A98 0002F9 (v01 DELLTP TPM      00003000 INTL 20090903)
[    0.010202] ACPI: MCFG 0x00000000CF3D5C98 00003C (v01 DELL   SNDYBRDG 06222004 MSFT 00000097)
[    0.010206] ACPI: HPET 0x00000000CF3D5C18 000038 (v01 A M I   PCHHPET 06222004 AMI. 00000003)
[    0.010210] ACPI: BOOT 0x00000000CF3D5B98 000028 (v01 DELL   CBX3     06222004 AMI  00010013)
[    0.010215] ACPI: SSDT 0x00000000CF35B018 000804 (v01 PmRef  Cpu0Ist  00003000 INTL 20090903)
[    0.010219] ACPI: SSDT 0x00000000CF35A018 000996 (v01 PmRef  CpuPm    00003000 INTL 20090903)
[    0.010223] ACPI: DMAR 0x00000000CF3D4A18 0000B0 (v01 INTEL  SNB      00000001 INTL 00000001)
[    0.010227] ACPI: SLIC 0x00000000CF364C18 000176 (v03 DELL   CBX3     06222004 MSFT 00010013)
[    0.010231] ACPI: SSDT 0x00000000CF363818 000798 (v01 AmdRef AmdTabl  00001000 INTL 20090903)
[    0.010235] ACPI: Reserving FACP table memory at [mem 0xcf377d98-0xcf377e8b]
[    0.010238] ACPI: Reserving DSDT table memory at [mem 0xcf344018-0xcf34ca5a]
[    0.010239] ACPI: Reserving FACS table memory at [mem 0xcf3d4e40-0xcf3d4e7f]
[    0.010241] ACPI: Reserving FACS table memory at [mem 0xcf3d4d40-0xcf3d4d7f]
[    0.010242] ACPI: Reserving APIC table memory at [mem 0xcf3fcf18-0xcf3fcfe3]
[    0.010244] ACPI: Reserving TCPA table memory at [mem 0xcf3d5d18-0xcf3d5d49]
[    0.010245] ACPI: Reserving SSDT table memory at [mem 0xcf378a98-0xcf378d90]
[    0.010247] ACPI: Reserving MCFG table memory at [mem 0xcf3d5c98-0xcf3d5cd3]
[    0.010248] ACPI: Reserving HPET table memory at [mem 0xcf3d5c18-0xcf3d5c4f]
[    0.010250] ACPI: Reserving BOOT table memory at [mem 0xcf3d5b98-0xcf3d5bbf]
[    0.010251] ACPI: Reserving SSDT table memory at [mem 0xcf35b018-0xcf35b81b]
[    0.010253] ACPI: Reserving SSDT table memory at [mem 0xcf35a018-0xcf35a9ad]
[    0.010255] ACPI: Reserving DMAR table memory at [mem 0xcf3d4a18-0xcf3d4ac7]
[    0.010256] ACPI: Reserving SLIC table memory at [mem 0xcf364c18-0xcf364d8d]
[    0.010258] ACPI: Reserving SSDT table memory at [mem 0xcf363818-0xcf363faf]
[    0.010331] No NUMA configuration found
[    0.010333] Faking a node at [mem 0x0000000000000000-0x000000042dffffff]
[    0.010344] NODE_DATA(0) allocated [mem 0x42cdc9000-0x42cdf3fff]
[    0.010627] cma: Reserved 1636 MiB at 0x0000000100000000
[    0.010633] crashkernel: memory value expected
[    0.010663] Zone ranges:
[    0.010664]   DMA      [mem 0x0000000000001000-0x0000000000ffffff]
[    0.010667]   DMA32    [mem 0x0000000001000000-0x00000000ffffffff]
[    0.010669]   Normal   [mem 0x0000000100000000-0x000000042dffffff]
[    0.010672]   Device   empty
[    0.010673] Movable zone start for each node
[    0.010675] Early memory node ranges
[    0.010676]   node   0: [mem 0x0000000000001000-0x000000000009ffff]
[    0.010678]   node   0: [mem 0x0000000000100000-0x00000000cee22fff]
[    0.010680]   node   0: [mem 0x00000000cee67000-0x00000000cf152fff]
[    0.010682]   node   0: [mem 0x00000000cf3ff000-0x00000000cf3fffff]
[    0.010683]   node   0: [mem 0x0000000100000000-0x000000042dffffff]
[    0.010686] Initmem setup node 0 [mem 0x0000000000001000-0x000000042dffffff]
[    0.010692] On node 0, zone DMA: 1 pages in unavailable ranges
[    0.010733] On node 0, zone DMA: 96 pages in unavailable ranges
[    0.019125] On node 0, zone DMA32: 68 pages in unavailable ranges
[    0.019139] On node 0, zone DMA32: 684 pages in unavailable ranges
[    0.052484] On node 0, zone Normal: 3072 pages in unavailable ranges
[    0.052577] On node 0, zone Normal: 8192 pages in unavailable ranges
[    0.052789] ACPI: PM-Timer IO Port: 0x408
[    0.052809] IOAPIC[0]: apic_id 2, version 32, address 0xfec00000, GSI 0-23
[    0.052813] ACPI: INT_SRC_OVR (bus 0 bus_irq 0 global_irq 2 dfl dfl)
[    0.052816] ACPI: INT_SRC_OVR (bus 0 bus_irq 9 global_irq 9 high level)
[    0.052821] ACPI: Using ACPI (MADT) for SMP configuration information
[    0.052823] ACPI: HPET id: 0x8086a701 base: 0xfed00000
[    0.052828] TSC deadline timer available
[    0.052830] smpboot: Allowing 16 CPUs, 8 hotplug CPUs
[    0.052845] PM: hibernation: Registered nosave memory: [mem 0x00000000-0x00000fff]
[    0.052848] PM: hibernation: Registered nosave memory: [mem 0x000a0000-0x000fffff]
[    0.052851] PM: hibernation: Registered nosave memory: [mem 0xcbcb8000-0xcbcb8fff]
[    0.052853] PM: hibernation: Registered nosave memory: [mem 0xcbcd6000-0xcbcd6fff]
[    0.052855] PM: hibernation: Registered nosave memory: [mem 0xcee23000-0xcee66fff]
[    0.052857] PM: hibernation: Registered nosave memory: [mem 0xcf153000-0xcf1e6fff]
[    0.052859] PM: hibernation: Registered nosave memory: [mem 0xcf1e7000-0xcf3e6fff]
[    0.052860] PM: hibernation: Registered nosave memory: [mem 0xcf3e7000-0xcf3fefff]
[    0.052862] PM: hibernation: Registered nosave memory: [mem 0xcf400000-0xfed1bfff]
[    0.052864] PM: hibernation: Registered nosave memory: [mem 0xfed1c000-0xfed1ffff]
[    0.052865] PM: hibernation: Registered nosave memory: [mem 0xfed20000-0xffbfffff]
[    0.052866] PM: hibernation: Registered nosave memory: [mem 0xffc00000-0xffc1ffff]
[    0.052868] PM: hibernation: Registered nosave memory: [mem 0xffc20000-0xffffffff]
[    0.052870] [mem 0xcf400000-0xfed1bfff] available for PCI devices
[    0.052875] clocksource: refined-jiffies: mask: 0xffffffff max_cycles: 0xffffffff, max_idle_ns: 2548493796700712 ns
[    0.065641] setup_percpu: NR_CPUS:8192 nr_cpumask_bits:16 nr_cpu_ids:16 nr_node_ids:1
[    0.066436] percpu: Embedded 56 pages/cpu s192512 r8192 d28672 u262144
[    0.066446] pcpu-alloc: s192512 r8192 d28672 u262144 alloc=1*2097152
[    0.066449] pcpu-alloc: [0] 00 01 02 03 04 05 06 07 [0] 08 09 10 11 12 13 14 15 
[    0.066482] Built 1 zonelists, mobility grouping on.  Total pages: 4116683
[    0.066484] Policy zone: Normal
[    0.066486] Kernel command line: BOOT_IMAGE=/boot/vmlinuz-5.14.1-dragon-sandybridge root=/dev/sda3 ro amdgpu.si_support=0 amdgpu.cik_support=1 amdgpu.vm_fragment_size=9 amdgpu.ppfeaturemask=0 clocksource=hpet trace_clock=global modprobe.blacklist=radeon,lpc_ich crashkernel=auto log_buf_len=4M randomize_kstack_offset=1 tsc=reliable tsc_early_khz=2494333 rootfstype=xfs rootflags=discard root=/dev/sda3 noresume systemd.gpt_auto=0 net.ifnames=0 biosdevname=0 mds=full ipv6.disable=1 spectre_v2_user_ibpb_mode=enter randomize_vmalloc=1 memory_hotplug.memmap_on_memory=on
[    0.066709] Dragon Kernel version info: This internal testing release Dragon Team. Public distribution prohibited!
[    0.066711] Project URL & support on Dragon Kernel: https://dragon-kernel.site, E-Mail: wip.kernel@gmail.com
[    0.068499] Dentry cache hash table entries: 2097152 (order: 12, 16777216 bytes, linear)
[    0.069434] Inode-cache hash table entries: 1048576 (order: 11, 8388608 bytes, linear)
[    0.070090] mem auto-init: stack:all(zero), heap alloc:on, heap free:on
[    0.070092] mem auto-init: clearing system memory may take some time...
[    1.789345] Memory: 14530164K/16728764K available (28691K kernel code, 4146K rwdata, 11072K rodata, 2584K init, 8044K bss, 523076K reserved, 1675264K cma-reserved)
[    1.789365] lrng_drng: ChaCha20 core initialized with first seeding
[    1.789519] SLUB: HWalign=64, Order=0-3, MinObjects=0, CPUs=16, Nodes=1
[    1.789532] Kernel/User page tables isolation: enabled
[    1.789554] ftrace: allocating 58751 entries in 230 pages
[    1.801343] ftrace: allocated 230 pages with 5 groups
[    1.801413] Dynamic Preempt: voluntary
[    1.802514] rcu: Preemptible hierarchical RCU implementation.
[    1.802516] rcu: 	RCU restricting CPUs from NR_CPUS=8192 to nr_cpu_ids=16.
[    1.802518] 	Trampoline variant of Tasks RCU enabled.
[    1.802519] 	Rude variant of Tasks RCU enabled.
[    1.802520] 	Tracing variant of Tasks RCU enabled.
[    1.802521] rcu: RCU calculated value of scheduler-enlistment delay is 75 jiffies.
[    1.802523] rcu: Adjusting geometry for rcu_fanout_leaf=16, nr_cpu_ids=16
[    1.806171] NR_IRQS: 524544, nr_irqs: 552, preallocated irqs: 16
[    1.806565] kfence: initialized - using 4202496 bytes for 512 objects at 0x(____ptrval____)-0x(____ptrval____)
[    1.806615] Console: colour dummy device 80x25
[    1.806926] printk: console [tty0] enabled
[    1.806952] ACPI: Core revision 20210604
[    1.807058] clocksource: hpet: mask: 0xffffffffffffffff max_cycles: 0x69abb5ae9, max_idle_ns: 881590405774 ns
[    1.807078] APIC: Switch to symmetric I/O mode setup
[    1.807082] DMAR: Host address width 36
[    1.807085] DMAR: DRHD base: 0x000000fed91000 flags: 0x1
[    1.807092] DMAR: dmar0: reg_base_addr fed91000 ver 1:0 cap c9008020660262 ecap f0105a
[    1.807097] DMAR: RMRR base: 0x000000cf1c6000 end: 0x000000cf1d5fff
[    1.807103] DMAR-IR: IOAPIC id 2 under DRHD base  0xfed91000 IOMMU 0
[    1.807107] DMAR-IR: HPET id 0 under DRHD base 0xfed91000
[    1.807109] DMAR-IR: Queued invalidation will be enabled to support x2apic and Intr-remapping.
[    1.807195] DMAR-IR: Enabled IRQ remapping in x2apic mode
[    1.807199] x2apic enabled
[    1.807206] Switched APIC routing to cluster x2apic.
[    1.807633] ..TIMER: vector=0x30 apic1=0 pin1=2 apic2=-1 pin2=-1
[    1.813744] clocksource: tsc-early: mask: 0xffffffffffffffff max_cycles: 0x23f45085418, max_idle_ns: 440795285711 ns
[    1.813754] Calibrating delay loop (skipped), value calculated using timer frequency.. 4993.96 BogoMIPS (lpj=3325777)
[    1.813760] pid_max: default: 32768 minimum: 301
[    1.824458] LSM: Security Framework initializing
[    1.824490] Smack:  Initializing.
[    1.824492] Smack:  Netfilter enabled.
[    1.824494] Smack:  IPv6 Netfilter enabled.
[    1.824528] Mount-cache hash table entries: 32768 (order: 6, 262144 bytes, linear)
[    1.824534] Mountpoint-cache hash table entries: 32768 (order: 6, 262144 bytes, linear)
[    1.824821] CPU0: Thermal monitoring enabled (TM1)
[    1.824849] process: using mwait in idle threads
[    1.824853] Last level iTLB entries: 4KB 512, 2MB 8, 4MB 8
[    1.824856] Last level dTLB entries: 4KB 512, 2MB 32, 4MB 32, 1GB 0
[    1.824867] Spectre V1 : Mitigation: usercopy/swapgs barriers and __user pointer sanitization
[    1.824875] Spectre V2 : Mitigation: Full generic retpoline
[    1.824877] Spectre V2 : Spectre v2 / SpectreRSB mitigation: Filling RSB on context switch
[    1.824880] Spectre V2 : Enabling Restricted Speculation for firmware calls
[    1.824885] Spectre V2 : mitigation: Enabling conditional Indirect Branch Prediction Barrier
[    1.824892] Spectre V2 : User space: Mitigation: STIBP via seccomp and prctl
[    1.824898] Speculative Store Bypass: Mitigation: Speculative Store Bypass disabled via prctl and seccomp
[    1.824905] MDS: Mitigation: Clear CPU buffers
[    1.827088] Freeing SMP alternatives memory: 56K
[    1.828136] smpboot: Estimated ratio of average max frequency by base frequency (times 1024): 1310
[    1.828151] smpboot: CPU0: Intel(R) Core(TM) i7-2920XM CPU @ 2.50GHz (family: 0x6, model: 0x2a, stepping: 0x7)
[    1.828391] Performance Events: PEBS fmt1+, SandyBridge events, 16-deep LBR, full-width counters, Intel PMU driver.
[    1.828405] ... version:                3
[    1.828408] ... bit width:              48
[    1.828410] ... generic registers:      4
[    1.828413] ... value mask:             0000ffffffffffff
[    1.828416] ... max period:             00007fffffffffff
[    1.828417] ... fixed-purpose events:   3
[    1.828417] ... event mask:             000000070000000f
[    1.828417] rcu: Hierarchical SRCU implementation.
[    1.829452] NMI watchdog: Enabled. Permanently consumes one hw-PMU counter.
[    1.829601] smp: Bringing up secondary CPUs ...
[    1.829710] x86: Booting SMP configuration:
[    1.829713] .... node  #0, CPUs:        #1  #2  #3  #4 #5  #6  #7
[    1.836476] smp: Brought up 1 node, 8 CPUs
[    1.836476] smpboot: Max logical packages: 2
[    1.836476] smpboot: Total of 8 processors activated (39949.69 BogoMIPS)
[    1.838562] devtmpfs: initialized
[    1.838562] x86/mm: Memory block size: 128MB
[    1.840484] ACPI: PM: Registering ACPI NVS region [mem 0xcf1e7000-0xcf3e6fff] (2097152 bytes)
[    1.840514] reboot: Dell Precision M6600 series board detected. Selecting PCI-method for reboots.
[    1.840570] clocksource: jiffies: mask: 0xffffffff max_cycles: 0xffffffff, max_idle_ns: 2548346626961994 ns
[    1.840579] futex hash table entries: 4096 (order: 6, 262144 bytes, linear)
[    1.984929] pinctrl core: initialized pinctrl subsystem
[    1.985103] PM: RTC time: 07:43:23, date: 2021-07-03
[    1.985280] NET: Registered PF_NETLINK/PF_ROUTE protocol family
[    1.985832] DMA: preallocated 2048 KiB GFP_KERNEL pool for atomic allocations
[    1.985841] DMA: preallocated 2048 KiB GFP_KERNEL|GFP_DMA pool for atomic allocations
[    1.985848] DMA: preallocated 2048 KiB GFP_KERNEL|GFP_DMA32 pool for atomic allocations
[    1.985879] audit: initializing netlink subsys (disabled)
[    1.985898] audit: type=2000 audit(1625298202.178:1): state=initialized audit_enabled=0 res=1
[    1.985922] thermal_sys: Registered thermal governor 'fair_share'
[    1.985924] thermal_sys: Registered thermal governor 'bang_bang'
[    1.985928] thermal_sys: Registered thermal governor 'step_wise'
[    1.985932] thermal_sys: Registered thermal governor 'user_space'
[    1.985935] thermal_sys: Registered thermal governor 'power_allocator'
[    1.985949] cpuidle: using governor ladder
[    1.985958] cpuidle: using governor menu
[    1.986038] Simple Boot Flag at 0xf3 set to 0x80
[    1.986053] ACPI FADT declares the system doesn't support PCIe ASPM, so disable it
[    1.986057] ACPI: bus type PCI registered
[    1.986060] acpiphp: ACPI Hot Plug PCI Controller Driver version: 0.5
[    1.986143] PCI: MMCONFIG for domain 0000 [bus 00-3f] at [mem 0xf8000000-0xfbffffff] (base 0xf8000000)
[    1.986152] PCI: not using MMCONFIG
[    1.986158] PCI: Using configuration type 1 for base access
[    1.986246] core: PMU erratum BJ122, BV98, HSD29 worked around, HT is on
[    1.986757] ENERGY_PERF_BIAS: Set to 'normal', was 'performance'
[    2.023183] Kprobes globally optimized
[    2.024455] HugeTLB: can free 6 vmemmap pages for hugepages-2048kB
[    2.024455] HugeTLB registered 2.00 MiB page size, pre-allocated 0 pages
[    2.047117] raid6: sse2x4   gen() 10386 MB/s
[    2.069784] raid6: sse2x4   xor()  6352 MB/s
[    2.092456] raid6: sse2x2   gen() 11521 MB/s
[    2.115130] raid6: sse2x2   xor()  6896 MB/s
[    2.137801] raid6: sse2x1   gen()  9993 MB/s
[    2.160473] raid6: sse2x1   xor()  5718 MB/s
[    2.160477] raid6: using algorithm sse2x2 gen() 11521 MB/s
[    2.160481] raid6: .... xor() 6896 MB/s, rmw enabled
[    2.160484] raid6: using ssse3x2 recovery algorithm
[    2.160594] ACPI: PRMT not present
[    2.160597] PRM: found 4294967277 modules
[    2.160623] ACPI: Added _OSI(Module Device)
[    2.160626] ACPI: Added _OSI(Processor Device)
[    2.160629] ACPI: Added _OSI(3.0 _SCP Extensions)
[    2.160632] ACPI: Added _OSI(Processor Aggregator Device)
[    2.160635] ACPI: Added _OSI(Linux-Dell-Video)
[    2.160637] ACPI: Added _OSI(Linux-Lenovo-NV-HDMI-Audio)
[    2.160640] ACPI: Added _OSI(Linux-HPI-Hybrid-Graphics)
[    2.169876] ACPI: 5 ACPI AML tables successfully acquired and loaded
[    2.171112] ACPI: [Firmware Bug]: BIOS _OSI(Linux) query ignored
[    2.174330] ACPI: Dynamic OEM Table Load:
[    2.174341] ACPI: SSDT 0xFFFF954B67844800 000727 (v01 PmRef  Cpu0Cst  00003001 INTL 20090903)
[    2.175301] ACPI: Dynamic OEM Table Load:
[    2.175310] ACPI: SSDT 0xFFFF954B67398400 000303 (v01 PmRef  ApIst    00003000 INTL 20090903)
[    2.176013] ACPI: Dynamic OEM Table Load:
[    2.176020] ACPI: SSDT 0xFFFF954B67691000 000119 (v01 PmRef  ApCst    00003000 INTL 20090903)
[    2.178688] ACPI: EC: EC started
[    2.178692] ACPI: EC: interrupt blocked
[    2.179861] ACPI: EC: EC_CMD/EC_SC=0x934, EC_DATA=0x930
[    2.179867] ACPI: \_SB_.PCI0.LPCB.ECDV: Boot DSDT EC used to handle transactions
[    2.179871] ACPI: Interpreter enabled
[    2.179898] ACPI: PM: (supports S0 S3 S4 S5)
[    2.179901] ACPI: Using IOAPIC for interrupt routing
[    2.179936] PCI: MMCONFIG for domain 0000 [bus 00-3f] at [mem 0xf8000000-0xfbffffff] (base 0xf8000000)
[    2.180584] PCI: MMCONFIG at [mem 0xf8000000-0xfbffffff] reserved in ACPI motherboard resources
[    2.180599] PCI: Using host bridge windows from ACPI; if necessary, use "pci=nocrs" and report a bug
[    2.180857] ACPI: Enabled 5 GPEs in block 00 to 3F
[    2.196158] ACPI: PCI Root Bridge [PCI0] (domain 0000 [bus 00-3e])
[    2.196170] acpi PNP0A08:00: _OSC: OS supports [ExtendedConfig ASPM ClockPM Segments MSI EDR HPX-Type3]
[    2.196231] acpi PNP0A08:00: _OSC: platform retains control of PCIe features (AE_ERROR)
[    2.196692] acpi PNP0A08:00: Fix up PCI start address: cf400000 -> d0000
[    2.196956] PCI host bridge to bus 0000:00
[    2.196962] pci_bus 0000:00: root bus resource [bus 00-3e]
[    2.196966] pci_bus 0000:00: root bus resource [io  0x0000-0x0cf7 window]
[    2.196970] pci_bus 0000:00: root bus resource [io  0x0d00-0xffff window]
[    2.196974] pci_bus 0000:00: root bus resource [mem 0x000a0000-0x000bffff window]
[    2.196978] pci_bus 0000:00: root bus resource [mem 0x000d0000-0x000dffff window]
[    2.196982] pci_bus 0000:00: root bus resource [mem 0xd0000000-0xfeafffff window]
[    2.196986] pci_bus 0000:00: root bus resource [mem 0xfed40000-0xfed44fff window]
[    2.197003] pci 0000:00:00.0: [8086:0104] type 00 class 0x060000
[    2.197125] pci 0000:00:01.0: [8086:0101] type 01 class 0x060400
[    2.197168] pci 0000:00:01.0: PME# supported from D0 D3hot D3cold
[    2.197348] pci 0000:00:16.0: [8086:1c3a] type 00 class 0x078000
[    2.197372] pci 0000:00:16.0: reg 0x10: [mem 0xe42b0000-0xe42b000f 64bit]
[    2.197452] pci 0000:00:16.0: PME# supported from D0 D3hot D3cold
[    2.197561] pci 0000:00:16.3: [8086:1c3d] type 00 class 0x070002
[    2.197578] pci 0000:00:16.3: reg 0x10: [io  0x80a0-0x80a7]
[    2.197589] pci 0000:00:16.3: reg 0x14: [mem 0xe4290000-0xe4290fff]
[    2.197759] pci 0000:00:19.0: [8086:1502] type 00 class 0x020000
[    2.197777] pci 0000:00:19.0: reg 0x10: [mem 0xe4200000-0xe421ffff]
[    2.197788] pci 0000:00:19.0: reg 0x14: [mem 0xe4280000-0xe4280fff]
[    2.197799] pci 0000:00:19.0: reg 0x18: [io  0x8040-0x805f]
[    2.197865] pci 0000:00:19.0: PME# supported from D0 D3hot D3cold
[    2.198008] pci 0000:00:1a.0: [8086:1c2d] type 00 class 0x0c0320
[    2.198027] pci 0000:00:1a.0: reg 0x10: [mem 0xe4270000-0xe42703ff]
[    2.198117] pci 0000:00:1a.0: PME# supported from D0 D3hot D3cold
[    2.198258] pci 0000:00:1b.0: [8086:1c20] type 00 class 0x040300
[    2.198278] pci 0000:00:1b.0: reg 0x10: [mem 0xe4260000-0xe4263fff 64bit]
[    2.198363] pci 0000:00:1b.0: PME# supported from D0 D3hot D3cold
[    2.198508] pci 0000:00:1c.0: [8086:1c10] type 01 class 0x060400
[    2.198604] pci 0000:00:1c.0: PME# supported from D0 D3hot D3cold
[    2.198767] pci 0000:00:1c.1: [8086:1c12] type 01 class 0x060400
[    2.198862] pci 0000:00:1c.1: PME# supported from D0 D3hot D3cold
[    2.199023] pci 0000:00:1c.2: [8086:1c14] type 01 class 0x060400
[    2.199122] pci 0000:00:1c.2: PME# supported from D0 D3hot D3cold
[    2.199272] pci 0000:00:1c.3: [8086:1c16] type 01 class 0x060400
[    2.199368] pci 0000:00:1c.3: PME# supported from D0 D3hot D3cold
[    2.199537] pci 0000:00:1c.7: [8086:1c1e] type 01 class 0x060400
[    2.199642] pci 0000:00:1c.7: PME# supported from D0 D3hot D3cold
[    2.199792] pci 0000:00:1d.0: [8086:1c26] type 00 class 0x0c0320
[    2.199811] pci 0000:00:1d.0: reg 0x10: [mem 0xe4250000-0xe42503ff]
[    2.199901] pci 0000:00:1d.0: PME# supported from D0 D3hot D3cold
[    2.200043] pci 0000:00:1f.0: [8086:1c4f] type 00 class 0x060100
[    2.200279] pci 0000:00:1f.2: [8086:1c03] type 00 class 0x010601
[    2.200296] pci 0000:00:1f.2: reg 0x10: [io  0x8090-0x8097]
[    2.200306] pci 0000:00:1f.2: reg 0x14: [io  0x8080-0x8083]
[    2.200316] pci 0000:00:1f.2: reg 0x18: [io  0x8070-0x8077]
[    2.200326] pci 0000:00:1f.2: reg 0x1c: [io  0x8060-0x8063]
[    2.200336] pci 0000:00:1f.2: reg 0x20: [io  0x8020-0x803f]
[    2.200346] pci 0000:00:1f.2: reg 0x24: [mem 0xe4240000-0xe42407ff]
[    2.200392] pci 0000:00:1f.2: PME# supported from D3hot
[    2.200533] pci 0000:00:1f.3: [8086:1c22] type 00 class 0x0c0500
[    2.200554] pci 0000:00:1f.3: reg 0x10: [mem 0xe4230000-0xe42300ff 64bit]
[    2.200578] pci 0000:00:1f.3: reg 0x20: [io  0x8000-0x801f]
[    2.200785] pci 0000:01:00.0: [1002:6640] type 00 class 0x030000
[    2.200812] pci 0000:01:00.0: reg 0x10: [mem 0xd0000000-0xdfffffff 64bit pref]
[    2.200830] pci 0000:01:00.0: reg 0x18: [mem 0xe0000000-0xe07fffff 64bit pref]
[    2.200844] pci 0000:01:00.0: reg 0x20: [io  0x7000-0x70ff]
[    2.200856] pci 0000:01:00.0: reg 0x24: [mem 0xe4100000-0xe413ffff]
[    2.200869] pci 0000:01:00.0: reg 0x30: [mem 0xe4140000-0xe415ffff pref]
[    2.200879] pci 0000:01:00.0: enabling Extended Tags
[    2.200900] pci 0000:01:00.0: BAR 0: assigned to efifb
[    2.200963] pci 0000:01:00.0: supports D1 D2
[    2.200966] pci 0000:01:00.0: PME# supported from D1 D2 D3hot
[    2.201014] pci 0000:01:00.0: 64.000 Gb/s available PCIe bandwidth, limited by 5.0 GT/s PCIe x16 link at 0000:00:01.0 (capable of 126.016 Gb/s with 8.0 GT/s PCIe x16 link)
[    2.201126] pci 0000:01:00.1: [1002:aac0] type 00 class 0x040300
[    2.201150] pci 0000:01:00.1: reg 0x10: [mem 0xe4160000-0xe4163fff 64bit]
[    2.201192] pci 0000:01:00.1: enabling Extended Tags
[    2.201258] pci 0000:01:00.1: supports D1 D2
[    2.201353] pci 0000:00:01.0: PCI bridge to [bus 01]
[    2.201359] pci 0000:00:01.0:   bridge window [io  0x7000-0x7fff]
[    2.201363] pci 0000:00:01.0:   bridge window [mem 0xe4100000-0xe41fffff]
[    2.201369] pci 0000:00:01.0:   bridge window [mem 0xd0000000-0xe07fffff 64bit pref]
[    2.201430] pci 0000:00:1c.0: PCI bridge to [bus 02]
[    2.201548] pci 0000:03:00.0: [8086:422b] type 00 class 0x028000
[    2.201598] pci 0000:03:00.0: reg 0x10: [mem 0xe4000000-0xe4001fff 64bit]
[    2.201847] pci 0000:03:00.0: PME# supported from D0 D3hot D3cold
[    2.202039] pci 0000:00:1c.1: PCI bridge to [bus 03]
[    2.202048] pci 0000:00:1c.1:   bridge window [mem 0xe4000000-0xe40fffff]
[    2.202115] pci 0000:00:1c.2: PCI bridge to [bus 04-09]
[    2.202123] pci 0000:00:1c.2:   bridge window [io  0x6000-0x6fff]
[    2.202129] pci 0000:00:1c.2:   bridge window [mem 0xe3500000-0xe3efffff]
[    2.202137] pci 0000:00:1c.2:   bridge window [mem 0xe1a00000-0xe23fffff 64bit pref]
[    2.202248] pci 0000:0a:00.0: [1033:0194] type 00 class 0x0c0330
[    2.202301] pci 0000:0a:00.0: reg 0x10: [mem 0xe3f00000-0xe3f01fff 64bit]
[    2.202549] pci 0000:0a:00.0: PME# supported from D0 D3hot D3cold
[    2.202759] pci 0000:00:1c.3: PCI bridge to [bus 0a]
[    2.202768] pci 0000:00:1c.3:   bridge window [mem 0xe3f00000-0xe3ffffff]
[    2.202884] pci 0000:0b:00.0: [1217:11f7] type 00 class 0x0c0010
[    2.202924] pci 0000:0b:00.0: reg 0x10: [mem 0xe2430000-0xe2430fff]
[    2.203172] pci 0000:0b:00.0: supports D1 D2
[    2.203176] pci 0000:0b:00.0: PME# supported from D0 D1 D2 D3hot D3cold
[    2.203398] pci 0000:0b:00.1: [1217:8320] type 00 class 0x080501
[    2.203439] pci 0000:0b:00.1: reg 0x10: [mem 0xe2420000-0xe24201ff]
[    2.203684] pci 0000:0b:00.1: supports D1 D2
[    2.203687] pci 0000:0b:00.1: PME# supported from D0 D1 D2 D3hot D3cold
[    2.203863] pci 0000:0b:00.2: [1217:8330] type 00 class 0x018000
[    2.203909] pci 0000:0b:00.2: reg 0x10: [mem 0xe2410000-0xe24103ff]
[    2.203959] pci 0000:0b:00.2: reg 0x18: [mem 0xe2400000-0xe24003ff]
[    2.204193] pci 0000:0b:00.2: supports D1 D2
[    2.204196] pci 0000:0b:00.2: PME# supported from D0 D1 D2 D3hot D3cold
[    2.208519] pci 0000:00:1c.7: PCI bridge to [bus 0b-12]
[    2.208527] pci 0000:00:1c.7:   bridge window [io  0x2000-0x5fff]
[    2.208534] pci 0000:00:1c.7:   bridge window [mem 0xe2400000-0xe34fffff]
[    2.208542] pci 0000:00:1c.7:   bridge window [mem 0xe0900000-0xe19fffff 64bit pref]
[    2.208581] pci 0000:00:01.0: Max Payload Size set to  128/ 128 (was  128), Max Read Rq  128
[    2.208599] pci 0000:01:00.0: Max Payload Size set to  128/ 256 (was  128), Max Read Rq  128
[    2.208617] pci 0000:01:00.1: Max Payload Size set to  128/ 256 (was  128), Max Read Rq  128
[    2.208629] pci 0000:00:1c.0: Max Payload Size set to  128/ 128 (was  128), Max Read Rq  128
[    2.208641] pci 0000:00:1c.1: Max Payload Size set to  128/ 128 (was  128), Max Read Rq  128
[    2.208668] pci 0000:03:00.0: Max Payload Size set to  128/ 128 (was  128), Max Read Rq  128
[    2.208680] pci 0000:00:1c.2: Max Payload Size set to  128/ 128 (was  128), Max Read Rq  128
[    2.208692] pci 0000:00:1c.3: Max Payload Size set to  128/ 128 (was  128), Max Read Rq  128
[    2.208730] pci 0000:0a:00.0: Max Payload Size set to  128/ 128 (was  128), Max Read Rq  128
[    2.208743] pci 0000:00:1c.7: Max Payload Size set to  128/ 128 (was  128), Max Read Rq  128
[    2.208781] pci 0000:0b:00.0: Max Payload Size set to  128/ 128 (was  128), Max Read Rq  128
[    2.208819] pci 0000:0b:00.1: Max Payload Size set to  128/ 128 (was  128), Max Read Rq  128
[    2.208856] pci 0000:0b:00.2: Max Payload Size set to  128/ 128 (was  128), Max Read Rq  128
[    2.210468] ACPI: PCI: Interrupt link LNKA configured for IRQ 11
[    2.210552] ACPI: PCI: Interrupt link LNKB configured for IRQ 10
[    2.210632] ACPI: PCI: Interrupt link LNKC configured for IRQ 11
[    2.210711] ACPI: PCI: Interrupt link LNKD configured for IRQ 10
[    2.210790] ACPI: PCI: Interrupt link LNKE configured for IRQ 5
[    2.210868] ACPI: PCI: Interrupt link LNKF configured for IRQ 0
[    2.210872] ACPI: PCI: Interrupt link LNKF disabled
[    2.210950] ACPI: PCI: Interrupt link LNKG configured for IRQ 3
[    2.211029] ACPI: PCI: Interrupt link LNKH configured for IRQ 0
[    2.211032] ACPI: PCI: Interrupt link LNKH disabled
[    2.212884] ACPI: EC: interrupt unblocked
[    2.212888] ACPI: EC: event unblocked
[    2.212895] ACPI: EC: EC_CMD/EC_SC=0x934, EC_DATA=0x930
[    2.212898] ACPI: EC: GPE=0x10
[    2.212901] ACPI: \_SB_.PCI0.LPCB.ECDV: Boot DSDT EC initialization complete
[    2.212905] ACPI: \_SB_.PCI0.LPCB.ECDV: EC: Used to handle transactions and events
[    2.212975] iommu: Default domain type: Translated 
[    2.212979] iommu: DMA domain TLB invalidation policy: lazy mode 
[    2.213001] pci 0000:01:00.0: vgaarb: setting as boot VGA device
[    2.213001] pci 0000:01:00.0: vgaarb: VGA device added: decodes=io+mem,owns=io+mem,locks=none
[    2.213001] pci 0000:01:00.0: vgaarb: bridge control possible
[    2.213001] vgaarb: loaded
[    2.213001] SCSI subsystem initialized
[    2.213001] libata version 3.00 loaded.
[    2.213001] ACPI: bus type USB registered
[    2.213001] usbcore: registered new interface driver usbfs
[    2.213001] usbcore: registered new interface driver hub
[    2.213001] usbcore: registered new device driver usb
[    2.213001] pps_core: LinuxPPS API ver. 1 registered
[    2.213001] pps_core: Software ver. 5.3.6 - Copyright 2005-2007 Rodolfo Giometti <giometti@linux.it>
[    2.213001] PTP clock support registered
[    2.213001] EDAC MC: Ver: 3.0.0
[    2.213794] Registered efivars operations
[    2.213844] Advanced Linux Sound Architecture Driver Initialized.
[    2.213921] NetLabel: Initializing
[    2.213924] NetLabel:  domain hash size = 128
[    2.213927] NetLabel:  protocols = UNLABELED CIPSOv4 CALIPSO
[    2.213946] NetLabel:  unlabeled traffic allowed by default
[    2.213967] PCI: Using ACPI for IRQ routing
[    2.216038] PCI: pci_cache_line_size set to 64 bytes
[    2.216124] e820: reserve RAM buffer [mem 0xcbcb8018-0xcbffffff]
[    2.216127] e820: reserve RAM buffer [mem 0xcee23000-0xcfffffff]
[    2.216129] e820: reserve RAM buffer [mem 0xcf153000-0xcfffffff]
[    2.216130] e820: reserve RAM buffer [mem 0xcf400000-0xcfffffff]
[    2.216131] e820: reserve RAM buffer [mem 0x42e000000-0x42fffffff]
[    2.216137] hpet0: at MMIO 0xfed00000, IRQs 2, 8, 0, 0, 0, 0, 0, 0
[    2.216137] hpet0: 8 comparators, 64-bit 14.318180 MHz counter
[    2.217754] clocksource: Switched to clocksource hpet
[    2.230852] VFS: Disk quotas dquot_6.6.0
[    2.230890] VFS: Dquot-cache hash table entries: 512 (order 0, 4096 bytes)
[    2.230986] pnp: PnP ACPI init
[    2.231291] system 00:00: [mem 0xfed00000-0xfed003ff] has been reserved
[    2.231389] system 00:01: [io  0x0680-0x069f] has been reserved
[    2.231397] system 00:01: [io  0x1000-0x100f] has been reserved
[    2.231403] system 00:01: [io  0xffff] has been reserved
[    2.231409] system 00:01: [io  0xffff] has been reserved
[    2.231416] system 00:01: [io  0x0400-0x047f] has been reserved
[    2.231423] system 00:01: [io  0x0500-0x057f] has been reserved
[    2.231429] system 00:01: [io  0x164e-0x164f] has been reserved
[    2.233507] system 00:07: [mem 0xfed1c000-0xfed1ffff] has been reserved
[    2.233517] system 00:07: [mem 0xfed10000-0xfed17fff] has been reserved
[    2.233524] system 00:07: [mem 0xfed18000-0xfed18fff] has been reserved
[    2.233530] system 00:07: [mem 0xfed19000-0xfed19fff] has been reserved
[    2.233537] system 00:07: [mem 0xf8000000-0xfbffffff] has been reserved
[    2.233544] system 00:07: [mem 0xfed20000-0xfed3ffff] has been reserved
[    2.233551] system 00:07: [mem 0xfed90000-0xfed93fff] could not be reserved
[    2.233558] system 00:07: [mem 0xfed45000-0xfed8ffff] has been reserved
[    2.233565] system 00:07: [mem 0xff000000-0xffffffff] could not be reserved
[    2.233572] system 00:07: [mem 0xfee00000-0xfeefffff] has been reserved
[    2.236317] pnp: PnP ACPI: found 9 devices
[    2.243605] clocksource: acpi_pm: mask: 0xffffff max_cycles: 0xffffff, max_idle_ns: 2085701024 ns
[    2.243721] NET: Registered PF_INET protocol family
[    2.243760] IP idents hash table entries: 262144 (order: 9, 2097152 bytes, linear)
[    2.246563] tcp_listen_portaddr_hash hash table entries: 8192 (order: 5, 131072 bytes, linear)
[    2.246619] TCP established hash table entries: 131072 (order: 8, 1048576 bytes, linear)
[    2.246950] TCP bind hash table entries: 65536 (order: 8, 1048576 bytes, linear)
[    2.247139] TCP: Hash tables configured (established 131072 bind 65536)
[    2.247190] UDP hash table entries: 8192 (order: 6, 262144 bytes, linear)
[    2.247258] UDP-Lite hash table entries: 8192 (order: 6, 262144 bytes, linear)
[    2.247395] NET: Registered PF_UNIX/PF_LOCAL protocol family
[    2.247407] NET: Registered PF_XDP protocol family
[    2.247426] pci 0000:01:00.0: BAR 0: assigned fixed [mem 0xd0000000-0xdfffffff 64bit pref]
[    2.247435] pci 0000:01:00.0: BAR 2: assigned fixed [mem 0xe0000000-0xe07fffff 64bit pref]
[    2.247443] pci 0000:01:00.0: BAR 5: assigned fixed [mem 0xe4100000-0xe413ffff]
[    2.247450] pci 0000:01:00.0: BAR 6: assigned fixed [mem 0xe4140000-0xe415ffff pref]
[    2.247458] pci 0000:00:01.0: PCI bridge to [bus 01]
[    2.247466] pci 0000:00:01.0:   bridge window [io  0x7000-0x7fff]
[    2.247474] pci 0000:00:01.0:   bridge window [mem 0xe4100000-0xe41fffff]
[    2.247481] pci 0000:00:01.0:   bridge window [mem 0xd0000000-0xe07fffff 64bit pref]
[    2.247491] pci 0000:00:1c.0: PCI bridge to [bus 02]
[    2.247508] pci 0000:00:1c.1: PCI bridge to [bus 03]
[    2.247517] pci 0000:00:1c.1:   bridge window [mem 0xe4000000-0xe40fffff]
[    2.247532] pci 0000:00:1c.2: PCI bridge to [bus 04-09]
[    2.247539] pci 0000:00:1c.2:   bridge window [io  0x6000-0x6fff]
[    2.247549] pci 0000:00:1c.2:   bridge window [mem 0xe3500000-0xe3efffff]
[    2.247558] pci 0000:00:1c.2:   bridge window [mem 0xe1a00000-0xe23fffff 64bit pref]
[    2.247571] pci 0000:00:1c.3: PCI bridge to [bus 0a]
[    2.247580] pci 0000:00:1c.3:   bridge window [mem 0xe3f00000-0xe3ffffff]
[    2.247595] pci 0000:00:1c.7: PCI bridge to [bus 0b-12]
[    2.247602] pci 0000:00:1c.7:   bridge window [io  0x2000-0x5fff]
[    2.247612] pci 0000:00:1c.7:   bridge window [mem 0xe2400000-0xe34fffff]
[    2.247621] pci 0000:00:1c.7:   bridge window [mem 0xe0900000-0xe19fffff 64bit pref]
[    2.247635] pci_bus 0000:00: resource 4 [io  0x0000-0x0cf7 window]
[    2.247642] pci_bus 0000:00: resource 5 [io  0x0d00-0xffff window]
[    2.247648] pci_bus 0000:00: resource 6 [mem 0x000a0000-0x000bffff window]
[    2.247655] pci_bus 0000:00: resource 7 [mem 0x000d0000-0x000dffff window]
[    2.247661] pci_bus 0000:00: resource 8 [mem 0xd0000000-0xfeafffff window]
[    2.247668] pci_bus 0000:00: resource 9 [mem 0xfed40000-0xfed44fff window]
[    2.247674] pci_bus 0000:01: resource 0 [io  0x7000-0x7fff]
[    2.247680] pci_bus 0000:01: resource 1 [mem 0xe4100000-0xe41fffff]
[    2.247686] pci_bus 0000:01: resource 2 [mem 0xd0000000-0xe07fffff 64bit pref]
[    2.247694] pci_bus 0000:03: resource 1 [mem 0xe4000000-0xe40fffff]
[    2.247701] pci_bus 0000:04: resource 0 [io  0x6000-0x6fff]
[    2.247706] pci_bus 0000:04: resource 1 [mem 0xe3500000-0xe3efffff]
[    2.247712] pci_bus 0000:04: resource 2 [mem 0xe1a00000-0xe23fffff 64bit pref]
[    2.247720] pci_bus 0000:0a: resource 1 [mem 0xe3f00000-0xe3ffffff]
[    2.247726] pci_bus 0000:0b: resource 0 [io  0x2000-0x5fff]
[    2.247732] pci_bus 0000:0b: resource 1 [mem 0xe2400000-0xe34fffff]
[    2.247738] pci_bus 0000:0b: resource 2 [mem 0xe0900000-0xe19fffff 64bit pref]
[    2.248428] pci 0000:01:00.0: Video device with shadowed ROM at [mem 0x000c0000-0x000dffff]
[    2.248428] pci 0000:01:00.1: D0 power state depends on 0000:01:00.0
[    2.248428] pci 0000:0a:00.0: enabling device (0004 -> 0006)
[    2.248428] PCI: CLS 64 bytes, default 64
[    2.248428] PCI-DMA: Using software bounce buffering for IO (SWIOTLB)
[    2.248428] software IO TLB: mapped [mem 0x00000000c7323000-0x00000000cb323000] (64MB)
[    2.270111] Initialise system trusted keyrings
[    2.270129] Key type blacklist registered
[    2.270168] workingset: timestamp_bits=36 max_order=22 bucket_order=0
[    2.271912] zbud: loaded
[    2.272268] squashfs: version 4.0 (2009/01/31) Phillip Lougher
[    2.272471] fuse: init (API version 7.34)
[    2.272600] SGI XFS with ACLs, security attributes, realtime, quota, no debug enabled
[    2.273048] Smack: Registering netfilter hooks
[    2.273105] integrity: Platform Keyring initialized
[    2.284990] NET: Registered PF_ALG protocol family
[    2.284995] xor: automatically using best checksumming function   avx       
[    2.284999] Key type asymmetric registered
[    2.285002] Asymmetric key parser 'x509' registered
[    2.285297] alg: self-tests for HKDF (hmac(sha256)) passed
[    2.285307] alg: self-tests for CTR-KDF (hmac(sha256)) passed
[    2.285318] Block layer SCSI generic (bsg) driver version 0.4 loaded (major 245)
[    2.285393] io scheduler bfq registered
[    2.286730] shpchp: Standard Hot Plug PCI Controller Driver version: 0.4
[    2.286803] efifb: probing for efifb
[    2.286818] efifb: framebuffer at 0xd0000000, using 8100k, total 8100k
[    2.286822] efifb: mode is 1920x1080x32, linelength=7680, pages=1
[    2.286826] efifb: scrolling: redraw
[    2.286828] efifb: Truecolor: size=8:8:8:8, shift=24:16:8:0
[    2.292725] Console: switching to colour frame buffer device 240x67
[    2.298248] fb0: EFI VGA frame buffer device
[    2.299634] ACPI: AC: AC Adapter [AC] (on-line)
[    2.299757] input: Lid Switch as /devices/LNXSYSTM:00/LNXSYBUS:00/PNP0C0D:00/input/input0
[    2.299864] ACPI: button: Lid Switch [LID]
[    2.299943] input: Power Button as /devices/LNXSYSTM:00/LNXSYBUS:00/PNP0C0C:00/input/input1
[    2.300041] ACPI: button: Power Button [PBTN]
[    2.300119] input: Sleep Button as /devices/LNXSYSTM:00/LNXSYBUS:00/PNP0C0E:00/input/input2
[    2.300199] ACPI: button: Sleep Button [SBTN]
[    2.300277] input: Power Button as /devices/LNXSYSTM:00/LNXPWRBN:00/input/input3
[    2.300365] ACPI: button: Power Button [PWRF]
[    2.302564] thermal LNXTHERM:00: registered as thermal_zone0
[    2.302604] ACPI: thermal: Thermal Zone [THM] (25 C)
[    2.302821] Serial: 8250/16550 driver, 32 ports, IRQ sharing enabled
[    2.305475] serial 0000:00:16.3: enabling device (0000 -> 0003)
[    2.306029] 0000:00:16.3: ttyS4 at I/O 0x80a0 (irq = 17, base_baud = 115200) is a 16550A
[    2.306951] lrng_pool: LRNG initial entropy level 39 bits of entropy
[    2.318022] lrng_selftest: LRNG self-tests passed
[    2.318664] Linux agpgart interface v0.103
[    2.319779] ACPI: battery: Slot [BAT0] (battery present)
[    2.322378] loop: module loaded
[    2.323028] ahci 0000:00:1f.2: version 3.0
[    2.323197] ahci 0000:00:1f.2: SSS flag set, parallel bus scan disabled
[    2.333420] ahci 0000:00:1f.2: AHCI 0001.0300 32 slots 6 ports 6 Gbps 0x3f impl SATA mode
[    2.333484] ahci 0000:00:1f.2: flags: 64bit ncq sntf stag pm led clo pio slum part ems sxs apst 
[    2.354838] scsi host0: ahci
[    2.355331] scsi host1: ahci
[    2.355718] scsi host2: ahci
[    2.356022] scsi host3: ahci
[    2.356383] scsi host4: ahci
[    2.356721] scsi host5: ahci
[    2.356798] ata1: SATA max UDMA/133 abar m2048@0xe4240000 port 0xe4240100 irq 31
[    2.356837] ata2: SATA max UDMA/133 abar m2048@0xe4240000 port 0xe4240180 irq 31
[    2.356874] ata3: SATA max UDMA/133 abar m2048@0xe4240000 port 0xe4240200 irq 31
[    2.356910] ata4: SATA max UDMA/133 abar m2048@0xe4240000 port 0xe4240280 irq 31
[    2.356946] ata5: SATA max UDMA/133 abar m2048@0xe4240000 port 0xe4240300 irq 31
[    2.356982] ata6: SATA max UDMA/133 abar m2048@0xe4240000 port 0xe4240380 irq 31
[    2.357236] libphy: Fixed MDIO Bus: probed
[    2.357259] tun: Universal TUN/TAP device driver, 1.6
[    2.358611] PPP generic driver version 2.4.2
[    2.359950] ehci_hcd: USB 2.0 'Enhanced' Host Controller (EHCI) Driver
[    2.361246] ehci-pci: EHCI PCI platform driver
[    2.362705] ehci-pci 0000:00:1a.0: EHCI Host Controller
[    2.363985] ehci-pci 0000:00:1a.0: new USB bus registered, assigned bus number 1
[    2.365274] ehci-pci 0000:00:1a.0: debug port 2
[    2.370456] ehci-pci 0000:00:1a.0: irq 16, io mem 0xe4270000
[    2.379217] ehci-pci 0000:00:1a.0: USB 2.0 started, EHCI 1.00
[    2.380591] usb usb1: New USB device found, idVendor=1d6b, idProduct=0002, bcdDevice= 5.14
[    2.381865] usb usb1: New USB device strings: Mfr=3, Product=2, SerialNumber=1
[    2.383132] usb usb1: Product: EHCI Host Controller
[    2.384379] usb usb1: Manufacturer: Linux 5.14.1-dragon-sandybridge ehci_hcd
[    2.385643] usb usb1: SerialNumber: 0000:00:1a.0
[    2.387240] hub 1-0:1.0: USB hub found
[    2.388518] hub 1-0:1.0: 3 ports detected
[    2.390137] ehci-pci 0000:00:1d.0: EHCI Host Controller
[    2.391389] ehci-pci 0000:00:1d.0: new USB bus registered, assigned bus number 2
[    2.392653] ehci-pci 0000:00:1d.0: debug port 2
[    2.397804] ehci-pci 0000:00:1d.0: irq 17, io mem 0xe4250000
[    2.405882] ehci-pci 0000:00:1d.0: USB 2.0 started, EHCI 1.00
[    2.407195] usb usb2: New USB device found, idVendor=1d6b, idProduct=0002, bcdDevice= 5.14
[    2.408440] usb usb2: New USB device strings: Mfr=3, Product=2, SerialNumber=1
[    2.409675] usb usb2: Product: EHCI Host Controller
[    2.410915] usb usb2: Manufacturer: Linux 5.14.1-dragon-sandybridge ehci_hcd
[    2.412164] usb usb2: SerialNumber: 0000:00:1d.0
[    2.413660] hub 2-0:1.0: USB hub found
[    2.414907] hub 2-0:1.0: 3 ports detected
[    2.416335] ehci-platform: EHCI generic platform driver
[    2.417566] ohci_hcd: USB 1.1 'Open' Host Controller (OHCI) Driver
[    2.418774] ohci-pci: OHCI PCI platform driver
[    2.419976] ohci-platform: OHCI generic platform driver
[    2.421160] uhci_hcd: USB Universal Host Controller Interface driver
[    2.422481] xhci_hcd 0000:0a:00.0: xHCI Host Controller
[    2.423650] xhci_hcd 0000:0a:00.0: new USB bus registered, assigned bus number 3
[    2.424967] xhci_hcd 0000:0a:00.0: hcc params 0x014042cb hci version 0x96 quirks 0x0000000000000004
[    2.426565] usb usb3: New USB device found, idVendor=1d6b, idProduct=0002, bcdDevice= 5.14
[    2.427760] usb usb3: New USB device strings: Mfr=3, Product=2, SerialNumber=1
[    2.428944] usb usb3: Product: xHCI Host Controller
[    2.430121] usb usb3: Manufacturer: Linux 5.14.1-dragon-sandybridge xhci-hcd
[    2.431298] usb usb3: SerialNumber: 0000:0a:00.0
[    2.432701] hub 3-0:1.0: USB hub found
[    2.433872] hub 3-0:1.0: 2 ports detected
[    2.435184] xhci_hcd 0000:0a:00.0: xHCI Host Controller
[    2.436327] xhci_hcd 0000:0a:00.0: new USB bus registered, assigned bus number 4
[    2.436422] xhci_hcd 0000:0a:00.0: Host supports USB 3.0 SuperSpeed
[    2.438660] usb usb4: We don't know the algorithms for LPM for this host, disabling LPM.
[    2.439848] usb usb4: New USB device found, idVendor=1d6b, idProduct=0003, bcdDevice= 5.14
[    2.441016] usb usb4: New USB device strings: Mfr=3, Product=2, SerialNumber=1
[    2.442169] usb usb4: Product: xHCI Host Controller
[    2.443330] usb usb4: Manufacturer: Linux 5.14.1-dragon-sandybridge xhci-hcd
[    2.444518] usb usb4: SerialNumber: 0000:0a:00.0
[    2.445920] hub 4-0:1.0: USB hub found
[    2.447143] hub 4-0:1.0: 2 ports detected
[    2.448419] i8042: PNP: PS/2 Controller [PNP0303:PS2K,PNP0f13:PS2M] at 0x60,0x64 irq 1,12
[    2.450005] i8042: Warning: Keylock active
[    2.452545] serio: i8042 KBD port at 0x60,0x64 irq 1
[    2.453799] serio: i8042 AUX port at 0x60,0x64 irq 12
[    2.455354] mousedev: PS/2 mouse device common for all mice
[    2.457214] rtc_cmos 00:02: RTC can wake from S4
[    2.458840] rtc_cmos 00:02: registered as rtc0
[    3.135257] rtc_cmos 00:02: setting system clock to 2021-07-03T07:43:23 UTC (1625298203)
[    3.136648] rtc_cmos 00:02: alarms up to one year, y3k, 242 bytes nvram, hpet irqs
[    3.138012] i2c /dev entries driver
[    3.139354] input: AT Translated Set 2 keyboard as /devices/platform/i8042/serio0/input/input4
[    3.141149] device-mapper: uevent: version 1.0.3
[    3.142540] device-mapper: ioctl: 4.45.0-ioctl (2021-03-22) initialised: dm-devel@redhat.com
[    3.143882] intel_pstate: Intel P-state driver initializing
[    3.146031] ledtrig-cpu: registered to indicate activity on CPUs
[    3.147111] EFI Variables Facility v0.08 2004-May-17
[    3.241934] ata1: SATA link up 6.0 Gbps (SStatus 133 SControl 300)
[    3.268462] usb 2-1: new high-speed USB device number 2 using ehci-pci
[    3.270327] ata1.00: ACPI cmd 00/00:00:00:00:00:a0 (NOP) rejected by device (Stat=0x51 Err=0x04)
[    3.303524] usb 1-1: new high-speed USB device number 2 using ehci-pci
[    3.311322] tsc: Refined TSC clocksource calibration: 2494.337 MHz
[    3.311340] clocksource: tsc: mask: 0xffffffffffffffff max_cycles: 0x23f4544ecb4, max_idle_ns: 440795257849 ns
[    3.326125] ata1.00: ATA-9: TEAM L5 LITE SSD 120GB, P1222A, max UDMA/133
[    3.341286] pstore: Registered efi as persistent store backend
[    3.341537] drop_monitor: Initializing network drop monitor service
[    3.342403] ata1.00: 234441648 sectors, multi 1: LBA48 NCQ (depth 32), AA
[    3.348177] IPv6: Loaded, but administratively disabled, reboot required to enable
[    3.349343] NET: Registered PF_PACKET protocol family
[    3.349374] ata1.00: ACPI cmd 00/00:00:00:00:00:a0 (NOP) rejected by device (Stat=0x51 Err=0x04)
[    3.350589] Key type dns_resolver registered
[    3.353618] microcode: sig=0x206a7, pf=0x10, revision=0x2f
[    3.354911] microcode: Microcode Update Driver: v2.2.
[    3.354915] IPI shorthand broadcast: enabled
[    3.355785] ata1.00: configured for UDMA/133
[    3.356094] sched_clock: Marking stable (3355375642, 702897)->(2704052956, 652025583)
[    3.359789] registered taskstats version 1
[    3.361255] Loading compiled-in X.509 certificates
[    3.362706] zswap: loaded using pool zstd/z3fold
[    3.368630] scsi 0:0:0:0: Direct-Access     ATA      TEAM L5 LITE SSD 2A   PQ: 0 ANSI: 5
[    3.369976] sd 0:0:0:0: Attached scsi generic sg0 type 0
[    3.370030] sd 0:0:0:0: [sda] 234441648 512-byte logical blocks: (120 GB/112 GiB)
[    3.372734] sd 0:0:0:0: [sda] Write Protect is off
[    3.373917] sd 0:0:0:0: [sda] Mode Sense: 00 3a 00 00
[    3.373936] sd 0:0:0:0: [sda] Write cache: enabled, read cache: enabled, doesn't support DPO or FUA
[    3.377226]  sda: sda1 sda2 sda3
[    3.379002] sd 0:0:0:0: [sda] Attached SCSI disk
[    3.438473] ZFS: Loaded module v2.1.99-dragon, ZFS pool version 5000, ZFS filesystem version 5
[    3.439709] Key type ._fscrypt registered
[    3.440811] Key type .fscrypt registered
[    3.441986] Key type fscrypt-provisioning registered
[    3.443171] Loading Reiser4 (Software Framework Release: 5.1.3). See reiser4.wiki.kernel.org for a description of Reiser4.
[    3.444585] Btrfs loaded, crc32c=crc32c-intel, zoned=no
[    3.445789] pstore: Using crash dump compression: deflate
[    3.447701] Key type encrypted registered
[    3.493513] evm: Initialising EVM extended attributes:
[    3.495103] evm: security.selinux (disabled)
[    3.496312] evm: security.SMACK64
[    3.497514] evm: security.SMACK64EXEC
[    3.499057] evm: security.SMACK64TRANSMUTE
[    3.500227] evm: security.SMACK64MMAP
[    3.501343] evm: security.apparmor (disabled)
[    3.502585] evm: security.ima (disabled)
[    3.503697] evm: security.capability
[    3.504995] evm: HMAC attrs: 0x1
[    3.506438] PM:   Magic number: 13:654:722
[    3.507595] block loop2: hash matches
[    3.508975] DKLM: Enabled Dragon Kernel license module 2.8-dragon
[    3.510139] ALSA device list:
[    3.511238]   No soundcards found.
[    3.511516] usb 2-1: New USB device found, idVendor=8087, idProduct=0024, bcdDevice= 0.00
[    3.513555] usb 2-1: New USB device strings: Mfr=0, Product=0, SerialNumber=0
[    3.513598] usb 1-1: New USB device found, idVendor=8087, idProduct=0024, bcdDevice= 0.00
[    3.515937] usb 1-1: New USB device strings: Mfr=0, Product=0, SerialNumber=0
[    3.516181] hub 2-1:1.0: USB hub found
[    3.518259] hub 1-1:1.0: USB hub found
[    3.519365] hub 2-1:1.0: 8 ports detected
[    3.520453] hub 1-1:1.0: 6 ports detected
[    3.524561] lrng_pool: LRNG minimally seeded with 132 bits of entropy
[    3.680206] ata2: SATA link up 6.0 Gbps (SStatus 133 SControl 300)
[    3.688533] ata2.00: ATA-9: TEAM L5 LITE SSD 120GB, P1222A, max UDMA/133
[    3.689560] ata2.00: 234441648 sectors, multi 1: LBA48 NCQ (depth 32), AA
[    3.700522] ata2.00: configured for UDMA/133
[    3.711872] scsi 1:0:0:0: Direct-Access     ATA      TEAM L5 LITE SSD 2A   PQ: 0 ANSI: 5
[    3.713165] sd 1:0:0:0: Attached scsi generic sg1 type 0
[    3.713184] sd 1:0:0:0: [sdb] 234441648 512-byte logical blocks: (120 GB/112 GiB)
[    3.715229] sd 1:0:0:0: [sdb] Write Protect is off
[    3.716274] sd 1:0:0:0: [sdb] Mode Sense: 00 3a 00 00
[    3.716293] sd 1:0:0:0: [sdb] Write cache: enabled, read cache: enabled, doesn't support DPO or FUA
[    3.719829]  sdb: sdb1 sdb2 sdb3
[    3.721471] sd 1:0:0:0: [sdb] Attached SCSI disk
[    3.803209] usb 2-1.2: new full-speed USB device number 3 using ehci-pci
[    3.890033] usb 2-1.2: New USB device found, idVendor=3938, idProduct=1031, bcdDevice= 1.08
[    3.891031] usb 2-1.2: New USB device strings: Mfr=1, Product=2, SerialNumber=0
[    3.892016] usb 2-1.2: Product: 2.4G Wireless Mouse
[    3.892995] usb 2-1.2: Manufacturer: MOSART Semi.
[    3.960541] usb 2-1.8: new full-speed USB device number 4 using ehci-pci
[    4.020844] ata3: SATA link up 3.0 Gbps (SStatus 123 SControl 300)
[    4.024650] ata3.00: supports DRM functions and may not be fully accessible
[    4.026556] ata3.00: NCQ Send/Recv Log not supported
[    4.027537] ata3.00: ATA-9: SAMSUNG SSD SM841 SED mSATA 256GB, DXM44D6Q, max UDMA/133
[    4.028507] ata3.00: 500118192 sectors, multi 1: LBA48 NCQ (depth 32), AA
[    4.030744] ata3.00: supports DRM functions and may not be fully accessible
[    4.032026] ata3.00: NCQ Send/Recv Log not supported
[    4.033808] ata3.00: configured for UDMA/133
[    4.045193] scsi 2:0:0:0: Direct-Access     ATA      SAMSUNG SSD SM84 4D6Q PQ: 0 ANSI: 5
[    4.046413] ata3.00: Enabling discard_zeroes_data
[    4.046460] sd 2:0:0:0: Attached scsi generic sg2 type 0
[    4.047496] sd 2:0:0:0: [sdc] 500118192 512-byte logical blocks: (256 GB/238 GiB)
[    4.049496] sd 2:0:0:0: [sdc] Write Protect is off
[    4.050512] sd 2:0:0:0: [sdc] Mode Sense: 00 3a 00 00
[    4.050528] sd 2:0:0:0: [sdc] Write cache: enabled, read cache: enabled, doesn't support DPO or FUA
[    4.051736] ata3.00: Enabling discard_zeroes_data
[    4.054386]  sdc: sdc1
[    4.055702] ata3.00: Enabling discard_zeroes_data
[    4.057771] sd 2:0:0:0: [sdc] supports TCG Opal
[    4.059251] sd 2:0:0:0: [sdc] Attached SCSI disk
[    4.070577] usb 2-1.8: New USB device found, idVendor=0a5c, idProduct=5801, bcdDevice= 1.01
[    4.071549] usb 2-1.8: New USB device strings: Mfr=1, Product=2, SerialNumber=3
[    4.072503] usb 2-1.8: Product: 5880
[    4.073453] usb 2-1.8: Manufacturer: Broadcom Corp
[    4.074417] usb 2-1.8: SerialNumber: 0123456789ABCD
[    4.363561] ata4: SATA link down (SStatus 0 SControl 300)
[    4.682158] ata5: SATA link down (SStatus 0 SControl 300)
[    5.002206] ata6: SATA link down (SStatus 0 SControl 300)
[    5.013523] md: Waiting for all devices to be available before autodetect
[    5.014548] md: If you don't use raid, use raid=noautodetect
[    5.015546] md: Autodetecting RAID arrays.
[    5.016577] md: autorun ...
[    5.017545] md: ... autorun DONE.
[    5.020141] XFS (sda3): Mounting V5 Filesystem
[    5.047025] lrng_pool: LRNG fully seeded with 258 bits of entropy
[    5.072797] XFS (sda3): Starting recovery (logdev: internal)
[    5.242697] XFS (sda3): Ending recovery (logdev: internal)
[    5.246569] VFS: Mounted root (xfs filesystem) readonly on device 8:3.
[    5.248130] devtmpfs: mounted
[    5.249702] integrity: Please generate IMA X509 certificate! Path for certificate: /etc/keys/x509_evm.der
[    5.251442] Freeing unused decrypted memory: 2044K
[    5.253955] Freeing unused kernel image (initmem) memory: 2584K
[    5.265791] Write protecting the kernel read-only data: 43008k
[    5.267550] Freeing unused kernel image (text/rodata gap) memory: 2028K
[    5.268969] Freeing unused kernel image (rodata/data gap) memory: 1216K
[    5.312672] x86/mm: Checked W+X mappings: passed, no W+X pages found.
[    5.313673] x86/mm: Checking user space page tables
[    5.354160] x86/mm: Checked W+X mappings: passed, no W+X pages found.
[    5.355183] Run /sbin/init as init process
[    5.356208]   with arguments:
[    5.356209]     /sbin/init
[    5.356210]   with environment:
[    5.356211]     HOME=/
[    5.356212]     TERM=linux
[    5.356213]     BOOT_IMAGE=/boot/vmlinuz-5.14.1-dragon-sandybridge
[    5.356214]     trace_clock=global
[    5.356216]     crashkernel=auto
[    5.356217]     biosdevname=0
[    5.356218]     spectre_v2_user_ibpb_mode=enter
[    5.356221]     randomize_vmalloc=1
[    6.990057] systemd[1]: systemd 247.3-3ubuntu3.1 running in system mode. (+PAM +AUDIT +SELINUX +IMA +APPARMOR +SMACK +SYSVINIT +UTMP +LIBCRYPTSETUP +GCRYPT +GNUTLS +ACL +XZ +LZ4 +ZSTD +SECCOMP +BLKID +ELFUTILS +KMOD +IDN2 -IDN +PCRE2 default-hierarchy=hybrid)
[    7.008471] systemd[1]: Detected architecture x86-64.
[    7.037675] systemd[1]: Set hostname to <wip>.
[    7.282447] systemd[1]: Queued start job for default target Graphical Interface.
[    7.296700] systemd[1]: Created slice system-modprobe.slice.
[    7.299300] systemd[1]: Created slice system-systemd\x2dfsck.slice.
[    7.301915] systemd[1]: Created slice system-tor.slice.
[    7.304523] systemd[1]: Created slice User and Session Slice.
[    7.306810] systemd[1]: Started Forward Password Requests to Wall Directory Watch.
[    7.309278] systemd[1]: Set up automount Arbitrary Executable File Formats File System Automount Point.
[    7.311711] systemd[1]: Reached target User and Group Name Lookups.
[    7.314023] systemd[1]: Reached target Remote File Systems.
[    7.316352] systemd[1]: Reached target Slices.
[    7.319687] systemd[1]: Listening on Syslog Socket.
[    7.322651] systemd[1]: Listening on fsck to fsckd communication Socket.
[    7.325050] systemd[1]: Listening on initctl Compatibility Named Pipe.
[    7.327611] systemd[1]: Listening on Journal Audit Socket.
[    7.330081] systemd[1]: Listening on Journal Socket (/dev/log).
[    7.332624] systemd[1]: Listening on Journal Socket.
[    7.336556] systemd[1]: Listening on udev Control Socket.
[    7.339100] systemd[1]: Listening on udev Kernel Socket.
[    7.342368] systemd[1]: Mounting Huge Pages File System...
[    7.345742] systemd[1]: Mounting POSIX Message Queue File System...
[    7.349101] systemd[1]: Mounting Arbitrary Executable File Formats File System...
[    7.352573] systemd[1]: Mounting Kernel Debug File System...
[    7.356075] systemd[1]: Mounting Kernel Trace File System...
[    7.360163] systemd[1]: Starting Journal Service...
[    7.364355] systemd[1]: Starting Set the console keyboard layout...
[    7.367962] systemd[1]: Starting Create list of static device nodes for the current kernel...
[    7.372276] systemd[1]: Starting Load Kernel Module configfs...
[    7.377047] systemd[1]: Starting Load Kernel Module drm...
[    7.381383] systemd[1]: Starting Load Kernel Module fuse...
[    7.386486] systemd[1]: Starting Load Kernel Modules...
[    7.391116] systemd[1]: Starting Remount Root and Kernel File Systems...
[    7.395464] systemd[1]: Starting Coldplug All udev Devices...
[    7.400067] systemd[1]: Starting Uncomplicated firewall...
[    7.406049] systemd[1]: Mounted Huge Pages File System.
[    7.410375] systemd[1]: Mounted POSIX Message Queue File System.
[    7.414534] systemd[1]: Mounted Arbitrary Executable File Formats File System.
[    7.418865] systemd[1]: Mounted Kernel Debug File System.
[    7.423005] systemd[1]: Mounted Kernel Trace File System.
[    7.427753] systemd[1]: Finished Create list of static device nodes for the current kernel.
[    7.431712] systemd[1]: modprobe@configfs.service: Succeeded.
[    7.433652] systemd[1]: Finished Load Kernel Module configfs.
[    7.436466] systemd[1]: modprobe@drm.service: Succeeded.
[    7.438270] systemd[1]: Finished Load Kernel Module drm.
[    7.441873] systemd[1]: modprobe@fuse.service: Succeeded.
[    7.443478] systemd[1]: Finished Load Kernel Module fuse.
[    7.448756] systemd[1]: Mounting FUSE Control File System...
[    7.450523] lp: driver loaded but no devices found
[    7.453844] systemd[1]: Mounting Kernel Configuration File System...
[    7.456592] systemd[1]: Condition check resulted in Set Up Additional Binary Formats being skipped.
[    7.459152] systemd[1]: Finished Set the console keyboard layout.
[    7.461798] systemd[1]: Mounted FUSE Control File System.
[    7.464376] systemd[1]: Mounted Kernel Configuration File System.
[    7.469367] xfs filesystem being remounted at / supports timestamps until 2038 (0x7fffffff)
[    7.472018] systemd[1]: Finished Remount Root and Kernel File Systems.
[    7.476055] systemd[1]: Condition check resulted in Rebuild Hardware Database being skipped.
[    7.478313] systemd[1]: Starting Platform Persistent Storage Archival...
[    7.481767] systemd[1]: Starting Load/Save Random Seed...
[    7.486030] ppdev: user-space parallel port driver
[    7.486840] systemd[1]: Starting Create System Users...
[    7.496180] systemd[1]: Finished Load/Save Random Seed.
[    7.499640] systemd[1]: Condition check resulted in First Boot Complete being skipped.
[    7.507028] systemd[1]: Finished Create System Users.
[    7.510833] systemd[1]: Starting Create Static Device Nodes in /dev...
[    7.514536] systemd[1]: Finished Platform Persistent Storage Archival.
[    7.518075] parport_pc 00:04: [io  0x0378-0x037b]
[    7.518089] parport_pc 00:04: [io  0x0278-0x027b]
[    7.518098] parport_pc 00:04: [io  0x03bc-0x03bf]
[    7.518107] parport_pc 00:04: [io  0x0378-0x037b]
[    7.520260] parport_pc 00:04: activated
[    7.522150] parport_pc 00:04: reported by Plug and Play ACPI
[    7.525989] systemd[1]: Finished Create Static Device Nodes in /dev.
[    7.528654] systemd[1]: Reached target Local File Systems (Pre).
[    7.532477] systemd[1]: Mounting /hugepages...
[    7.536714] systemd[1]: Starting Rule-based Manager for Device Events and Files...
[    7.540100] systemd[1]: Mounted /hugepages.
[    7.552740] systemd[1]: Finished Coldplug All udev Devices.
[    7.558034] systemd[1]: Starting Wait for udev To Complete Device Initialization...
[    7.572182] systemd[1]: Finished Load Kernel Modules.
[    7.577032] systemd[1]: Starting Apply Kernel Variables...
[    7.599355] systemd[1]: Started Journal Service.
[    7.608515] systemd-journald[238]: Received client request to flush runtime journal.
[    7.796507] ACPI: video: Video Device [VID] (multi-head: yes  rom: no  post: no)
[    7.804995] acpi device:2b: registered as cooling_device8
[    7.805288] input: Video Bus as /devices/LNXSYSTM:00/LNXSYBUS:00/PNP0A08:00/device:28/LNXVIDEO:00/input/input6
[    8.068741] wmi_bus wmi_bus-PNP0C14:00: WQBC data block query control method not found
[    8.225417] tpm_tis 00:06: 1.2 TPM (device-id 0x2001, rev-id 32)
[    8.238615] RAPL PMU: API unit is 2^-32 Joules, 3 fixed counters, 163840 ms ovfl timer
[    8.238619] RAPL PMU: hw unit of domain pp0-core 2^-16 Joules
[    8.238621] RAPL PMU: hw unit of domain package 2^-16 Joules
[    8.238622] RAPL PMU: hw unit of domain pp1-gpu 2^-16 Joules
[    8.310547] cryptd: max_cpu_qlen set to 1000
[    8.350340] i801_smbus 0000:00:1f.3: enabling device (0001 -> 0003)
[    8.350388] sdhci: Secure Digital Host Controller Interface driver
[    8.350391] sdhci: Copyright(c) Pierre Ossman
[    8.350474] e1000e: Intel(R) PRO/1000 Network Driver
[    8.350476] e1000e: Copyright(c) 1999 - 2015 Intel Corporation.
[    8.350507] cfg80211: Loading compiled-in X.509 certificates for regulatory database
[    8.350671] i801_smbus 0000:00:1f.3: SMBus using PCI interrupt
[    8.350728] e1000e 0000:00:19.0: Interrupt Throttling Rate (ints/sec) set to dynamic conservative mode
[    8.350913] cfg80211: Loaded X.509 cert 'sforshee: 00b28ddf47aef9cea7'
[    8.363658] i801_smbus 0000:00:1f.3: Accelerometer lis3lv02d is present on SMBus
[    8.363663] i2c i2c-0: 2/4 memory slots populated (from DMI)
[    8.364149] i2c i2c-0: Successfully instantiated SPD at 0x51
[    8.364603] i2c i2c-0: Successfully instantiated SPD at 0x53
[    8.415926] Intel(R) Wireless WiFi driver for Linux
[    8.415992] iwlwifi 0000:03:00.0: enabling device (0000 -> 0002)
[    8.416094] iwlwifi 0000:03:00.0: can't disable ASPM; OS doesn't have ASPM control
[    8.422124] sdhci-pci 0000:0b:00.1: SDHCI controller found [1217:8320] (rev 5)
[    8.422153] sdhci-pci 0000:0b:00.1: enabling device (0000 -> 0002)
[    8.422402] mmc0 bounce up to 128 segments into one, max segment size 65536 bytes
[    8.423178] mmc0: SDHCI controller on PCI [0000:0b:00.1] using DMA
[    8.432722] AVX version of gcm_enc/dec engaged.
[    8.432770] AES CTR mode by8 optimization enabled
[    8.446962] e1000e 0000:00:19.0 0000:00:19.0 (uninitialized): registered PHC clock
[    8.447348] iwlwifi 0000:03:00.0: loaded firmware version 9.221.4.1 build 25532 6000-6.ucode op_mode iwldvm
[    8.557278] e1000e 0000:00:19.0 eth0: (PCI Express:2.5GT/s:Width x1) d0:67:e5:39:15:9e
[    8.557285] e1000e 0000:00:19.0 eth0: Intel(R) PRO/1000 Network Connection
[    8.558211] e1000e 0000:00:19.0 eth0: MAC: 10, PHY: 11, PBA No: 1041FF-0FF
[    8.570870] XFS: attr2 mount option is deprecated.
[    8.573076] XFS (sdc1): Mounting V5 Filesystem
[    8.621233] XFS (sdc1): Starting recovery (logdev: internal)
[    9.122680] hid: raw HID events driver (C) Jiri Kosina
[    9.125112] at24 0-0051: supply vcc not found, using dummy regulator
[    9.126493] at24 0-0051: 256 byte spd EEPROM, read-only
[    9.126547] at24 0-0053: supply vcc not found, using dummy regulator
[    9.127146] at24 0-0053: 256 byte spd EEPROM, read-only
[    9.225937] dcdbas dcdbas: Dell Systems Management Base Driver (version 5.6.0-3.4)
[    9.252506] usbcore: registered new interface driver usbhid
[    9.252510] usbhid: USB HID core driver
[    9.300657] input: MOSART Semi. 2.4G Wireless Mouse as /devices/pci0000:00/0000:00:1d.0/usb2/2-1/2-1.2/2-1.2:1.0/0003:3938:1031.0001/input/input8
[    9.300814] input: MOSART Semi. 2.4G Wireless Mouse as /devices/pci0000:00/0000:00:1d.0/usb2/2-1/2-1.2/2-1.2:1.0/0003:3938:1031.0001/input/input9
[    9.300965] hid-generic 0003:3938:1031.0001: input,hiddev0,hidraw0: USB HID v1.10 Mouse [MOSART Semi. 2.4G Wireless Mouse] on usb-0000:00:1d.0-1.2/input0
[    9.343937] iwlwifi 0000:03:00.0: CONFIG_IWLWIFI_DEBUG disabled
[    9.343941] iwlwifi 0000:03:00.0: CONFIG_IWLWIFI_DEBUGFS enabled
[    9.343943] iwlwifi 0000:03:00.0: CONFIG_IWLWIFI_DEVICE_TRACING enabled
[    9.343945] iwlwifi 0000:03:00.0: Detected Intel(R) Centrino(R) Ultimate-N 6300 AGN, REV=0x74
[    9.375234] ieee80211 phy0: Selected rate control algorithm 'iwl-agn-rs'
[    9.442706] snd_hda_intel 0000:01:00.1: enabling device (0000 -> 0002)
[    9.442788] snd_hda_intel 0000:01:00.1: Force to non-snoop mode
[    9.470020] firewire_ohci 0000:0b:00.0: enabling device (0000 -> 0002)
[    9.470396] dell-smbios A80593CE-A997-11DA-B012-B622A1EF5492: WMI SMBIOS userspace interface not supported(0), try upgrading to a newer BIOS
[    9.502192] XFS (sdc1): Ending recovery (logdev: internal)
[    9.505088] xfs filesystem being mounted at /home supports timestamps until 2038 (0x7fffffff)
[    9.523057] firewire_ohci 0000:0b:00.0: added OHCI v1.10 device as card 0, 8 IR + 8 IT contexts, quirks 0x10
[    9.545124] mmc0: new high speed SDHC card at address 1234
[    9.714257] input: AlpsPS/2 ALPS DualPoint Stick as /devices/platform/i8042/serio1/input/input10
[    9.728621] input: AlpsPS/2 ALPS DualPoint TouchPad as /devices/platform/i8042/serio1/input/input7
[    9.880092] XFS: attr2 mount option is deprecated.
[    9.880649] XFS (sdb3): Mounting V5 Filesystem
[    9.973336] XFS (sdb3): Ending clean mount
[   10.031142] firewire_core 0000:0b:00.0: created device fw0: GUID 02734ec1464fc000, S400
[   10.558636] input: HDA ATI HDMI HDMI/DP,pcm=3 as /devices/pci0000:00/0000:00:01.0/0000:01:00.1/sound/card1/input11
[   10.558724] input: HDA ATI HDMI HDMI/DP,pcm=7 as /devices/pci0000:00/0000:00:01.0/0000:01:00.1/sound/card1/input12
[   10.558800] input: HDA ATI HDMI HDMI/DP,pcm=8 as /devices/pci0000:00/0000:00:01.0/0000:01:00.1/sound/card1/input13
[   10.558868] input: HDA ATI HDMI HDMI/DP,pcm=9 as /devices/pci0000:00/0000:00:01.0/0000:01:00.1/sound/card1/input14
[   10.558931] input: HDA ATI HDMI HDMI/DP,pcm=10 as /devices/pci0000:00/0000:00:01.0/0000:01:00.1/sound/card1/input15
[   10.558992] input: HDA ATI HDMI HDMI/DP,pcm=11 as /devices/pci0000:00/0000:00:01.0/0000:01:00.1/sound/card1/input16
[   10.567343] intel_rapl_common: Found RAPL domain package
[   10.567347] intel_rapl_common: Found RAPL domain core
[   10.567349] intel_rapl_common: Found RAPL domain uncore
[   10.567357] intel_rapl_common: RAPL package-0 domain package locked by BIOS
[   11.095592] Adding 33554428k swap on /dev/sdb1.  Priority:-2 extents:1 across:33554428k SSDscFS
[   11.135437] input: Dell WMI hotkeys as /devices/platform/PNP0C14:00/wmi_bus/wmi_bus-PNP0C14:00/9DBB5994-A997-11DA-B012-B622A1EF5492/input/input17
[   11.139729] mmcblk0: mmc0:1234 SA04G 3.68 GiB 
[   11.151145]  mmcblk0: p1
[   11.154125] snd_hda_codec_idt hdaudioC0D0: autoconfig for 92HD90BXX: line_outs=1 (0xe/0x0/0x0/0x0/0x0) type:line
[   11.154129] snd_hda_codec_idt hdaudioC0D0:    speaker_outs=1 (0xd/0x0/0x0/0x0/0x0)
[   11.154131] snd_hda_codec_idt hdaudioC0D0:    hp_outs=1 (0xb/0x0/0x0/0x0/0x0)
[   11.154133] snd_hda_codec_idt hdaudioC0D0:    mono: mono_out=0x0
[   11.154134] snd_hda_codec_idt hdaudioC0D0:    inputs:
[   11.193114] input: HDA Intel PCH Dock Line Out as /devices/pci0000:00/0000:00:1b.0/sound/card0/input18
[   11.193203] input: HDA Intel PCH Headphone as /devices/pci0000:00/0000:00:1b.0/sound/card0/input19
[   11.235623] dell_laptop: Using i8042 filter function for receiving events
[   12.716958] AMD-Vi: AMD IOMMUv2 driver by Joerg Roedel <jroedel@suse.de>
[   12.716961] AMD-Vi: AMD IOMMUv2 functionality not available on this system
[   13.858860] [drm] amdgpu kernel modesetting enabled.
[   13.859160] amdgpu: CRAT table not found
[   13.859163] amdgpu: Virtual CRAT table created for CPU
[   13.859177] amdgpu: Topology: Add CPU node
[   13.859269] checking generic (d0000000 7e9000) vs hw (d0000000 10000000)
[   13.859271] fb0: switching to amdgpudrmfb from EFI VGA
[   13.859484] Console: switching to colour dummy device 80x25
[   13.859524] amdgpu 0000:01:00.0: vgaarb: deactivate vga console
[   13.859626] [drm] initializing kernel modesetting (BONAIRE 0x1002:0x6640 0x1028:0x04A4 0x00).
[   13.859630] amdgpu 0000:01:00.0: amdgpu: Trusted Memory Zone (TMZ) feature not supported
[   13.860047] [drm] register mmio base: 0xE4100000
[   13.860048] [drm] register mmio size: 262144
[   13.860050] [drm] PCIE atomic ops is not supported
[   13.860055] [drm] add ip block number 0 <cik_common>
[   13.860057] [drm] add ip block number 1 <gmc_v7_0>
[   13.860058] [drm] add ip block number 2 <cik_ih>
[   13.860059] [drm] add ip block number 3 <gfx_v7_0>
[   13.860060] [drm] add ip block number 4 <cik_sdma>
[   13.860061] [drm] add ip block number 5 <powerplay>
[   13.860062] [drm] add ip block number 6 <dce_v8_0>
[   13.860063] [drm] add ip block number 7 <uvd_v4_2>
[   13.860064] [drm] add ip block number 8 <vce_v2_0>
[   13.860131] resource sanity check: requesting [mem 0x000c0000-0x000dffff], which spans more than PCI Bus 0000:00 [mem 0x000d0000-0x000dffff window]
[   13.860134] caller amdgpu_read_bios+0x3c/0xd0 [amdgpu] mapping multiple BARs
[   13.861420] amdgpu 0000:01:00.0: No more image in the PCI ROM
[   13.861442] amdgpu 0000:01:00.0: amdgpu: Fetched VBIOS from ROM BAR
[   13.861444] amdgpu: ATOM BIOS: BR44933.001
[   13.861454] amdgpu: Setting number of kernel compute queue to 8
[   13.861979] [drm] vm size is 64 GB, 2 levels, block size is 10-bit, fragment size is 9-bit
[   13.861990] amdgpu 0000:01:00.0: amdgpu: VRAM: 2048M 0x000000F400000000 - 0x000000F47FFFFFFF (2048M used)
[   13.861993] amdgpu 0000:01:00.0: amdgpu: GART: 1024M 0x000000FF00000000 - 0x000000FF3FFFFFFF
[   13.862000] [drm] Detected VRAM RAM=2048M, BAR=256M
[   13.862002] [drm] RAM width 128bits GDDR5
[   13.862045] [drm] amdgpu: 2048M of VRAM memory ready
[   13.862047] [drm] amdgpu: 3072M of GTT memory ready.
[   13.862050] [drm] GART: num cpu pages 262144, num gpu pages 262144
[   13.862521] [drm] PCIE GART of 1024M enabled (table at 0x000000F4007E9000).
[   13.863192] amdgpu: hwmgr_sw_init smu backed is ci_smu
[   14.396502] [drm] amdgpu atom DIG backlight initialized
[   14.396519] [drm] AMDGPU Display Connectors
[   14.396520] [drm] Connector 0:
[   14.396522] [drm]   LVDS-1
[   14.396523] [drm]   DDC: 0x195c 0x195c 0x195d 0x195d 0x195e 0x195e 0x195f 0x195f
[   14.396525] [drm]   Encoders:
[   14.396526] [drm]     LCD1: INTERNAL_UNIPHY
[   14.396527] [drm] Connector 1:
[   14.396527] [drm]   DP-1
[   14.396528] [drm]   HPD1
[   14.396529] [drm]   DDC: 0x194c 0x194c 0x194d 0x194d 0x194e 0x194e 0x194f 0x194f
[   14.396530] [drm]   Encoders:
[   14.396531] [drm]     DFP1: INTERNAL_UNIPHY1
[   14.396532] [drm] Connector 2:
[   14.396532] [drm]   DP-2
[   14.396533] [drm]   HPD2
[   14.396534] [drm]   DDC: 0x1950 0x1950 0x1951 0x1951 0x1952 0x1952 0x1953 0x1953
[   14.396535] [drm]   Encoders:
[   14.396536] [drm]     DFP2: INTERNAL_UNIPHY1
[   14.396536] [drm] Connector 3:
[   14.396537] [drm]   DP-3
[   14.396537] [drm]   HPD3
[   14.396538] [drm]   DDC: 0x1954 0x1954 0x1955 0x1955 0x1956 0x1956 0x1957 0x1957
[   14.396540] [drm]   Encoders:
[   14.396540] [drm]     DFP3: INTERNAL_UNIPHY2
[   14.396541] [drm] Connector 4:
[   14.396542] [drm]   VGA-1
[   14.396542] [drm]   DDC: 0x1970 0x1970 0x1971 0x1971 0x1972 0x1972 0x1973 0x1973
[   14.396544] [drm]   Encoders:
[   14.396544] [drm]     CRT1: INTERNAL_KLDSCP_DAC1
[   14.396554] [drm] Found UVD firmware Version: 1.64 Family ID: 9
[   14.396989] [drm] Found VCE firmware Version: 50.10 Binary ID: 2
[   14.397495] [drm] PCIE gen 2 link speeds already enabled
[   14.430462] [drm] UVD initialized successfully.
[   14.550502] [drm] VCE initialized successfully.
[   14.553230] kfd kfd: amdgpu: Allocated 3969056 bytes on gart
[   14.553317] amdgpu: SW scheduler is used
[   14.553335] amdgpu: SRAT table not found
[   14.553336] amdgpu: Virtual CRAT table created for GPU
[   14.553401] amdgpu: Topology: Add dGPU node [0x6640:0x1002]
[   14.553404] kfd kfd: amdgpu: added device 1002:6640
[   14.553407] amdgpu 0000:01:00.0: amdgpu: SE 2, SH per SE 1, CU per SH 7, active_cu_number 12
[   15.950207] [drm] fb mappable at 0xD0BD4000
[   15.950212] [drm] vram apper at 0xD0000000
[   15.950213] [drm] size 8294400
[   15.950214] [drm] fb depth is 24
[   15.950215] [drm]    pitch is 7680
[   15.950307] fbcon: amdgpu (fb0) is primary device
[   16.498110] Console: switching to colour frame buffer device 240x67
[   16.502483] amdgpu 0000:01:00.0: [drm] fb0: amdgpu frame buffer device
[   16.527951] [drm] Initialized amdgpu 3.42.0 20150101 for 0000:01:00.0 on minor 0
[   18.078993] iwlwifi 0000:03:00.0: Radio type=0x0-0x3-0x1
[   18.330222] iwlwifi 0000:03:00.0: Radio type=0x0-0x3-0x1
[   18.916312] hrtimer: interrupt took 3831424 ns
[   19.518171] bpfilter: Loaded bpfilter_umh pid 2572
[   19.518372] Started bpfilter
[   21.771912] e1000e 0000:00:19.0 eth0: NIC Link is Up 1000 Mbps Full Duplex, Flow Control: Rx/Tx
[   68.027217] Guest personality initialized and is inactive
[   68.027302] VMCI host device registered (name=vmci, major=10, minor=120)
[   68.027305] Initialized host personality
[   68.062947] NET: Registered PF_VSOCK protocol family
[   94.769279] device eth0 entered promiscuous mode
[  127.042898] DKLM: Valid system, Dragon kernel license activated!
[  127.042903] DKLM: Unlimited User License, registered to: Andy Lavr <andy.lavr@gmail.com>
[  149.230438] APFS: FS Version 2.0-dragon
[  152.859000] ntfs3: Index binary search
[  152.859004] ntfs3: Hot fix free clusters
[  152.859004] ntfs3: Max link count 1024
[  152.859006] ntfs3: Enabled Linux POSIX ACLs support
[  152.859007] ntfs3: Activated 32 bits per cluster
[  152.859008] ntfs3: Read-only lzx/xpress compression included
</pre>
</body>
</html>
